[0.005s][info][gc] Using G1
[11.297s][info][gc] GC(0) Pause Young (Normal) (G1 Evacuation Pause) 6M->3M(12M) 2.129ms
[11.329s][info][gc] GC(1) Pause Young (Normal) (G1 Evacuation Pause) 5M->4M(12M) 1.523ms
[11.336s][info][gc] GC(2) Pause Young (Normal) (G1 Evacuation Pause) 5M->4M(12M) 0.782ms
[11.365s][info][gc] GC(3) Pause Young (Normal) (G1 Evacuation Pause) 6M->4M(12M) 0.713ms
[11.392s][info][gc] GC(4) Pause Young (Normal) (G1 Evacuation Pause) 6M->5M(12M) 0.787ms
[11.412s][info][gc] GC(5) Pause Young (Normal) (G1 Evacuation Pause) 8M->6M(12M) 1.733ms
[11.422s][info][gc] GC(6) Pause Young (Concurrent Start) (G1 Evacuation Pause) 8M->7M(12M) 1.203ms
[11.422s][info][gc] GC(7) Concurrent Mark Cycle
[11.425s][info][gc] GC(7) Pause Remark 7M->7M(12M) 1.534ms
[11.427s][info][gc] GC(7) Pause Cleanup 7M->7M(12M) 0.022ms
[11.427s][info][gc] GC(7) Concurrent Mark Cycle 4.447ms
[11.429s][info][gc] GC(8) Pause Young (Prepare Mixed) (G1 Evacuation Pause) 8M->7M(12M) 0.975ms
[11.463s][info][gc] GC(9) Pause Young (Mixed) (G1 Evacuation Pause) (Evacuation Failure) 8M->9M(12M) 2.554ms
[11.471s][info][gc] GC(10) Pause Full (G1 Compaction Pause) 9M->4M(12M) 8.206ms
[14.915s][info][gc] GC(11) Pause Young (Normal) (G1 Evacuation Pause) 6M->5M(12M) 0.919ms
[14.934s][info][gc] GC(12) Pause Young (Normal) (G1 Evacuation Pause) 7M->5M(12M) 0.684ms
[14.980s][info][gc] GC(13) Pause Young (Concurrent Start) (G1 Evacuation Pause) 7M->5M(12M) 0.868ms
[14.980s][info][gc] GC(14) Concurrent Mark Cycle
[14.983s][info][gc] GC(14) Pause Remark 5M->5M(12M) 1.048ms
[14.983s][info][gc] GC(14) Pause Cleanup 5M->5M(12M) 0.017ms
[14.983s][info][gc] GC(14) Concurrent Mark Cycle 2.966ms
[15.031s][info][gc] GC(15) Pause Young (Prepare Mixed) (G1 Evacuation Pause) 7M->6M(12M) 1.256ms
[16.060s][info][gc] GC(16) Pause Young (Mixed) (G1 Evacuation Pause) 8M->6M(12M) 1.635ms
[25.062s][info][gc] GC(17) Pause Young (Concurrent Start) (G1 Evacuation Pause) 8M->6M(12M) 1.072ms
[25.062s][info][gc] GC(18) Concurrent Mark Cycle
[25.066s][info][gc] GC(18) Pause Remark 6M->6M(12M) 2.203ms
[25.066s][info][gc] GC(18) Pause Cleanup 6M->6M(12M) 0.020ms
[25.066s][info][gc] GC(18) Concurrent Mark Cycle 4.134ms
[30.618s][info][gc] GC(19) Pause Young (Prepare Mixed) (G1 Evacuation Pause) 10M->7M(12M) 0.721ms
[30.620s][info][gc] GC(20) Pause Young (Mixed) (G1 Evacuation Pause) 9M->7M(12M) 0.956ms
[30.622s][info][gc] GC(21) Pause Young (Concurrent Start) (G1 Evacuation Pause) 9M->7M(12M) 0.457ms
[30.622s][info][gc] GC(22) Concurrent Mark Cycle
[30.626s][info][gc] GC(22) Pause Remark 8M->8M(12M) 2.228ms
[30.626s][info][gc] GC(23) Pause Young (Normal) (G1 Evacuation Pause) 9M->7M(12M) 0.433ms
[30.627s][info][gc] GC(22) Pause Cleanup 7M->7M(12M) 0.018ms
[30.627s][info][gc] GC(22) Concurrent Mark Cycle 4.416ms
[30.628s][info][gc] GC(24) Pause Young (Prepare Mixed) (G1 Evacuation Pause) 9M->7M(12M) 0.383ms
[30.630s][info][gc] GC(25) Pause Young (Mixed) (G1 Evacuation Pause) 9M->7M(12M) 0.816ms
[30.632s][info][gc] GC(26) Pause Young (Concurrent Start) (G1 Evacuation Pause) 9M->7M(12M) 0.335ms
[30.632s][info][gc] GC(27) Concurrent Mark Cycle
[30.635s][info][gc] GC(27) Pause Remark 8M->8M(12M) 1.648ms
[30.635s][info][gc] GC(27) Pause Cleanup 9M->9M(12M) 0.014ms
[30.635s][info][gc] GC(27) Concurrent Mark Cycle 3.228ms
[30.636s][info][gc] GC(28) Pause Young (Normal) (G1 Evacuation Pause) 9M->7M(12M) 0.240ms
[30.636s][info][gc] GC(29) Pause Young (Concurrent Start) (G1 Evacuation Pause) 8M->7M(12M) 0.217ms
[30.636s][info][gc] GC(30) Concurrent Mark Cycle
[30.638s][info][gc] GC(31) Pause Young (Normal) (G1 Evacuation Pause) 8M->7M(12M) 0.200ms
[30.639s][info][gc] GC(30) Pause Remark 7M->7M(12M) 1.291ms
[30.640s][info][gc] GC(30) Pause Cleanup 8M->8M(12M) 0.016ms
[30.640s][info][gc] GC(30) Concurrent Mark Cycle 3.195ms
[30.640s][info][gc] GC(32) Pause Young (Prepare Mixed) (G1 Evacuation Pause) 8M->7M(12M) 0.154ms
[30.641s][info][gc] GC(33) Pause Young (Mixed) (G1 Evacuation Pause) 8M->7M(12M) 0.598ms
[30.642s][info][gc] GC(34) Pause Young (Concurrent Start) (G1 Evacuation Pause) 8M->7M(12M) 0.229ms
[30.642s][info][gc] GC(35) Concurrent Mark Cycle
[30.643s][info][gc] GC(36) Pause Young (Normal) (G1 Evacuation Pause) 8M->7M(12M) 0.175ms
[30.644s][info][gc] GC(35) Pause Remark 7M->7M(12M) 0.743ms
[30.644s][info][gc] GC(35) Pause Cleanup 8M->8M(12M) 0.015ms
[30.644s][info][gc] GC(35) Concurrent Mark Cycle 2.255ms
[30.644s][info][gc] GC(37) Pause Young (Normal) (G1 Evacuation Pause) 8M->7M(12M) 0.157ms
[30.645s][info][gc] GC(38) Pause Young (Concurrent Start) (G1 Evacuation Pause) 8M->7M(12M) 0.216ms
[30.645s][info][gc] GC(39) Concurrent Mark Cycle
[30.648s][info][gc] GC(40) Pause Young (Normal) (G1 Evacuation Pause) 8M->7M(12M) 0.181ms
[30.649s][info][gc] GC(39) Pause Remark 7M->7M(12M) 0.681ms
[30.649s][info][gc] GC(39) Pause Cleanup 8M->8M(12M) 0.014ms
[30.649s][info][gc] GC(39) Concurrent Mark Cycle 3.675ms
[30.649s][info][gc] GC(41) Pause Young (Normal) (G1 Evacuation Pause) 8M->7M(12M) 0.154ms
[30.650s][info][gc] GC(42) Pause Young (Concurrent Start) (G1 Humongous Allocation) 8M->7M(12M) 0.214ms
[30.650s][info][gc] GC(43) Concurrent Mark Cycle
[30.651s][info][gc] GC(43) Pause Remark 8M->8M(12M) 0.661ms
[30.652s][info][gc] GC(43) Pause Cleanup 8M->8M(12M) 0.015ms
[30.652s][info][gc] GC(43) Concurrent Mark Cycle 1.786ms
[34.062s][info][gc] GC(44) Pause Young (Normal) (G1 Evacuation Pause) 9M->6M(12M) 0.487ms
[52.070s][info][gc] GC(45) Pause Young (Concurrent Start) (G1 Evacuation Pause) 8M->6M(12M) 0.614ms
[52.070s][info][gc] GC(46) Concurrent Mark Cycle
[52.073s][info][gc] GC(46) Pause Remark 6M->6M(12M) 1.406ms
[52.074s][info][gc] GC(46) Pause Cleanup 6M->6M(12M) 0.019ms
[52.074s][info][gc] GC(46) Concurrent Mark Cycle 3.518ms
[71.095s][info][gc] GC(47) Pause Young (Prepare Mixed) (G1 Evacuation Pause) 8M->6M(12M) 0.499ms
[91.090s][info][gc] GC(48) Pause Young (Mixed) (G1 Evacuation Pause) 8M->5M(12M) 0.989ms
[101.591s][info][gc] GC(49) Pause Young (Concurrent Start) (G1 Humongous Allocation) 6M->5M(12M) 0.558ms
[101.591s][info][gc] GC(50) Concurrent Mark Cycle
[101.594s][info][gc] GC(50) Pause Remark 6M->6M(12M) 1.537ms
[101.594s][info][gc] GC(50) Pause Cleanup 6M->6M(12M) 0.017ms
[101.594s][info][gc] GC(50) Concurrent Mark Cycle 3.379ms
[132.104s][info][gc] GC(51) Pause Young (Normal) (G1 Evacuation Pause) 9M->5M(12M) 0.502ms
[161.166s][info][gc] GC(52) Pause Young (Concurrent Start) (G1 Evacuation Pause) 8M->5M(12M) 0.667ms
[161.166s][info][gc] GC(53) Concurrent Mark Cycle
[161.169s][info][gc] GC(53) Pause Remark 5M->5M(12M) 1.403ms
[161.170s][info][gc] GC(53) Pause Cleanup 5M->5M(12M) 0.016ms
[161.170s][info][gc] GC(53) Concurrent Mark Cycle 3.309ms
[192.190s][info][gc] GC(54) Pause Young (Normal) (G1 Evacuation Pause) 8M->5M(12M) 0.525ms
[223.214s][info][gc] GC(55) Pause Young (Concurrent Start) (G1 Evacuation Pause) 8M->5M(12M) 1.063ms
[223.214s][info][gc] GC(56) Concurrent Mark Cycle
[223.217s][info][gc] GC(56) Pause Remark 5M->5M(12M) 1.831ms
[223.218s][info][gc] GC(56) Pause Cleanup 5M->5M(12M) 0.015ms
[223.218s][info][gc] GC(56) Concurrent Mark Cycle 3.790ms
[254.237s][info][gc] GC(57) Pause Young (Normal) (G1 Evacuation Pause) 8M->5M(12M) 0.468ms
[286.164s][info][gc] GC(58) Pause Young (Concurrent Start) (G1 Evacuation Pause) 8M->5M(12M) 0.663ms
[286.164s][info][gc] GC(59) Concurrent Mark Cycle
[286.167s][info][gc] GC(59) Pause Remark 5M->5M(12M) 1.578ms
[286.168s][info][gc] GC(59) Pause Cleanup 5M->5M(12M) 0.016ms
[286.168s][info][gc] GC(59) Concurrent Mark Cycle 3.640ms
[316.294s][info][gc] GC(60) Pause Young (Normal) (G1 Evacuation Pause) 8M->5M(12M) 0.573ms
[347.324s][info][gc] GC(61) Pause Young (Concurrent Start) (G1 Evacuation Pause) 8M->5M(12M) 0.535ms
[347.324s][info][gc] GC(62) Concurrent Mark Cycle
[347.327s][info][gc] GC(62) Pause Remark 5M->5M(12M) 1.877ms
[347.328s][info][gc] GC(62) Pause Cleanup 5M->5M(12M) 0.020ms
[347.328s][info][gc] GC(62) Concurrent Mark Cycle 3.735ms
[378.348s][info][gc] GC(63) Pause Young (Normal) (G1 Evacuation Pause) 8M->5M(12M) 0.518ms
[378.367s][info][gc] GC(64) Pause Young (Concurrent Start) (G1 Humongous Allocation) 5M->5M(12M) 0.530ms
[378.367s][info][gc] GC(65) Concurrent Mark Cycle
[378.370s][info][gc] GC(65) Pause Remark 6M->6M(12M) 1.514ms
[378.370s][info][gc] GC(65) Pause Cleanup 6M->6M(12M) 0.017ms
[378.370s][info][gc] GC(65) Concurrent Mark Cycle 3.207ms
[407.220s][info][gc] GC(66) Pause Young (Normal) (G1 Evacuation Pause) 9M->6M(12M) 0.684ms
[428.230s][info][gc] GC(67) Pause Young (Concurrent Start) (G1 Evacuation Pause) 8M->6M(12M) 0.566ms
[428.230s][info][gc] GC(68) Concurrent Mark Cycle
[428.234s][info][gc] GC(68) Pause Remark 6M->6M(12M) 2.682ms
[428.234s][info][gc] GC(68) Pause Cleanup 6M->6M(12M) 0.017ms
[428.234s][info][gc] GC(68) Concurrent Mark Cycle 4.557ms
[444.395s][info][gc] GC(69) Pause Young (Normal) (G1 Evacuation Pause) 8M->5M(12M) 0.589ms
[475.420s][info][gc] GC(70) Pause Young (Concurrent Start) (G1 Evacuation Pause) 8M->5M(12M) 0.564ms
[475.420s][info][gc] GC(71) Concurrent Mark Cycle
[475.424s][info][gc] GC(71) Pause Remark 5M->5M(12M) 2.478ms
[475.425s][info][gc] GC(71) Pause Cleanup 5M->5M(12M) 0.015ms
[475.425s][info][gc] GC(71) Concurrent Mark Cycle 4.473ms
[506.445s][info][gc] GC(72) Pause Young (Normal) (G1 Evacuation Pause) 8M->5M(12M) 0.522ms
[538.467s][info][gc] GC(73) Pause Young (Concurrent Start) (G1 Evacuation Pause) 8M->5M(12M) 0.538ms
[538.467s][info][gc] GC(74) Concurrent Mark Cycle
[538.472s][info][gc] GC(74) Pause Remark 5M->5M(12M) 2.330ms
[538.473s][info][gc] GC(74) Pause Cleanup 5M->5M(12M) 0.017ms
[538.473s][info][gc] GC(74) Concurrent Mark Cycle 5.434ms
