[2025-11-19T01:37:21.779+0500][info][gc] Using Serial
[2025-11-19T01:37:21.854+0500][info][gc] GC(0) Pause Young (Allocation Failure) 3M->1M(11M) 1.650ms
[2025-11-19T01:37:50.315+0500][info][gc] GC(1) Pause Young (Allocation Failure) 4M->4M(11M) 1.978ms
[2025-11-19T01:37:50.319+0500][info][gc] GC(2) Pause Young (Allocation Failure) 7M->4M(11M) 0.399ms
[2025-11-19T01:37:50.321+0500][info][gc] GC(3) Pause Young (Allocation Failure) 7M->4M(11M) 0.058ms
[2025-11-19T01:37:50.324+0500][info][gc] GC(4) Pause Young (Allocation Failure) 7M->4M(11M) 0.148ms
[2025-11-19T01:37:50.326+0500][info][gc] GC(5) Pause Young (Allocation Failure) 7M->5M(11M) 0.219ms
[2025-11-19T01:37:50.328+0500][info][gc] GC(6) Pause Young (Allocation Failure) 8M->5M(11M) 0.046ms
[2025-11-19T01:37:50.333+0500][info][gc] GC(7) Pause Young (Allocation Failure) 8M->5M(11M) 0.060ms
[2025-11-19T01:37:50.335+0500][info][gc] GC(8) Pause Young (Allocation Failure) 8M->5M(11M) 0.209ms
[2025-11-19T01:37:50.337+0500][info][gc] GC(9) Pause Young (Allocation Failure) 8M->5M(11M) 0.209ms
[2025-11-19T01:42:11.714+0500][info][gc] GC(10) Pause Young (Allocation Failure) 8M->5M(11M) 0.208ms
