[0.007s][info][gc] Using The Z Garbage Collector
[0.144s][info][gc] GC(0) Garbage Collection (Warmup) 6M(30%)->6M(30%)
[0.233s][info][gc] GC(1) Garbage Collection (Warmup) 6M(30%)->4M(20%)
[12.641s][info][gc] GC(2) Garbage Collection (Warmup) 6M(30%)->4M(20%)
[15.941s][info][gc] GC(3) Garbage Collection (Proactive) 8M(40%)->8M(40%)
[41.941s][info][gc] Relocation Stall (Attach Listener) 0.825ms
[41.941s][info][gc] Allocation Stall (Attach Listener) 5.328ms
[41.942s][info][gc] Relocation Stall (Common-Cleaner) 0.872ms
[41.942s][info][gc] GC(4) Garbage Collection (Allocation Rate) 18M(90%)->14M(70%)
[41.942s][info][gc] Allocation Stall (Common-Cleaner) 1.826ms
[42.054s][info][gc] GC(5) Garbage Collection (Allocation Stall) 18M(90%)->10M(50%)
[42.130s][info][gc] GC(6) Garbage Collection (Allocation Rate) 10M(50%)->8M(40%)
[42.230s][info][gc] GC(7) Garbage Collection (Allocation Rate) 8M(40%)->8M(40%)
[42.329s][info][gc] GC(8) Garbage Collection (Allocation Rate) 8M(40%)->8M(40%)
[42.430s][info][gc] GC(9) Garbage Collection (Allocation Rate) 8M(40%)->8M(40%)
[42.531s][info][gc] GC(10) Garbage Collection (Allocation Rate) 8M(40%)->8M(40%)
[42.630s][info][gc] GC(11) Garbage Collection (Allocation Rate) 8M(40%)->8M(40%)
[43.430s][info][gc] GC(12) Garbage Collection (Allocation Rate) 8M(40%)->8M(40%)
[43.531s][info][gc] GC(13) Garbage Collection (Allocation Rate) 8M(40%)->8M(40%)
[43.630s][info][gc] GC(14) Garbage Collection (Allocation Rate) 8M(40%)->8M(40%)
[102.131s][info][gc] GC(15) Garbage Collection (Proactive) 10M(50%)->8M(40%)
[128.415s][info][gc] Allocation Stall (Common-Cleaner) 0.294ms
[128.415s][info][gc] Allocation Stall (main) 5.747ms
[128.416s][info][gc] GC(16) Garbage Collection (Allocation Stall) 20M(100%)->12M(60%)
[128.425s][info][gc] Allocation Stall (main) 5.052ms
[128.425s][info][gc] GC(17) Garbage Collection (Allocation Stall) 20M(100%)->14M(70%)
[128.434s][info][gc] Allocation Stall (main) 4.409ms
[128.434s][info][gc] Relocation Stall (main) 0.003ms
[128.434s][info][gc] GC(18) Garbage Collection (Allocation Stall) 20M(100%)->16M(80%)
[128.530s][info][gc] GC(19) Garbage Collection (Allocation Rate) 18M(90%)->8M(40%)
[128.629s][info][gc] GC(20) Garbage Collection (Allocation Rate) 8M(40%)->8M(40%)
[128.730s][info][gc] GC(21) Garbage Collection (Allocation Rate) 8M(40%)->8M(40%)
[128.828s][info][gc] GC(22) Garbage Collection (Allocation Rate) 8M(40%)->8M(40%)
[128.929s][info][gc] GC(23) Garbage Collection (Allocation Rate) 8M(40%)->8M(40%)
[129.030s][info][gc] GC(24) Garbage Collection (Allocation Rate) 8M(40%)->8M(40%)
[129.130s][info][gc] GC(25) Garbage Collection (Allocation Rate) 8M(40%)->8M(40%)
[129.229s][info][gc] GC(26) Garbage Collection (Allocation Rate) 8M(40%)->8M(40%)
[129.530s][info][gc] GC(27) Garbage Collection (Allocation Rate) 8M(40%)->8M(40%)
[129.631s][info][gc] GC(28) Garbage Collection (Allocation Rate) 8M(40%)->8M(40%)
[129.730s][info][gc] GC(29) Garbage Collection (Allocation Rate) 8M(40%)->8M(40%)
[129.829s][info][gc] GC(30) Garbage Collection (Allocation Rate) 8M(40%)->8M(40%)
[129.929s][info][gc] GC(31) Garbage Collection (Allocation Rate) 8M(40%)->8M(40%)
[130.029s][info][gc] GC(32) Garbage Collection (Allocation Rate) 8M(40%)->8M(40%)
[130.130s][info][gc] GC(33) Garbage Collection (Allocation Rate) 8M(40%)->8M(40%)
[130.229s][info][gc] GC(34) Garbage Collection (Allocation Rate) 8M(40%)->8M(40%)
[188.430s][info][gc] GC(35) Garbage Collection (Proactive) 10M(50%)->8M(40%)
[248.431s][info][gc] GC(36) Garbage Collection (Proactive) 10M(50%)->8M(40%)
[308.431s][info][gc] GC(37) Garbage Collection (Proactive) 10M(50%)->8M(40%)
[368.430s][info][gc] GC(38) Garbage Collection (Proactive) 10M(50%)->8M(40%)
[408.731s][info][gc] GC(39) Garbage Collection (Proactive) 12M(60%)->12M(60%)
[519.434s][info][gc] Allocation Stall (Attach Listener) 7.840ms
[519.434s][info][gc] Allocation Stall (Reference Handler) 0.459ms
[519.434s][info][gc] Allocation Stall (Common-Cleaner) 0.459ms
[519.435s][info][gc] GC(40) Garbage Collection (Allocation Rate) 20M(100%)->12M(60%)
[519.541s][info][gc] GC(41) Garbage Collection (Allocation Stall) 18M(90%)->12M(60%)
[519.635s][info][gc] GC(42) Garbage Collection (Allocation Rate) 12M(60%)->10M(50%)
[519.732s][info][gc] GC(43) Garbage Collection (Allocation Rate) 10M(50%)->10M(50%)
[519.835s][info][gc] GC(44) Garbage Collection (Allocation Rate) 10M(50%)->10M(50%)
[519.934s][info][gc] GC(45) Garbage Collection (Allocation Rate) 10M(50%)->10M(50%)
[520.032s][info][gc] GC(46) Garbage Collection (Allocation Rate) 10M(50%)->12M(60%)
[520.133s][info][gc] GC(47) Garbage Collection (Allocation Rate) 12M(60%)->10M(50%)
[520.231s][info][gc] GC(48) Garbage Collection (Allocation Rate) 10M(50%)->10M(50%)
[520.635s][info][gc] GC(49) Garbage Collection (Allocation Rate) 14M(70%)->12M(60%)
[520.738s][info][gc] GC(50) Garbage Collection (Allocation Rate) 12M(60%)->10M(50%)
[521.635s][info][gc] GC(51) Garbage Collection (Proactive) 12M(60%)->10M(50%)
[522.534s][info][gc] GC(52) Garbage Collection (Proactive) 12M(60%)->10M(50%)
[523.533s][info][gc] GC(53) Garbage Collection (Proactive) 12M(60%)->10M(50%)
[524.533s][info][gc] GC(54) Garbage Collection (Proactive) 12M(60%)->10M(50%)
[525.535s][info][gc] GC(55) Garbage Collection (Proactive) 12M(60%)->10M(50%)
[526.535s][info][gc] GC(56) Garbage Collection (Proactive) 12M(60%)->10M(50%)
[527.535s][info][gc] GC(57) Garbage Collection (Proactive) 12M(60%)->10M(50%)
[528.538s][info][gc] GC(58) Garbage Collection (Proactive) 12M(60%)->10M(50%)
[529.535s][info][gc] GC(59) Garbage Collection (Proactive) 12M(60%)->10M(50%)
[530.534s][info][gc] GC(60) Garbage Collection (Proactive) 12M(60%)->10M(50%)
[531.535s][info][gc] GC(61) Garbage Collection (Proactive) 12M(60%)->10M(50%)
[532.533s][info][gc] GC(62) Garbage Collection (Proactive) 12M(60%)->10M(50%)
[533.533s][info][gc] GC(63) Garbage Collection (Proactive) 12M(60%)->10M(50%)
[534.534s][info][gc] GC(64) Garbage Collection (Proactive) 12M(60%)->12M(60%)
[540.535s][info][gc] GC(65) Garbage Collection (Proactive) 14M(70%)->12M(60%)
[546.332s][info][gc] GC(66) Garbage Collection (Proactive) 14M(70%)->14M(70%)
[555.538s][info][gc] GC(67) Garbage Collection (Proactive) 16M(80%)->12M(60%)
[566.633s][info][gc] GC(68) Garbage Collection (Proactive) 14M(70%)->10M(50%)
[567.534s][info][gc] GC(69) Garbage Collection (Proactive) 12M(60%)->12M(60%)
[573.634s][info][gc] GC(70) Garbage Collection (Proactive) 14M(70%)->10M(50%)
[574.535s][info][gc] GC(71) Garbage Collection (Proactive) 12M(60%)->12M(60%)
[585.634s][info][gc] GC(72) Garbage Collection (Proactive) 14M(70%)->10M(50%)
[586.536s][info][gc] GC(73) Garbage Collection (Proactive) 12M(60%)->10M(50%)
[587.234s][info][gc] GC(74) Garbage Collection (Proactive) 12M(60%)->10M(50%)
[587.934s][info][gc] GC(75) Garbage Collection (Proactive) 12M(60%)->10M(50%)
[588.535s][info][gc] GC(76) Garbage Collection (Proactive) 12M(60%)->10M(50%)
[589.136s][info][gc] GC(77) Garbage Collection (Proactive) 12M(60%)->10M(50%)
[589.734s][info][gc] GC(78) Garbage Collection (Proactive) 12M(60%)->10M(50%)
[590.536s][info][gc] GC(79) Garbage Collection (Proactive) 12M(60%)->10M(50%)
[591.140s][info][gc] GC(80) Garbage Collection (Proactive) 12M(60%)->10M(50%)
[592.234s][info][gc] GC(81) Garbage Collection (Proactive) 12M(60%)->10M(50%)
[593.135s][info][gc] GC(82) Garbage Collection (Proactive) 12M(60%)->10M(50%)
[593.936s][info][gc] GC(83) Garbage Collection (Proactive) 12M(60%)->10M(50%)
[594.633s][info][gc] GC(84) Garbage Collection (Proactive) 12M(60%)->10M(50%)
[595.536s][info][gc] GC(85) Garbage Collection (Proactive) 12M(60%)->12M(60%)
[606.636s][info][gc] GC(86) Garbage Collection (Proactive) 14M(70%)->10M(50%)
[607.634s][info][gc] GC(87) Garbage Collection (Proactive) 12M(60%)->10M(50%)
[608.634s][info][gc] GC(88) Garbage Collection (Proactive) 12M(60%)->10M(50%)
[609.533s][info][gc] GC(89) Garbage Collection (Proactive) 12M(60%)->12M(60%)
[624.635s][info][gc] GC(90) Garbage Collection (Proactive) 14M(70%)->10M(50%)
[625.633s][info][gc] GC(91) Garbage Collection (Proactive) 12M(60%)->10M(50%)
[626.633s][info][gc] GC(92) Garbage Collection (Proactive) 12M(60%)->10M(50%)
[627.635s][info][gc] GC(93) Garbage Collection (Proactive) 12M(60%)->10M(50%)
[628.633s][info][gc] GC(94) Garbage Collection (Proactive) 12M(60%)->10M(50%)
[629.634s][info][gc] GC(95) Garbage Collection (Proactive) 12M(60%)->10M(50%)
[630.633s][info][gc] GC(96) Garbage Collection (Proactive) 12M(60%)->10M(50%)
[631.636s][info][gc] GC(97) Garbage Collection (Proactive) 12M(60%)->10M(50%)
[632.634s][info][gc] GC(98) Garbage Collection (Proactive) 12M(60%)->10M(50%)
[633.632s][info][gc] GC(99) Garbage Collection (Proactive) 12M(60%)->10M(50%)
[634.634s][info][gc] GC(100) Garbage Collection (Proactive) 12M(60%)->10M(50%)
[635.633s][info][gc] GC(101) Garbage Collection (Proactive) 12M(60%)->10M(50%)
[636.634s][info][gc] GC(102) Garbage Collection (Proactive) 12M(60%)->10M(50%)
[637.632s][info][gc] GC(103) Garbage Collection (Proactive) 12M(60%)->10M(50%)
[638.634s][info][gc] GC(104) Garbage Collection (Proactive) 12M(60%)->10M(50%)
[639.535s][info][gc] GC(105) Garbage Collection (Proactive) 12M(60%)->10M(50%)
[640.133s][info][gc] GC(106) Garbage Collection (Proactive) 12M(60%)->10M(50%)
[640.733s][info][gc] GC(107) Garbage Collection (Proactive) 12M(60%)->10M(50%)
[641.633s][info][gc] GC(108) Garbage Collection (Proactive) 12M(60%)->10M(50%)
[642.635s][info][gc] GC(109) Garbage Collection (Proactive) 12M(60%)->10M(50%)
[643.639s][info][gc] GC(110) Garbage Collection (Proactive) 12M(60%)->10M(50%)
[644.833s][info][gc] GC(111) Garbage Collection (Proactive) 12M(60%)->10M(50%)
[645.834s][info][gc] GC(112) Garbage Collection (Proactive) 12M(60%)->10M(50%)
[646.634s][info][gc] GC(113) Garbage Collection (Proactive) 12M(60%)->10M(50%)
[647.636s][info][gc] GC(114) Garbage Collection (Proactive) 12M(60%)->10M(50%)
[648.633s][info][gc] GC(115) Garbage Collection (Proactive) 12M(60%)->10M(50%)
[649.641s][info][gc] GC(116) Garbage Collection (Proactive) 12M(60%)->10M(50%)
[651.133s][info][gc] GC(117) Garbage Collection (Proactive) 12M(60%)->10M(50%)
[652.333s][info][gc] GC(118) Garbage Collection (Proactive) 12M(60%)->10M(50%)
[653.133s][info][gc] GC(119) Garbage Collection (Proactive) 12M(60%)->10M(50%)
[653.832s][info][gc] GC(120) Garbage Collection (Proactive) 12M(60%)->10M(50%)
[654.643s][info][gc] GC(121) Garbage Collection (Proactive) 12M(60%)->10M(50%)
[656.433s][info][gc] GC(122) Garbage Collection (Proactive) 12M(60%)->10M(50%)
[657.832s][info][gc] GC(123) Garbage Collection (Proactive) 12M(60%)->10M(50%)
[658.833s][info][gc] GC(124) Garbage Collection (Proactive) 12M(60%)->10M(50%)
[659.640s][info][gc] GC(125) Garbage Collection (Proactive) 12M(60%)->10M(50%)
[660.697s][info][gc] Allocation Stall (main) 9.004ms
[660.697s][info][gc] GC(126) Garbage Collection (Allocation Stall) 20M(100%)->14M(70%)
[660.708s][info][gc] Allocation Stall (main) 6.958ms
[660.708s][info][gc] GC(127) Garbage Collection (Allocation Stall) 20M(100%)->16M(80%)
[660.718s][info][gc] Allocation Stall (main) 6.494ms
[660.718s][info][gc] GC(128) Garbage Collection (Allocation Stall) 20M(100%)->16M(80%)
[660.728s][info][gc] Allocation Stall (main) 6.319ms
[660.728s][info][gc] Relocation Stall (main) 0.019ms
[660.728s][info][gc] GC(129) Garbage Collection (Allocation Stall) 20M(100%)->18M(90%)
[660.833s][info][gc] GC(130) Garbage Collection (Allocation Rate) 20M(100%)->10M(50%)
[660.931s][info][gc] GC(131) Garbage Collection (Allocation Rate) 10M(50%)->10M(50%)
[661.032s][info][gc] GC(132) Garbage Collection (Allocation Rate) 10M(50%)->10M(50%)
[661.132s][info][gc] GC(133) Garbage Collection (Allocation Rate) 10M(50%)->10M(50%)
[661.231s][info][gc] GC(134) Garbage Collection (Allocation Rate) 10M(50%)->10M(50%)
[661.331s][info][gc] GC(135) Garbage Collection (Allocation Rate) 10M(50%)->10M(50%)
[661.431s][info][gc] GC(136) Garbage Collection (Allocation Rate) 10M(50%)->10M(50%)
[661.532s][info][gc] GC(137) Garbage Collection (Allocation Rate) 10M(50%)->10M(50%)
[661.732s][info][gc] GC(138) Garbage Collection (Allocation Rate) 12M(60%)->10M(50%)
[661.833s][info][gc] GC(139) Garbage Collection (Allocation Rate) 10M(50%)->10M(50%)
[661.932s][info][gc] GC(140) Garbage Collection (Allocation Rate) 10M(50%)->10M(50%)
[662.033s][info][gc] GC(141) Garbage Collection (Allocation Rate) 10M(50%)->10M(50%)
[662.132s][info][gc] GC(142) Garbage Collection (Allocation Rate) 10M(50%)->10M(50%)
[662.233s][info][gc] GC(143) Garbage Collection (Allocation Rate) 10M(50%)->10M(50%)
[662.333s][info][gc] GC(144) Garbage Collection (Allocation Rate) 10M(50%)->10M(50%)
[662.433s][info][gc] GC(145) Garbage Collection (Allocation Rate) 10M(50%)->10M(50%)
[662.532s][info][gc] GC(146) Garbage Collection (Allocation Rate) 10M(50%)->10M(50%)
[663.034s][info][gc] GC(147) Garbage Collection (Proactive) 12M(60%)->10M(50%)
[663.641s][info][gc] GC(148) Garbage Collection (Proactive) 12M(60%)->10M(50%)
[665.034s][info][gc] GC(149) Garbage Collection (Proactive) 12M(60%)->10M(50%)
[666.133s][info][gc] GC(150) Garbage Collection (Proactive) 12M(60%)->10M(50%)
[666.933s][info][gc] GC(151) Garbage Collection (Proactive) 12M(60%)->10M(50%)
[667.645s][info][gc] GC(152) Garbage Collection (Proactive) 12M(60%)->10M(50%)
[669.334s][info][gc] GC(153) Garbage Collection (Proactive) 12M(60%)->10M(50%)
[670.633s][info][gc] GC(154) Garbage Collection (Proactive) 12M(60%)->10M(50%)
[671.635s][info][gc] GC(155) Garbage Collection (Proactive) 12M(60%)->10M(50%)
[672.633s][info][gc] GC(156) Garbage Collection (Proactive) 12M(60%)->10M(50%)
[673.635s][info][gc] GC(157) Garbage Collection (Proactive) 12M(60%)->10M(50%)
[674.633s][info][gc] GC(158) Garbage Collection (Proactive) 12M(60%)->10M(50%)
[675.636s][info][gc] GC(159) Garbage Collection (Proactive) 12M(60%)->10M(50%)
[676.634s][info][gc] GC(160) Garbage Collection (Proactive) 12M(60%)->10M(50%)
[677.634s][info][gc] GC(161) Garbage Collection (Proactive) 12M(60%)->12M(60%)
[694.733s][info][gc] GC(162) Garbage Collection (Proactive) 14M(70%)->10M(50%)
[695.634s][info][gc] GC(163) Garbage Collection (Proactive) 12M(60%)->10M(50%)
[696.334s][info][gc] GC(164) Garbage Collection (Proactive) 12M(60%)->10M(50%)
[696.935s][info][gc] GC(165) Garbage Collection (Proactive) 12M(60%)->10M(50%)
[697.633s][info][gc] GC(166) Garbage Collection (Proactive) 12M(60%)->10M(50%)
[698.234s][info][gc] GC(167) Garbage Collection (Proactive) 12M(60%)->10M(50%)
[698.737s][info][gc] GC(168) Garbage Collection (Proactive) 12M(60%)->10M(50%)
[699.635s][info][gc] GC(169) Garbage Collection (Proactive) 12M(60%)->10M(50%)
[700.333s][info][gc] GC(170) Garbage Collection (Proactive) 12M(60%)->10M(50%)
[700.933s][info][gc] GC(171) Garbage Collection (Proactive) 12M(60%)->10M(50%)
[701.634s][info][gc] GC(172) Garbage Collection (Proactive) 12M(60%)->10M(50%)
[702.133s][info][gc] GC(173) Garbage Collection (Proactive) 12M(60%)->10M(50%)
[702.632s][info][gc] GC(174) Garbage Collection (Proactive) 12M(60%)->10M(50%)
[703.133s][info][gc] GC(175) Garbage Collection (Proactive) 12M(60%)->10M(50%)
[703.633s][info][gc] GC(176) Garbage Collection (Proactive) 12M(60%)->10M(50%)
[704.135s][info][gc] GC(177) Garbage Collection (Proactive) 12M(60%)->10M(50%)
[704.732s][info][gc] GC(178) Garbage Collection (Proactive) 12M(60%)->10M(50%)
[705.633s][info][gc] GC(179) Garbage Collection (Proactive) 12M(60%)->10M(50%)
[706.137s][info][gc] GC(180) Garbage Collection (Proactive) 12M(60%)->10M(50%)
[707.035s][info][gc] GC(181) Garbage Collection (Proactive) 12M(60%)->10M(50%)
[707.933s][info][gc] GC(182) Garbage Collection (Proactive) 12M(60%)->10M(50%)
[708.633s][info][gc] GC(183) Garbage Collection (Proactive) 12M(60%)->10M(50%)
[709.233s][info][gc] GC(184) Garbage Collection (Proactive) 12M(60%)->10M(50%)
[709.733s][info][gc] GC(185) Garbage Collection (Proactive) 12M(60%)->10M(50%)
[710.634s][info][gc] GC(186) Garbage Collection (Proactive) 12M(60%)->10M(50%)
[711.235s][info][gc] GC(187) Garbage Collection (Proactive) 12M(60%)->10M(50%)
[711.933s][info][gc] GC(188) Garbage Collection (Proactive) 12M(60%)->10M(50%)
[712.633s][info][gc] GC(189) Garbage Collection (Proactive) 12M(60%)->10M(50%)
[713.233s][info][gc] GC(190) Garbage Collection (Proactive) 12M(60%)->10M(50%)
[713.732s][info][gc] GC(191) Garbage Collection (Proactive) 12M(60%)->10M(50%)
[714.633s][info][gc] GC(192) Garbage Collection (Proactive) 12M(60%)->10M(50%)
[715.133s][info][gc] GC(193) Garbage Collection (Proactive) 12M(60%)->10M(50%)
[715.632s][info][gc] GC(194) Garbage Collection (Proactive) 12M(60%)->10M(50%)
[716.033s][info][gc] GC(195) Garbage Collection (Proactive) 12M(60%)->10M(50%)
[716.633s][info][gc] GC(196) Garbage Collection (Proactive) 12M(60%)->10M(50%)
[717.133s][info][gc] GC(197) Garbage Collection (Proactive) 12M(60%)->10M(50%)
[717.632s][info][gc] GC(198) Garbage Collection (Proactive) 12M(60%)->10M(50%)
[718.132s][info][gc] GC(199) Garbage Collection (Proactive) 12M(60%)->10M(50%)
[718.632s][info][gc] GC(200) Garbage Collection (Proactive) 12M(60%)->10M(50%)
[719.033s][info][gc] GC(201) Garbage Collection (Proactive) 12M(60%)->10M(50%)
[719.633s][info][gc] GC(202) Garbage Collection (Proactive) 12M(60%)->10M(50%)
[720.033s][info][gc] GC(203) Garbage Collection (Proactive) 12M(60%)->10M(50%)
[720.633s][info][gc] GC(204) Garbage Collection (Proactive) 12M(60%)->10M(50%)
[721.133s][info][gc] GC(205) Garbage Collection (Proactive) 12M(60%)->10M(50%)
[721.633s][info][gc] GC(206) Garbage Collection (Proactive) 12M(60%)->10M(50%)
[722.132s][info][gc] GC(207) Garbage Collection (Proactive) 12M(60%)->10M(50%)
[722.633s][info][gc] GC(208) Garbage Collection (Proactive) 12M(60%)->10M(50%)
[723.133s][info][gc] GC(209) Garbage Collection (Proactive) 12M(60%)->10M(50%)
[723.634s][info][gc] GC(210) Garbage Collection (Proactive) 12M(60%)->10M(50%)
[724.133s][info][gc] GC(211) Garbage Collection (Proactive) 12M(60%)->10M(50%)
[724.633s][info][gc] GC(212) Garbage Collection (Proactive) 12M(60%)->10M(50%)
[725.132s][info][gc] GC(213) Garbage Collection (Proactive) 12M(60%)->10M(50%)
[725.638s][info][gc] GC(214) Garbage Collection (Proactive) 12M(60%)->10M(50%)
[726.532s][info][gc] GC(215) Garbage Collection (Proactive) 12M(60%)->10M(50%)
[727.332s][info][gc] GC(216) Garbage Collection (Proactive) 12M(60%)->10M(50%)
[727.934s][info][gc] GC(217) Garbage Collection (Proactive) 12M(60%)->10M(50%)
[728.632s][info][gc] GC(218) Garbage Collection (Proactive) 12M(60%)->10M(50%)
[729.135s][info][gc] GC(219) Garbage Collection (Proactive) 12M(60%)->10M(50%)
[729.832s][info][gc] GC(220) Garbage Collection (Proactive) 12M(60%)->10M(50%)
[730.635s][info][gc] GC(221) Garbage Collection (Proactive) 12M(60%)->10M(50%)
[731.333s][info][gc] GC(222) Garbage Collection (Proactive) 12M(60%)->10M(50%)
[731.932s][info][gc] GC(223) Garbage Collection (Proactive) 12M(60%)->10M(50%)
[732.633s][info][gc] GC(224) Garbage Collection (Proactive) 12M(60%)->10M(50%)
[733.133s][info][gc] GC(225) Garbage Collection (Proactive) 12M(60%)->10M(50%)
[733.633s][info][gc] GC(226) Garbage Collection (Proactive) 12M(60%)->10M(50%)
[734.135s][info][gc] GC(227) Garbage Collection (Proactive) 12M(60%)->10M(50%)
[734.833s][info][gc] GC(228) Garbage Collection (Proactive) 12M(60%)->10M(50%)
[735.634s][info][gc] GC(229) Garbage Collection (Proactive) 12M(60%)->10M(50%)
[736.234s][info][gc] GC(230) Garbage Collection (Proactive) 12M(60%)->10M(50%)
[736.833s][info][gc] GC(231) Garbage Collection (Proactive) 12M(60%)->10M(50%)
[737.633s][info][gc] GC(232) Garbage Collection (Proactive) 12M(60%)->10M(50%)
[738.134s][info][gc] GC(233) Garbage Collection (Proactive) 12M(60%)->10M(50%)
[738.633s][info][gc] GC(234) Garbage Collection (Proactive) 12M(60%)->10M(50%)
[739.133s][info][gc] GC(235) Garbage Collection (Proactive) 12M(60%)->10M(50%)
[739.634s][info][gc] GC(236) Garbage Collection (Proactive) 12M(60%)->10M(50%)
[740.133s][info][gc] GC(237) Garbage Collection (Proactive) 12M(60%)->10M(50%)
[740.639s][info][gc] GC(238) Garbage Collection (Proactive) 12M(60%)->10M(50%)
[741.635s][info][gc] GC(239) Garbage Collection (Proactive) 12M(60%)->10M(50%)
[742.434s][info][gc] GC(240) Garbage Collection (Proactive) 12M(60%)->10M(50%)
[743.132s][info][gc] GC(241) Garbage Collection (Proactive) 12M(60%)->10M(50%)
[743.731s][info][gc] GC(242) Garbage Collection (Proactive) 12M(60%)->10M(50%)
[744.638s][info][gc] GC(243) Garbage Collection (Proactive) 12M(60%)->10M(50%)
[745.737s][info][gc] GC(244) Garbage Collection (Proactive) 12M(60%)->10M(50%)
[746.634s][info][gc] GC(245) Garbage Collection (Proactive) 12M(60%)->10M(50%)
[747.434s][info][gc] GC(246) Garbage Collection (Proactive) 12M(60%)->10M(50%)
[748.133s][info][gc] GC(247) Garbage Collection (Proactive) 12M(60%)->10M(50%)
[748.734s][info][gc] GC(248) Garbage Collection (Proactive) 12M(60%)->10M(50%)
[749.633s][info][gc] GC(249) Garbage Collection (Proactive) 12M(60%)->10M(50%)
[750.132s][info][gc] GC(250) Garbage Collection (Proactive) 12M(60%)->10M(50%)
[750.635s][info][gc] GC(251) Garbage Collection (Proactive) 12M(60%)->10M(50%)
[751.335s][info][gc] GC(252) Garbage Collection (Proactive) 12M(60%)->10M(50%)
[751.933s][info][gc] GC(253) Garbage Collection (Proactive) 12M(60%)->10M(50%)
[752.633s][info][gc] GC(254) Garbage Collection (Proactive) 12M(60%)->10M(50%)
[753.135s][info][gc] GC(255) Garbage Collection (Proactive) 12M(60%)->10M(50%)
[753.833s][info][gc] GC(256) Garbage Collection (Proactive) 12M(60%)->10M(50%)
[754.632s][info][gc] GC(257) Garbage Collection (Proactive) 12M(60%)->10M(50%)
[755.233s][info][gc] GC(258) Garbage Collection (Proactive) 12M(60%)->10M(50%)
[755.833s][info][gc] GC(259) Garbage Collection (Proactive) 12M(60%)->10M(50%)
[756.632s][info][gc] GC(260) Garbage Collection (Proactive) 12M(60%)->10M(50%)
[757.134s][info][gc] GC(261) Garbage Collection (Proactive) 12M(60%)->10M(50%)
[757.734s][info][gc] GC(262) Garbage Collection (Proactive) 12M(60%)->10M(50%)
[758.633s][info][gc] GC(263) Garbage Collection (Proactive) 12M(60%)->10M(50%)
[759.132s][info][gc] GC(264) Garbage Collection (Proactive) 12M(60%)->10M(50%)
[759.635s][info][gc] GC(265) Garbage Collection (Proactive) 12M(60%)->10M(50%)
[760.333s][info][gc] GC(266) Garbage Collection (Proactive) 12M(60%)->10M(50%)
[760.932s][info][gc] GC(267) Garbage Collection (Proactive) 12M(60%)->10M(50%)
[761.633s][info][gc] GC(268) Garbage Collection (Proactive) 12M(60%)->10M(50%)
[762.132s][info][gc] GC(269) Garbage Collection (Proactive) 12M(60%)->10M(50%)
[762.633s][info][gc] GC(270) Garbage Collection (Proactive) 12M(60%)->10M(50%)
[763.134s][info][gc] GC(271) Garbage Collection (Proactive) 12M(60%)->10M(50%)
[763.736s][info][gc] GC(272) Garbage Collection (Proactive) 12M(60%)->10M(50%)
[764.633s][info][gc] GC(273) Garbage Collection (Proactive) 12M(60%)->10M(50%)
[765.334s][info][gc] GC(274) Garbage Collection (Proactive) 12M(60%)->10M(50%)
[765.939s][info][gc] GC(275) Garbage Collection (Proactive) 12M(60%)->10M(50%)
[767.132s][info][gc] GC(276) Garbage Collection (Proactive) 12M(60%)->10M(50%)
[768.133s][info][gc] GC(277) Garbage Collection (Proactive) 12M(60%)->10M(50%)
[768.838s][info][gc] GC(278) Garbage Collection (Proactive) 12M(60%)->10M(50%)
[769.833s][info][gc] GC(279) Garbage Collection (Proactive) 12M(60%)->10M(50%)
[770.633s][info][gc] GC(280) Garbage Collection (Proactive) 12M(60%)->10M(50%)
[771.233s][info][gc] GC(281) Garbage Collection (Proactive) 12M(60%)->10M(50%)
[771.833s][info][gc] GC(282) Garbage Collection (Proactive) 12M(60%)->10M(50%)
[772.633s][info][gc] GC(283) Garbage Collection (Proactive) 12M(60%)->10M(50%)
[773.133s][info][gc] GC(284) Garbage Collection (Proactive) 12M(60%)->10M(50%)
[773.635s][info][gc] GC(285) Garbage Collection (Proactive) 12M(60%)->10M(50%)
[774.334s][info][gc] GC(286) Garbage Collection (Proactive) 12M(60%)->10M(50%)
[774.934s][info][gc] GC(287) Garbage Collection (Proactive) 12M(60%)->10M(50%)
[775.636s][info][gc] GC(288) Garbage Collection (Proactive) 12M(60%)->10M(50%)
[776.333s][info][gc] GC(289) Garbage Collection (Proactive) 12M(60%)->10M(50%)
[777.032s][info][gc] GC(290) Garbage Collection (Proactive) 12M(60%)->10M(50%)
[777.632s][info][gc] GC(291) Garbage Collection (Proactive) 12M(60%)->10M(50%)
[778.133s][info][gc] GC(292) Garbage Collection (Proactive) 12M(60%)->10M(50%)
[778.635s][info][gc] GC(293) Garbage Collection (Proactive) 12M(60%)->10M(50%)
[779.432s][info][gc] GC(294) Garbage Collection (Proactive) 12M(60%)->10M(50%)
[780.133s][info][gc] GC(295) Garbage Collection (Proactive) 12M(60%)->10M(50%)
[780.735s][info][gc] GC(296) Garbage Collection (Proactive) 12M(60%)->10M(50%)
[781.634s][info][gc] GC(297) Garbage Collection (Proactive) 12M(60%)->10M(50%)
[782.232s][info][gc] GC(298) Garbage Collection (Proactive) 12M(60%)->10M(50%)
[782.732s][info][gc] GC(299) Garbage Collection (Proactive) 12M(60%)->10M(50%)
[783.632s][info][gc] GC(300) Garbage Collection (Proactive) 12M(60%)->10M(50%)
[784.132s][info][gc] GC(301) Garbage Collection (Proactive) 12M(60%)->10M(50%)
[784.636s][info][gc] GC(302) Garbage Collection (Proactive) 12M(60%)->10M(50%)
[785.433s][info][gc] GC(303) Garbage Collection (Proactive) 12M(60%)->10M(50%)
[786.133s][info][gc] GC(304) Garbage Collection (Proactive) 12M(60%)->10M(50%)
[786.733s][info][gc] GC(305) Garbage Collection (Proactive) 12M(60%)->10M(50%)
[787.633s][info][gc] GC(306) Garbage Collection (Proactive) 12M(60%)->10M(50%)
[788.133s][info][gc] GC(307) Garbage Collection (Proactive) 12M(60%)->10M(50%)
[788.632s][info][gc] GC(308) Garbage Collection (Proactive) 12M(60%)->10M(50%)
[789.133s][info][gc] GC(309) Garbage Collection (Proactive) 12M(60%)->10M(50%)
[789.634s][info][gc] GC(310) Garbage Collection (Proactive) 12M(60%)->10M(50%)
[790.133s][info][gc] GC(311) Garbage Collection (Proactive) 12M(60%)->10M(50%)
[790.632s][info][gc] GC(312) Garbage Collection (Proactive) 12M(60%)->10M(50%)
[791.133s][info][gc] GC(313) Garbage Collection (Proactive) 12M(60%)->10M(50%)
[791.634s][info][gc] GC(314) Garbage Collection (Proactive) 12M(60%)->10M(50%)
[792.132s][info][gc] GC(315) Garbage Collection (Proactive) 12M(60%)->10M(50%)
[792.633s][info][gc] GC(316) Garbage Collection (Proactive) 12M(60%)->10M(50%)
[793.135s][info][gc] GC(317) Garbage Collection (Proactive) 12M(60%)->10M(50%)
[793.734s][info][gc] GC(318) Garbage Collection (Proactive) 12M(60%)->10M(50%)
[794.633s][info][gc] GC(319) Garbage Collection (Proactive) 12M(60%)->10M(50%)
[795.233s][info][gc] GC(320) Garbage Collection (Proactive) 12M(60%)->10M(50%)
[795.732s][info][gc] GC(321) Garbage Collection (Proactive) 12M(60%)->10M(50%)
[796.634s][info][gc] GC(322) Garbage Collection (Proactive) 12M(60%)->10M(50%)
[797.233s][info][gc] GC(323) Garbage Collection (Proactive) 12M(60%)->10M(50%)
[797.832s][info][gc] GC(324) Garbage Collection (Proactive) 12M(60%)->10M(50%)
[798.632s][info][gc] GC(325) Garbage Collection (Proactive) 12M(60%)->10M(50%)
[799.133s][info][gc] GC(326) Garbage Collection (Proactive) 12M(60%)->10M(50%)
[799.635s][info][gc] GC(327) Garbage Collection (Proactive) 12M(60%)->10M(50%)
[800.233s][info][gc] GC(328) Garbage Collection (Proactive) 12M(60%)->10M(50%)
[800.733s][info][gc] GC(329) Garbage Collection (Proactive) 12M(60%)->12M(60%)
[817.835s][info][gc] GC(330) Garbage Collection (Proactive) 14M(70%)->10M(50%)
[818.634s][info][gc] GC(331) Garbage Collection (Proactive) 12M(60%)->10M(50%)
[819.336s][info][gc] GC(332) Garbage Collection (Proactive) 12M(60%)->10M(50%)
[820.133s][info][gc] GC(333) Garbage Collection (Proactive) 12M(60%)->10M(50%)
[820.834s][info][gc] GC(334) Garbage Collection (Proactive) 12M(60%)->10M(50%)
[821.633s][info][gc] GC(335) Garbage Collection (Proactive) 12M(60%)->10M(50%)
[822.233s][info][gc] GC(336) Garbage Collection (Proactive) 12M(60%)->10M(50%)
[822.734s][info][gc] GC(337) Garbage Collection (Proactive) 12M(60%)->10M(50%)
[823.232s][info][gc] GC(338) Garbage Collection (Proactive) 12M(60%)->10M(50%)
[823.733s][info][gc] GC(339) Garbage Collection (Proactive) 12M(60%)->10M(50%)
[824.233s][info][gc] GC(340) Garbage Collection (Proactive) 14M(70%)->12M(60%)
[824.733s][info][gc] GC(341) Garbage Collection (Proactive) 14M(70%)->12M(60%)
[825.233s][info][gc] GC(342) Garbage Collection (Proactive) 14M(70%)->12M(60%)
[825.734s][info][gc] GC(343) Garbage Collection (Proactive) 14M(70%)->12M(60%)
[826.333s][info][gc] GC(344) Garbage Collection (Proactive) 14M(70%)->12M(60%)
[826.933s][info][gc] GC(345) Garbage Collection (Proactive) 14M(70%)->12M(60%)
[827.634s][info][gc] GC(346) Garbage Collection (Proactive) 14M(70%)->12M(60%)
[828.234s][info][gc] GC(347) Garbage Collection (Proactive) 14M(70%)->14M(70%)
[842.833s][info][gc] GC(348) Garbage Collection (Proactive) 16M(80%)->14M(70%)
[859.833s][info][gc] GC(349) Garbage Collection (Proactive) 16M(80%)->14M(70%)
[874.732s][info][gc] GC(350) Garbage Collection (Proactive) 16M(80%)->10M(50%)
[875.333s][info][gc] GC(351) Garbage Collection (Proactive) 12M(60%)->10M(50%)
[875.833s][info][gc] GC(352) Garbage Collection (Proactive) 12M(60%)->10M(50%)
[876.732s][info][gc] GC(353) Garbage Collection (Proactive) 12M(60%)->10M(50%)
[877.233s][info][gc] GC(354) Garbage Collection (Proactive) 12M(60%)->10M(50%)
[877.732s][info][gc] GC(355) Garbage Collection (Proactive) 12M(60%)->10M(50%)
[878.233s][info][gc] GC(356) Garbage Collection (Proactive) 12M(60%)->10M(50%)
[878.733s][info][gc] GC(357) Garbage Collection (Proactive) 12M(60%)->10M(50%)
[879.232s][info][gc] GC(358) Garbage Collection (Proactive) 12M(60%)->10M(50%)
[879.733s][info][gc] GC(359) Garbage Collection (Proactive) 12M(60%)->10M(50%)
[880.233s][info][gc] GC(360) Garbage Collection (Proactive) 12M(60%)->10M(50%)
[880.733s][info][gc] GC(361) Garbage Collection (Proactive) 12M(60%)->10M(50%)
[881.233s][info][gc] GC(362) Garbage Collection (Proactive) 12M(60%)->10M(50%)
[881.733s][info][gc] GC(363) Garbage Collection (Proactive) 12M(60%)->10M(50%)
[882.233s][info][gc] GC(364) Garbage Collection (Proactive) 12M(60%)->10M(50%)
[882.733s][info][gc] GC(365) Garbage Collection (Proactive) 12M(60%)->10M(50%)
[883.232s][info][gc] GC(366) Garbage Collection (Proactive) 12M(60%)->10M(50%)
[883.734s][info][gc] GC(367) Garbage Collection (Proactive) 12M(60%)->10M(50%)
[884.333s][info][gc] GC(368) Garbage Collection (Proactive) 12M(60%)->10M(50%)
[884.833s][info][gc] GC(369) Garbage Collection (Proactive) 12M(60%)->10M(50%)
[885.732s][info][gc] GC(370) Garbage Collection (Proactive) 12M(60%)->10M(50%)
[886.233s][info][gc] GC(371) Garbage Collection (Proactive) 12M(60%)->10M(50%)
[886.733s][info][gc] GC(372) Garbage Collection (Proactive) 12M(60%)->10M(50%)
[887.233s][info][gc] GC(373) Garbage Collection (Proactive) 12M(60%)->10M(50%)
[887.733s][info][gc] GC(374) Garbage Collection (Proactive) 12M(60%)->10M(50%)
[888.234s][info][gc] GC(375) Garbage Collection (Proactive) 12M(60%)->10M(50%)
[888.831s][info][gc] GC(376) Garbage Collection (Proactive) 12M(60%)->10M(50%)
[889.732s][info][gc] GC(377) Garbage Collection (Proactive) 12M(60%)->10M(50%)
[890.233s][info][gc] GC(378) Garbage Collection (Proactive) 12M(60%)->10M(50%)
[890.732s][info][gc] GC(379) Garbage Collection (Proactive) 12M(60%)->10M(50%)
[891.233s][info][gc] GC(380) Garbage Collection (Proactive) 12M(60%)->10M(50%)
[891.733s][info][gc] GC(381) Garbage Collection (Proactive) 12M(60%)->10M(50%)
[892.233s][info][gc] GC(382) Garbage Collection (Proactive) 12M(60%)->10M(50%)
[892.732s][info][gc] GC(383) Garbage Collection (Proactive) 12M(60%)->10M(50%)
[893.233s][info][gc] GC(384) Garbage Collection (Proactive) 12M(60%)->10M(50%)
[893.735s][info][gc] GC(385) Garbage Collection (Proactive) 12M(60%)->10M(50%)
[894.433s][info][gc] GC(386) Garbage Collection (Proactive) 12M(60%)->10M(50%)
[895.033s][info][gc] GC(387) Garbage Collection (Proactive) 12M(60%)->10M(50%)
[895.735s][info][gc] GC(388) Garbage Collection (Proactive) 12M(60%)->10M(50%)
[896.435s][info][gc] GC(389) Garbage Collection (Proactive) 12M(60%)->10M(50%)
[897.133s][info][gc] GC(390) Garbage Collection (Proactive) 12M(60%)->10M(50%)
[897.733s][info][gc] GC(391) Garbage Collection (Proactive) 12M(60%)->10M(50%)
[898.333s][info][gc] GC(392) Garbage Collection (Proactive) 12M(60%)->10M(50%)
[898.832s][info][gc] GC(393) Garbage Collection (Proactive) 12M(60%)->10M(50%)
[899.733s][info][gc] GC(394) Garbage Collection (Proactive) 12M(60%)->10M(50%)
[900.239s][info][gc] GC(395) Garbage Collection (Proactive) 12M(60%)->10M(50%)
[901.333s][info][gc] GC(396) Garbage Collection (Proactive) 12M(60%)->10M(50%)
[902.235s][info][gc] GC(397) Garbage Collection (Proactive) 12M(60%)->10M(50%)
[902.933s][info][gc] GC(398) Garbage Collection (Proactive) 12M(60%)->10M(50%)
[903.734s][info][gc] GC(399) Garbage Collection (Proactive) 12M(60%)->10M(50%)
[904.332s][info][gc] GC(400) Garbage Collection (Proactive) 12M(60%)->10M(50%)
[904.832s][info][gc] GC(401) Garbage Collection (Proactive) 12M(60%)->10M(50%)
[905.733s][info][gc] GC(402) Garbage Collection (Proactive) 12M(60%)->10M(50%)
[906.234s][info][gc] GC(403) Garbage Collection (Proactive) 12M(60%)->10M(50%)
[906.833s][info][gc] GC(404) Garbage Collection (Proactive) 12M(60%)->10M(50%)
[907.734s][info][gc] GC(405) Garbage Collection (Proactive) 12M(60%)->10M(50%)
[908.232s][info][gc] GC(406) Garbage Collection (Proactive) 12M(60%)->10M(50%)
[908.734s][info][gc] GC(407) Garbage Collection (Proactive) 12M(60%)->10M(50%)
[909.232s][info][gc] GC(408) Garbage Collection (Proactive) 12M(60%)->10M(50%)
[909.732s][info][gc] GC(409) Garbage Collection (Proactive) 12M(60%)->10M(50%)
[910.233s][info][gc] GC(410) Garbage Collection (Proactive) 12M(60%)->10M(50%)
[910.733s][info][gc] GC(411) Garbage Collection (Proactive) 12M(60%)->10M(50%)
[911.139s][info][gc] GC(412) Garbage Collection (Proactive) 12M(60%)->10M(50%)
[912.234s][info][gc] GC(413) Garbage Collection (Proactive) 12M(60%)->10M(50%)
[913.132s][info][gc] GC(414) Garbage Collection (Proactive) 12M(60%)->10M(50%)
[913.832s][info][gc] GC(415) Garbage Collection (Proactive) 12M(60%)->10M(50%)
[914.732s][info][gc] GC(416) Garbage Collection (Proactive) 12M(60%)->10M(50%)
[915.234s][info][gc] GC(417) Garbage Collection (Proactive) 12M(60%)->10M(50%)
[915.832s][info][gc] GC(418) Garbage Collection (Proactive) 12M(60%)->10M(50%)
[916.735s][info][gc] GC(419) Garbage Collection (Proactive) 12M(60%)->10M(50%)
[917.433s][info][gc] GC(420) Garbage Collection (Proactive) 12M(60%)->10M(50%)
[918.034s][info][gc] GC(421) Garbage Collection (Proactive) 12M(60%)->10M(50%)
[918.734s][info][gc] GC(422) Garbage Collection (Proactive) 12M(60%)->10M(50%)
[919.333s][info][gc] GC(423) Garbage Collection (Proactive) 12M(60%)->10M(50%)
[919.833s][info][gc] GC(424) Garbage Collection (Proactive) 12M(60%)->10M(50%)
[920.733s][info][gc] GC(425) Garbage Collection (Proactive) 12M(60%)->10M(50%)
[921.234s][info][gc] GC(426) Garbage Collection (Proactive) 12M(60%)->10M(50%)
[921.732s][info][gc] GC(427) Garbage Collection (Proactive) 12M(60%)->10M(50%)
[922.132s][info][gc] GC(428) Garbage Collection (Proactive) 12M(60%)->10M(50%)
[922.733s][info][gc] GC(429) Garbage Collection (Proactive) 12M(60%)->10M(50%)
[923.334s][info][gc] GC(430) Garbage Collection (Proactive) 12M(60%)->10M(50%)
[923.934s][info][gc] GC(431) Garbage Collection (Proactive) 12M(60%)->10M(50%)
[924.732s][info][gc] GC(432) Garbage Collection (Proactive) 12M(60%)->10M(50%)
[925.233s][info][gc] GC(433) Garbage Collection (Proactive) 12M(60%)->10M(50%)
[925.732s][info][gc] GC(434) Garbage Collection (Proactive) 12M(60%)->10M(50%)
[926.233s][info][gc] GC(435) Garbage Collection (Proactive) 12M(60%)->10M(50%)
[926.733s][info][gc] GC(436) Garbage Collection (Proactive) 12M(60%)->10M(50%)
[927.133s][info][gc] GC(437) Garbage Collection (Proactive) 12M(60%)->10M(50%)
[927.733s][info][gc] GC(438) Garbage Collection (Proactive) 12M(60%)->10M(50%)
[928.233s][info][gc] GC(439) Garbage Collection (Proactive) 12M(60%)->10M(50%)
[928.733s][info][gc] GC(440) Garbage Collection (Proactive) 12M(60%)->10M(50%)
[929.232s][info][gc] GC(441) Garbage Collection (Proactive) 12M(60%)->10M(50%)
[929.732s][info][gc] GC(442) Garbage Collection (Proactive) 12M(60%)->10M(50%)
[930.132s][info][gc] GC(443) Garbage Collection (Proactive) 12M(60%)->10M(50%)
[930.733s][info][gc] GC(444) Garbage Collection (Proactive) 12M(60%)->10M(50%)
[931.233s][info][gc] GC(445) Garbage Collection (Proactive) 12M(60%)->10M(50%)
[931.732s][info][gc] GC(446) Garbage Collection (Proactive) 12M(60%)->10M(50%)
[932.232s][info][gc] GC(447) Garbage Collection (Proactive) 12M(60%)->10M(50%)
[932.733s][info][gc] GC(448) Garbage Collection (Proactive) 12M(60%)->10M(50%)
[933.133s][info][gc] GC(449) Garbage Collection (Proactive) 12M(60%)->10M(50%)
[933.732s][info][gc] GC(450) Garbage Collection (Proactive) 12M(60%)->10M(50%)
[934.133s][info][gc] GC(451) Garbage Collection (Proactive) 12M(60%)->10M(50%)
[934.733s][info][gc] GC(452) Garbage Collection (Proactive) 12M(60%)->10M(50%)
[935.232s][info][gc] GC(453) Garbage Collection (Proactive) 12M(60%)->10M(50%)
[935.733s][info][gc] GC(454) Garbage Collection (Proactive) 12M(60%)->10M(50%)
[936.232s][info][gc] GC(455) Garbage Collection (Proactive) 12M(60%)->10M(50%)
[936.732s][info][gc] GC(456) Garbage Collection (Proactive) 12M(60%)->10M(50%)
[937.232s][info][gc] GC(457) Garbage Collection (Proactive) 12M(60%)->10M(50%)
[937.733s][info][gc] GC(458) Garbage Collection (Proactive) 12M(60%)->10M(50%)
[938.132s][info][gc] GC(459) Garbage Collection (Proactive) 12M(60%)->10M(50%)
[938.732s][info][gc] GC(460) Garbage Collection (Proactive) 12M(60%)->10M(50%)
[939.132s][info][gc] GC(461) Garbage Collection (Proactive) 12M(60%)->10M(50%)
[939.532s][info][gc] GC(462) Garbage Collection (Proactive) 12M(60%)->10M(50%)
[939.932s][info][gc] GC(463) Garbage Collection (Proactive) 12M(60%)->10M(50%)
[940.732s][info][gc] GC(464) Garbage Collection (Proactive) 12M(60%)->10M(50%)
[941.232s][info][gc] GC(465) Garbage Collection (Proactive) 12M(60%)->10M(50%)
[941.733s][info][gc] GC(466) Garbage Collection (Proactive) 12M(60%)->10M(50%)
[942.232s][info][gc] GC(467) Garbage Collection (Proactive) 12M(60%)->10M(50%)
[942.732s][info][gc] GC(468) Garbage Collection (Proactive) 12M(60%)->10M(50%)
[943.132s][info][gc] GC(469) Garbage Collection (Proactive) 12M(60%)->10M(50%)
[943.732s][info][gc] GC(470) Garbage Collection (Proactive) 12M(60%)->10M(50%)
[944.133s][info][gc] GC(471) Garbage Collection (Proactive) 12M(60%)->10M(50%)
[944.733s][info][gc] GC(472) Garbage Collection (Proactive) 12M(60%)->10M(50%)
[945.233s][info][gc] GC(473) Garbage Collection (Proactive) 12M(60%)->10M(50%)
[945.734s][info][gc] GC(474) Garbage Collection (Proactive) 12M(60%)->10M(50%)
[946.234s][info][gc] GC(475) Garbage Collection (Proactive) 12M(60%)->10M(50%)
[946.733s][info][gc] GC(476) Garbage Collection (Proactive) 12M(60%)->10M(50%)
[947.233s][info][gc] GC(477) Garbage Collection (Proactive) 12M(60%)->10M(50%)
[947.733s][info][gc] GC(478) Garbage Collection (Proactive) 12M(60%)->10M(50%)
[948.233s][info][gc] GC(479) Garbage Collection (Proactive) 12M(60%)->10M(50%)
[948.733s][info][gc] GC(480) Garbage Collection (Proactive) 12M(60%)->10M(50%)
[949.233s][info][gc] GC(481) Garbage Collection (Proactive) 12M(60%)->10M(50%)
[949.734s][info][gc] GC(482) Garbage Collection (Proactive) 12M(60%)->10M(50%)
[950.234s][info][gc] GC(483) Garbage Collection (Proactive) 12M(60%)->10M(50%)
[950.734s][info][gc] GC(484) Garbage Collection (Proactive) 12M(60%)->10M(50%)
[951.234s][info][gc] GC(485) Garbage Collection (Proactive) 12M(60%)->10M(50%)
[951.733s][info][gc] GC(486) Garbage Collection (Proactive) 12M(60%)->10M(50%)
[952.232s][info][gc] GC(487) Garbage Collection (Proactive) 12M(60%)->10M(50%)
[952.733s][info][gc] GC(488) Garbage Collection (Proactive) 12M(60%)->10M(50%)
[953.233s][info][gc] GC(489) Garbage Collection (Proactive) 12M(60%)->10M(50%)
[953.733s][info][gc] GC(490) Garbage Collection (Proactive) 12M(60%)->10M(50%)
[954.233s][info][gc] GC(491) Garbage Collection (Proactive) 12M(60%)->10M(50%)
[954.733s][info][gc] GC(492) Garbage Collection (Proactive) 12M(60%)->10M(50%)
[955.232s][info][gc] GC(493) Garbage Collection (Proactive) 12M(60%)->10M(50%)
[955.732s][info][gc] GC(494) Garbage Collection (Proactive) 12M(60%)->10M(50%)
[956.132s][info][gc] GC(495) Garbage Collection (Proactive) 12M(60%)->10M(50%)
[956.733s][info][gc] GC(496) Garbage Collection (Proactive) 12M(60%)->10M(50%)
[957.132s][info][gc] GC(497) Garbage Collection (Proactive) 12M(60%)->10M(50%)
[957.733s][info][gc] GC(498) Garbage Collection (Proactive) 12M(60%)->10M(50%)
[958.132s][info][gc] GC(499) Garbage Collection (Proactive) 12M(60%)->10M(50%)
[958.732s][info][gc] GC(500) Garbage Collection (Proactive) 12M(60%)->10M(50%)
[959.133s][info][gc] GC(501) Garbage Collection (Proactive) 12M(60%)->10M(50%)
[959.733s][info][gc] GC(502) Garbage Collection (Proactive) 12M(60%)->10M(50%)
[960.133s][info][gc] GC(503) Garbage Collection (Proactive) 12M(60%)->10M(50%)
[960.633s][info][gc] GC(504) Garbage Collection (Proactive) 12M(60%)->10M(50%)
[961.134s][info][gc] GC(505) Garbage Collection (Proactive) 12M(60%)->10M(50%)
[961.733s][info][gc] GC(506) Garbage Collection (Proactive) 12M(60%)->10M(50%)
[962.233s][info][gc] GC(507) Garbage Collection (Proactive) 12M(60%)->10M(50%)
[962.732s][info][gc] GC(508) Garbage Collection (Proactive) 12M(60%)->10M(50%)
[963.232s][info][gc] GC(509) Garbage Collection (Proactive) 12M(60%)->10M(50%)
[963.732s][info][gc] GC(510) Garbage Collection (Proactive) 12M(60%)->10M(50%)
[964.132s][info][gc] GC(511) Garbage Collection (Proactive) 12M(60%)->10M(50%)
[964.733s][info][gc] GC(512) Garbage Collection (Proactive) 12M(60%)->10M(50%)
[965.232s][info][gc] GC(513) Garbage Collection (Proactive) 12M(60%)->10M(50%)
[965.733s][info][gc] GC(514) Garbage Collection (Proactive) 12M(60%)->10M(50%)
[966.232s][info][gc] GC(515) Garbage Collection (Proactive) 12M(60%)->10M(50%)
[966.732s][info][gc] GC(516) Garbage Collection (Proactive) 12M(60%)->10M(50%)
[967.133s][info][gc] GC(517) Garbage Collection (Proactive) 12M(60%)->10M(50%)
[967.732s][info][gc] GC(518) Garbage Collection (Proactive) 12M(60%)->10M(50%)
[968.233s][info][gc] GC(519) Garbage Collection (Proactive) 12M(60%)->10M(50%)
[968.732s][info][gc] GC(520) Garbage Collection (Proactive) 12M(60%)->10M(50%)
[969.233s][info][gc] GC(521) Garbage Collection (Proactive) 12M(60%)->10M(50%)
[969.733s][info][gc] GC(522) Garbage Collection (Proactive) 12M(60%)->10M(50%)
[970.132s][info][gc] GC(523) Garbage Collection (Proactive) 12M(60%)->10M(50%)
[970.733s][info][gc] GC(524) Garbage Collection (Proactive) 12M(60%)->10M(50%)
[971.233s][info][gc] GC(525) Garbage Collection (Proactive) 12M(60%)->10M(50%)
[971.733s][info][gc] GC(526) Garbage Collection (Proactive) 12M(60%)->10M(50%)
[972.234s][info][gc] GC(527) Garbage Collection (Proactive) 12M(60%)->10M(50%)
[972.833s][info][gc] GC(528) Garbage Collection (Proactive) 12M(60%)->10M(50%)
[973.334s][info][gc] GC(529) Garbage Collection (Proactive) 12M(60%)->10M(50%)
[973.834s][info][gc] GC(530) Garbage Collection (Proactive) 12M(60%)->10M(50%)
[974.333s][info][gc] GC(531) Garbage Collection (Proactive) 12M(60%)->10M(50%)
[974.834s][info][gc] GC(532) Garbage Collection (Proactive) 12M(60%)->10M(50%)
[975.433s][info][gc] GC(533) Garbage Collection (Proactive) 12M(60%)->10M(50%)
[975.933s][info][gc] GC(534) Garbage Collection (Proactive) 12M(60%)->10M(50%)
[976.732s][info][gc] GC(535) Garbage Collection (Proactive) 12M(60%)->10M(50%)
[977.233s][info][gc] GC(536) Garbage Collection (Proactive) 12M(60%)->10M(50%)
[977.733s][info][gc] GC(537) Garbage Collection (Proactive) 12M(60%)->10M(50%)
[978.132s][info][gc] GC(538) Garbage Collection (Proactive) 12M(60%)->10M(50%)
[978.733s][info][gc] GC(539) Garbage Collection (Proactive) 12M(60%)->10M(50%)
[979.233s][info][gc] GC(540) Garbage Collection (Proactive) 12M(60%)->10M(50%)
[979.732s][info][gc] GC(541) Garbage Collection (Proactive) 12M(60%)->10M(50%)
[980.132s][info][gc] GC(542) Garbage Collection (Proactive) 12M(60%)->10M(50%)
[980.732s][info][gc] GC(543) Garbage Collection (Proactive) 12M(60%)->10M(50%)
[981.133s][info][gc] GC(544) Garbage Collection (Proactive) 12M(60%)->10M(50%)
[981.733s][info][gc] GC(545) Garbage Collection (Proactive) 12M(60%)->10M(50%)
[982.232s][info][gc] GC(546) Garbage Collection (Proactive) 12M(60%)->10M(50%)
[982.732s][info][gc] GC(547) Garbage Collection (Proactive) 12M(60%)->10M(50%)
[983.133s][info][gc] GC(548) Garbage Collection (Proactive) 12M(60%)->10M(50%)
[983.733s][info][gc] GC(549) Garbage Collection (Proactive) 12M(60%)->10M(50%)
[984.232s][info][gc] GC(550) Garbage Collection (Proactive) 12M(60%)->10M(50%)
[984.732s][info][gc] GC(551) Garbage Collection (Proactive) 12M(60%)->10M(50%)
[985.233s][info][gc] GC(552) Garbage Collection (Proactive) 12M(60%)->10M(50%)
[985.733s][info][gc] GC(553) Garbage Collection (Proactive) 12M(60%)->10M(50%)
[986.233s][info][gc] GC(554) Garbage Collection (Proactive) 12M(60%)->10M(50%)
[986.732s][info][gc] GC(555) Garbage Collection (Proactive) 12M(60%)->10M(50%)
[987.233s][info][gc] GC(556) Garbage Collection (Proactive) 12M(60%)->10M(50%)
[987.732s][info][gc] GC(557) Garbage Collection (Proactive) 12M(60%)->10M(50%)
[988.233s][info][gc] GC(558) Garbage Collection (Proactive) 12M(60%)->10M(50%)
[988.732s][info][gc] GC(559) Garbage Collection (Proactive) 12M(60%)->10M(50%)
[989.133s][info][gc] GC(560) Garbage Collection (Proactive) 12M(60%)->10M(50%)
[989.733s][info][gc] GC(561) Garbage Collection (Proactive) 12M(60%)->10M(50%)
[990.232s][info][gc] GC(562) Garbage Collection (Proactive) 12M(60%)->10M(50%)
[990.733s][info][gc] GC(563) Garbage Collection (Proactive) 12M(60%)->10M(50%)
[991.132s][info][gc] GC(564) Garbage Collection (Proactive) 12M(60%)->10M(50%)
[991.732s][info][gc] GC(565) Garbage Collection (Proactive) 12M(60%)->10M(50%)
[992.132s][info][gc] GC(566) Garbage Collection (Proactive) 12M(60%)->10M(50%)
[992.733s][info][gc] GC(567) Garbage Collection (Proactive) 12M(60%)->10M(50%)
[993.133s][info][gc] GC(568) Garbage Collection (Proactive) 12M(60%)->10M(50%)
[993.732s][info][gc] GC(569) Garbage Collection (Proactive) 12M(60%)->10M(50%)
[994.133s][info][gc] GC(570) Garbage Collection (Proactive) 12M(60%)->10M(50%)
[994.732s][info][gc] GC(571) Garbage Collection (Proactive) 12M(60%)->10M(50%)
[995.133s][info][gc] GC(572) Garbage Collection (Proactive) 12M(60%)->10M(50%)
[995.732s][info][gc] GC(573) Garbage Collection (Proactive) 12M(60%)->10M(50%)
[996.133s][info][gc] GC(574) Garbage Collection (Proactive) 12M(60%)->10M(50%)
[996.733s][info][gc] GC(575) Garbage Collection (Proactive) 12M(60%)->10M(50%)
[997.132s][info][gc] GC(576) Garbage Collection (Proactive) 12M(60%)->10M(50%)
[997.732s][info][gc] GC(577) Garbage Collection (Proactive) 12M(60%)->10M(50%)
[998.233s][info][gc] GC(578) Garbage Collection (Proactive) 12M(60%)->10M(50%)
[998.733s][info][gc] GC(579) Garbage Collection (Proactive) 12M(60%)->10M(50%)
[999.132s][info][gc] GC(580) Garbage Collection (Proactive) 12M(60%)->10M(50%)
[999.533s][info][gc] GC(581) Garbage Collection (Proactive) 12M(60%)->10M(50%)
[999.932s][info][gc] GC(582) Garbage Collection (Proactive) 12M(60%)->10M(50%)
[1000.733s][info][gc] GC(583) Garbage Collection (Proactive) 12M(60%)->10M(50%)
[1001.233s][info][gc] GC(584) Garbage Collection (Proactive) 12M(60%)->10M(50%)
[1001.733s][info][gc] GC(585) Garbage Collection (Proactive) 12M(60%)->10M(50%)
[1002.233s][info][gc] GC(586) Garbage Collection (Proactive) 12M(60%)->10M(50%)
[1002.732s][info][gc] GC(587) Garbage Collection (Proactive) 12M(60%)->10M(50%)
[1003.232s][info][gc] GC(588) Garbage Collection (Proactive) 12M(60%)->10M(50%)
[1003.732s][info][gc] GC(589) Garbage Collection (Proactive) 12M(60%)->10M(50%)
[1004.233s][info][gc] GC(590) Garbage Collection (Proactive) 12M(60%)->10M(50%)
[1004.732s][info][gc] GC(591) Garbage Collection (Proactive) 12M(60%)->10M(50%)
[1005.233s][info][gc] GC(592) Garbage Collection (Proactive) 12M(60%)->10M(50%)
[1005.732s][info][gc] GC(593) Garbage Collection (Proactive) 12M(60%)->10M(50%)
[1006.233s][info][gc] GC(594) Garbage Collection (Proactive) 12M(60%)->10M(50%)
[1006.732s][info][gc] GC(595) Garbage Collection (Proactive) 12M(60%)->10M(50%)
[1007.233s][info][gc] GC(596) Garbage Collection (Proactive) 12M(60%)->10M(50%)
[1007.732s][info][gc] GC(597) Garbage Collection (Proactive) 12M(60%)->10M(50%)
[1008.133s][info][gc] GC(598) Garbage Collection (Proactive) 12M(60%)->10M(50%)
[1008.732s][info][gc] GC(599) Garbage Collection (Proactive) 12M(60%)->10M(50%)
[1009.132s][info][gc] GC(600) Garbage Collection (Proactive) 12M(60%)->10M(50%)
[1009.733s][info][gc] GC(601) Garbage Collection (Proactive) 12M(60%)->10M(50%)
[1010.132s][info][gc] GC(602) Garbage Collection (Proactive) 12M(60%)->10M(50%)
[1010.733s][info][gc] GC(603) Garbage Collection (Proactive) 12M(60%)->10M(50%)
[1011.233s][info][gc] GC(604) Garbage Collection (Proactive) 12M(60%)->10M(50%)
[1011.732s][info][gc] GC(605) Garbage Collection (Proactive) 12M(60%)->10M(50%)
[1012.133s][info][gc] GC(606) Garbage Collection (Proactive) 12M(60%)->10M(50%)
[1012.733s][info][gc] GC(607) Garbage Collection (Proactive) 12M(60%)->10M(50%)
[1013.233s][info][gc] GC(608) Garbage Collection (Proactive) 12M(60%)->10M(50%)
[1013.732s][info][gc] GC(609) Garbage Collection (Proactive) 12M(60%)->10M(50%)
[1014.132s][info][gc] GC(610) Garbage Collection (Proactive) 12M(60%)->10M(50%)
[1014.733s][info][gc] GC(611) Garbage Collection (Proactive) 12M(60%)->10M(50%)
[1015.232s][info][gc] GC(612) Garbage Collection (Proactive) 12M(60%)->10M(50%)
[1015.732s][info][gc] GC(613) Garbage Collection (Proactive) 12M(60%)->10M(50%)
[1016.132s][info][gc] GC(614) Garbage Collection (Proactive) 12M(60%)->10M(50%)
[1016.732s][info][gc] GC(615) Garbage Collection (Proactive) 12M(60%)->10M(50%)
[1017.132s][info][gc] GC(616) Garbage Collection (Proactive) 12M(60%)->10M(50%)
[1017.733s][info][gc] GC(617) Garbage Collection (Proactive) 12M(60%)->10M(50%)
[1018.232s][info][gc] GC(618) Garbage Collection (Proactive) 12M(60%)->10M(50%)
[1018.732s][info][gc] GC(619) Garbage Collection (Proactive) 12M(60%)->10M(50%)
[1019.133s][info][gc] GC(620) Garbage Collection (Proactive) 12M(60%)->10M(50%)
[1019.732s][info][gc] GC(621) Garbage Collection (Proactive) 12M(60%)->10M(50%)
[1020.132s][info][gc] GC(622) Garbage Collection (Proactive) 12M(60%)->10M(50%)
[1020.632s][info][gc] GC(623) Garbage Collection (Proactive) 12M(60%)->10M(50%)
[1021.132s][info][gc] GC(624) Garbage Collection (Proactive) 12M(60%)->10M(50%)
[1021.732s][info][gc] GC(625) Garbage Collection (Proactive) 12M(60%)->10M(50%)
[1022.233s][info][gc] GC(626) Garbage Collection (Proactive) 12M(60%)->10M(50%)
[1022.732s][info][gc] GC(627) Garbage Collection (Proactive) 12M(60%)->10M(50%)
[1023.233s][info][gc] GC(628) Garbage Collection (Proactive) 12M(60%)->10M(50%)
[1023.732s][info][gc] GC(629) Garbage Collection (Proactive) 12M(60%)->10M(50%)
[1024.132s][info][gc] GC(630) Garbage Collection (Proactive) 12M(60%)->10M(50%)
[1024.733s][info][gc] GC(631) Garbage Collection (Proactive) 12M(60%)->10M(50%)
[1025.133s][info][gc] GC(632) Garbage Collection (Proactive) 12M(60%)->10M(50%)
[1025.732s][info][gc] GC(633) Garbage Collection (Proactive) 12M(60%)->10M(50%)
[1026.132s][info][gc] GC(634) Garbage Collection (Proactive) 12M(60%)->10M(50%)
[1026.733s][info][gc] GC(635) Garbage Collection (Proactive) 12M(60%)->10M(50%)
[1027.233s][info][gc] GC(636) Garbage Collection (Proactive) 12M(60%)->10M(50%)
[1027.733s][info][gc] GC(637) Garbage Collection (Proactive) 12M(60%)->10M(50%)
[1028.232s][info][gc] GC(638) Garbage Collection (Proactive) 12M(60%)->10M(50%)
[1028.732s][info][gc] GC(639) Garbage Collection (Proactive) 12M(60%)->10M(50%)
[1029.232s][info][gc] GC(640) Garbage Collection (Proactive) 12M(60%)->10M(50%)
[1029.732s][info][gc] GC(641) Garbage Collection (Proactive) 12M(60%)->10M(50%)
[1030.132s][info][gc] GC(642) Garbage Collection (Proactive) 12M(60%)->10M(50%)
[1030.733s][info][gc] GC(643) Garbage Collection (Proactive) 12M(60%)->10M(50%)
[1031.132s][info][gc] GC(644) Garbage Collection (Proactive) 12M(60%)->10M(50%)
[1031.732s][info][gc] GC(645) Garbage Collection (Proactive) 12M(60%)->10M(50%)
[1032.232s][info][gc] GC(646) Garbage Collection (Proactive) 12M(60%)->10M(50%)
[1032.733s][info][gc] GC(647) Garbage Collection (Proactive) 12M(60%)->10M(50%)
[1033.132s][info][gc] GC(648) Garbage Collection (Proactive) 12M(60%)->10M(50%)
[1033.733s][info][gc] GC(649) Garbage Collection (Proactive) 12M(60%)->10M(50%)
[1034.232s][info][gc] GC(650) Garbage Collection (Proactive) 12M(60%)->10M(50%)
[1034.733s][info][gc] GC(651) Garbage Collection (Proactive) 12M(60%)->10M(50%)
[1035.232s][info][gc] GC(652) Garbage Collection (Proactive) 12M(60%)->10M(50%)
[1035.733s][info][gc] GC(653) Garbage Collection (Proactive) 12M(60%)->10M(50%)
[1036.132s][info][gc] GC(654) Garbage Collection (Proactive) 12M(60%)->10M(50%)
[1036.732s][info][gc] GC(655) Garbage Collection (Proactive) 12M(60%)->10M(50%)
[1037.132s][info][gc] GC(656) Garbage Collection (Proactive) 12M(60%)->10M(50%)
[1037.732s][info][gc] GC(657) Garbage Collection (Proactive) 12M(60%)->10M(50%)
[1038.232s][info][gc] GC(658) Garbage Collection (Proactive) 12M(60%)->10M(50%)
[1038.732s][info][gc] GC(659) Garbage Collection (Proactive) 12M(60%)->10M(50%)
[1039.132s][info][gc] GC(660) Garbage Collection (Proactive) 12M(60%)->10M(50%)
[1039.733s][info][gc] GC(661) Garbage Collection (Proactive) 12M(60%)->10M(50%)
[1040.132s][info][gc] GC(662) Garbage Collection (Proactive) 12M(60%)->10M(50%)
[1040.732s][info][gc] GC(663) Garbage Collection (Proactive) 12M(60%)->10M(50%)
[1041.233s][info][gc] GC(664) Garbage Collection (Proactive) 12M(60%)->10M(50%)
[1041.732s][info][gc] GC(665) Garbage Collection (Proactive) 12M(60%)->10M(50%)
[1042.133s][info][gc] GC(666) Garbage Collection (Proactive) 12M(60%)->10M(50%)
[1042.732s][info][gc] GC(667) Garbage Collection (Proactive) 12M(60%)->10M(50%)
[1043.132s][info][gc] GC(668) Garbage Collection (Proactive) 12M(60%)->10M(50%)
[1043.732s][info][gc] GC(669) Garbage Collection (Proactive) 12M(60%)->10M(50%)
[1044.132s][info][gc] GC(670) Garbage Collection (Proactive) 12M(60%)->10M(50%)
[1044.732s][info][gc] GC(671) Garbage Collection (Proactive) 12M(60%)->10M(50%)
[1045.233s][info][gc] GC(672) Garbage Collection (Proactive) 12M(60%)->10M(50%)
[1045.732s][info][gc] GC(673) Garbage Collection (Proactive) 12M(60%)->10M(50%)
[1046.233s][info][gc] GC(674) Garbage Collection (Proactive) 12M(60%)->10M(50%)
[1046.733s][info][gc] GC(675) Garbage Collection (Proactive) 12M(60%)->10M(50%)
[1047.132s][info][gc] GC(676) Garbage Collection (Proactive) 12M(60%)->10M(50%)
[1047.732s][info][gc] GC(677) Garbage Collection (Proactive) 12M(60%)->10M(50%)
[1048.233s][info][gc] GC(678) Garbage Collection (Proactive) 12M(60%)->10M(50%)
[1048.732s][info][gc] GC(679) Garbage Collection (Proactive) 12M(60%)->10M(50%)
[1049.132s][info][gc] GC(680) Garbage Collection (Proactive) 12M(60%)->10M(50%)
[1049.732s][info][gc] GC(681) Garbage Collection (Proactive) 12M(60%)->10M(50%)
[1050.132s][info][gc] GC(682) Garbage Collection (Proactive) 12M(60%)->10M(50%)
[1050.732s][info][gc] GC(683) Garbage Collection (Proactive) 12M(60%)->10M(50%)
[1051.132s][info][gc] GC(684) Garbage Collection (Proactive) 12M(60%)->10M(50%)
[1051.732s][info][gc] GC(685) Garbage Collection (Proactive) 12M(60%)->10M(50%)
[1052.132s][info][gc] GC(686) Garbage Collection (Proactive) 12M(60%)->10M(50%)
[1052.731s][info][gc] GC(687) Garbage Collection (Proactive) 12M(60%)->10M(50%)
[1053.233s][info][gc] GC(688) Garbage Collection (Proactive) 12M(60%)->10M(50%)
[1053.733s][info][gc] GC(689) Garbage Collection (Proactive) 12M(60%)->10M(50%)
[1054.232s][info][gc] GC(690) Garbage Collection (Proactive) 12M(60%)->10M(50%)
[1054.732s][info][gc] GC(691) Garbage Collection (Proactive) 12M(60%)->10M(50%)
[1055.132s][info][gc] GC(692) Garbage Collection (Proactive) 12M(60%)->10M(50%)
[1055.733s][info][gc] GC(693) Garbage Collection (Proactive) 12M(60%)->10M(50%)
[1056.132s][info][gc] GC(694) Garbage Collection (Proactive) 12M(60%)->10M(50%)
[1056.732s][info][gc] GC(695) Garbage Collection (Proactive) 12M(60%)->12M(60%)
[1073.031s][info][gc] GC(696) Garbage Collection (Proactive) 14M(70%)->10M(50%)
[1073.833s][info][gc] GC(697) Garbage Collection (Proactive) 12M(60%)->10M(50%)
[1074.433s][info][gc] GC(698) Garbage Collection (Proactive) 12M(60%)->10M(50%)
[1075.032s][info][gc] GC(699) Garbage Collection (Proactive) 12M(60%)->10M(50%)
[1075.833s][info][gc] GC(700) Garbage Collection (Proactive) 12M(60%)->10M(50%)
[1076.332s][info][gc] GC(701) Garbage Collection (Proactive) 12M(60%)->10M(50%)
[1076.832s][info][gc] GC(702) Garbage Collection (Proactive) 12M(60%)->10M(50%)
[1077.333s][info][gc] GC(703) Garbage Collection (Proactive) 12M(60%)->10M(50%)
[1077.833s][info][gc] GC(704) Garbage Collection (Proactive) 12M(60%)->10M(50%)
[1078.333s][info][gc] GC(705) Garbage Collection (Proactive) 12M(60%)->10M(50%)
[1078.832s][info][gc] GC(706) Garbage Collection (Proactive) 12M(60%)->10M(50%)
[1079.332s][info][gc] GC(707) Garbage Collection (Proactive) 12M(60%)->10M(50%)
[1079.833s][info][gc] GC(708) Garbage Collection (Proactive) 12M(60%)->10M(50%)
[1080.233s][info][gc] GC(709) Garbage Collection (Proactive) 12M(60%)->10M(50%)
[1080.733s][info][gc] GC(710) Garbage Collection (Proactive) 12M(60%)->10M(50%)
[1081.232s][info][gc] GC(711) Garbage Collection (Proactive) 12M(60%)->10M(50%)
[1081.832s][info][gc] GC(712) Garbage Collection (Proactive) 12M(60%)->10M(50%)
[1082.333s][info][gc] GC(713) Garbage Collection (Proactive) 12M(60%)->10M(50%)
[1082.832s][info][gc] GC(714) Garbage Collection (Proactive) 12M(60%)->10M(50%)
[1083.333s][info][gc] GC(715) Garbage Collection (Proactive) 12M(60%)->10M(50%)
[1083.833s][info][gc] GC(716) Garbage Collection (Proactive) 12M(60%)->10M(50%)
[1084.334s][info][gc] GC(717) Garbage Collection (Proactive) 12M(60%)->10M(50%)
[1084.933s][info][gc] GC(718) Garbage Collection (Proactive) 12M(60%)->10M(50%)
[1085.533s][info][gc] GC(719) Garbage Collection (Proactive) 12M(60%)->10M(50%)
[1086.032s][info][gc] GC(720) Garbage Collection (Proactive) 12M(60%)->10M(50%)
[1086.833s][info][gc] GC(721) Garbage Collection (Proactive) 12M(60%)->10M(50%)
[1087.333s][info][gc] GC(722) Garbage Collection (Proactive) 12M(60%)->10M(50%)
[1087.833s][info][gc] GC(723) Garbage Collection (Proactive) 12M(60%)->10M(50%)
[1088.332s][info][gc] GC(724) Garbage Collection (Proactive) 12M(60%)->10M(50%)
[1088.832s][info][gc] GC(725) Garbage Collection (Proactive) 12M(60%)->10M(50%)
[1089.233s][info][gc] GC(726) Garbage Collection (Proactive) 12M(60%)->10M(50%)
[1089.832s][info][gc] GC(727) Garbage Collection (Proactive) 12M(60%)->10M(50%)
[1090.333s][info][gc] GC(728) Garbage Collection (Proactive) 12M(60%)->10M(50%)
[1090.832s][info][gc] GC(729) Garbage Collection (Proactive) 12M(60%)->10M(50%)
[1091.232s][info][gc] GC(730) Garbage Collection (Proactive) 12M(60%)->10M(50%)
[1091.832s][info][gc] GC(731) Garbage Collection (Proactive) 12M(60%)->10M(50%)
[1092.333s][info][gc] GC(732) Garbage Collection (Proactive) 12M(60%)->10M(50%)
[1092.832s][info][gc] GC(733) Garbage Collection (Proactive) 12M(60%)->10M(50%)
[1093.232s][info][gc] GC(734) Garbage Collection (Proactive) 12M(60%)->10M(50%)
[1093.833s][info][gc] GC(735) Garbage Collection (Proactive) 12M(60%)->10M(50%)
[1094.333s][info][gc] GC(736) Garbage Collection (Proactive) 12M(60%)->10M(50%)
[1094.832s][info][gc] GC(737) Garbage Collection (Proactive) 12M(60%)->10M(50%)
[1095.232s][info][gc] GC(738) Garbage Collection (Proactive) 12M(60%)->10M(50%)
[1095.833s][info][gc] GC(739) Garbage Collection (Proactive) 12M(60%)->10M(50%)
[1096.233s][info][gc] GC(740) Garbage Collection (Proactive) 12M(60%)->10M(50%)
[1096.834s][info][gc] GC(741) Garbage Collection (Proactive) 12M(60%)->10M(50%)
[1097.333s][info][gc] GC(742) Garbage Collection (Proactive) 12M(60%)->10M(50%)
[1097.833s][info][gc] GC(743) Garbage Collection (Proactive) 12M(60%)->10M(50%)
[1098.333s][info][gc] GC(744) Garbage Collection (Proactive) 12M(60%)->10M(50%)
[1098.833s][info][gc] GC(745) Garbage Collection (Proactive) 12M(60%)->10M(50%)
[1099.233s][info][gc] GC(746) Garbage Collection (Proactive) 12M(60%)->10M(50%)
[1099.831s][info][gc] GC(747) Garbage Collection (Proactive) 12M(60%)->10M(50%)
[1100.234s][info][gc] GC(748) Garbage Collection (Proactive) 12M(60%)->10M(50%)
[1100.833s][info][gc] GC(749) Garbage Collection (Proactive) 12M(60%)->10M(50%)
[1101.333s][info][gc] GC(750) Garbage Collection (Proactive) 12M(60%)->10M(50%)
[1101.832s][info][gc] GC(751) Garbage Collection (Proactive) 12M(60%)->10M(50%)
[1102.333s][info][gc] GC(752) Garbage Collection (Proactive) 12M(60%)->10M(50%)
[1102.832s][info][gc] GC(753) Garbage Collection (Proactive) 12M(60%)->10M(50%)
[1103.333s][info][gc] GC(754) Garbage Collection (Proactive) 12M(60%)->10M(50%)
[1103.832s][info][gc] GC(755) Garbage Collection (Proactive) 12M(60%)->10M(50%)
[1104.332s][info][gc] GC(756) Garbage Collection (Proactive) 12M(60%)->10M(50%)
[1104.833s][info][gc] GC(757) Garbage Collection (Proactive) 12M(60%)->10M(50%)
[1105.234s][info][gc] GC(758) Garbage Collection (Proactive) 12M(60%)->10M(50%)
[1105.832s][info][gc] GC(759) Garbage Collection (Proactive) 12M(60%)->10M(50%)
[1106.332s][info][gc] GC(760) Garbage Collection (Proactive) 12M(60%)->10M(50%)
[1106.833s][info][gc] GC(761) Garbage Collection (Proactive) 12M(60%)->10M(50%)
[1107.332s][info][gc] GC(762) Garbage Collection (Proactive) 12M(60%)->10M(50%)
[1107.832s][info][gc] GC(763) Garbage Collection (Proactive) 12M(60%)->10M(50%)
[1108.333s][info][gc] GC(764) Garbage Collection (Proactive) 12M(60%)->10M(50%)
[1108.832s][info][gc] GC(765) Garbage Collection (Proactive) 12M(60%)->10M(50%)
[1109.233s][info][gc] GC(766) Garbage Collection (Proactive) 12M(60%)->10M(50%)
[1109.832s][info][gc] GC(767) Garbage Collection (Proactive) 12M(60%)->10M(50%)
[1110.232s][info][gc] GC(768) Garbage Collection (Proactive) 12M(60%)->10M(50%)
[1110.833s][info][gc] GC(769) Garbage Collection (Proactive) 12M(60%)->10M(50%)
[1111.332s][info][gc] GC(770) Garbage Collection (Proactive) 12M(60%)->10M(50%)
[1111.832s][info][gc] GC(771) Garbage Collection (Proactive) 12M(60%)->10M(50%)
[1112.233s][info][gc] GC(772) Garbage Collection (Proactive) 12M(60%)->10M(50%)
[1112.832s][info][gc] GC(773) Garbage Collection (Proactive) 12M(60%)->10M(50%)
[1113.232s][info][gc] GC(774) Garbage Collection (Proactive) 12M(60%)->10M(50%)
[1113.832s][info][gc] GC(775) Garbage Collection (Proactive) 12M(60%)->10M(50%)
[1114.332s][info][gc] GC(776) Garbage Collection (Proactive) 12M(60%)->10M(50%)
[1114.832s][info][gc] GC(777) Garbage Collection (Proactive) 12M(60%)->10M(50%)
[1115.233s][info][gc] GC(778) Garbage Collection (Proactive) 12M(60%)->10M(50%)
[1115.832s][info][gc] GC(779) Garbage Collection (Proactive) 12M(60%)->10M(50%)
[1116.232s][info][gc] GC(780) Garbage Collection (Proactive) 12M(60%)->10M(50%)
[1116.833s][info][gc] GC(781) Garbage Collection (Proactive) 12M(60%)->10M(50%)
[1117.333s][info][gc] GC(782) Garbage Collection (Proactive) 12M(60%)->10M(50%)
[1117.833s][info][gc] GC(783) Garbage Collection (Proactive) 12M(60%)->10M(50%)
[1118.333s][info][gc] GC(784) Garbage Collection (Proactive) 12M(60%)->10M(50%)
[1118.833s][info][gc] GC(785) Garbage Collection (Proactive) 12M(60%)->10M(50%)
[1119.333s][info][gc] GC(786) Garbage Collection (Proactive) 12M(60%)->10M(50%)
[1119.733s][info][gc] GC(787) Garbage Collection (Proactive) 12M(60%)->10M(50%)
[1120.232s][info][gc] GC(788) Garbage Collection (Proactive) 12M(60%)->10M(50%)
[1120.833s][info][gc] GC(789) Garbage Collection (Proactive) 12M(60%)->10M(50%)
[1121.232s][info][gc] GC(790) Garbage Collection (Proactive) 12M(60%)->10M(50%)
[1121.833s][info][gc] GC(791) Garbage Collection (Proactive) 12M(60%)->10M(50%)
[1122.333s][info][gc] GC(792) Garbage Collection (Proactive) 12M(60%)->10M(50%)
[1122.832s][info][gc] GC(793) Garbage Collection (Proactive) 12M(60%)->10M(50%)
[1123.332s][info][gc] GC(794) Garbage Collection (Proactive) 12M(60%)->10M(50%)
[1123.832s][info][gc] GC(795) Garbage Collection (Proactive) 12M(60%)->10M(50%)
[1124.333s][info][gc] GC(796) Garbage Collection (Proactive) 12M(60%)->10M(50%)
[1124.833s][info][gc] GC(797) Garbage Collection (Proactive) 12M(60%)->10M(50%)
[1125.232s][info][gc] GC(798) Garbage Collection (Proactive) 12M(60%)->10M(50%)
[1125.832s][info][gc] GC(799) Garbage Collection (Proactive) 12M(60%)->10M(50%)
[1126.332s][info][gc] GC(800) Garbage Collection (Proactive) 12M(60%)->10M(50%)
[1126.834s][info][gc] GC(801) Garbage Collection (Proactive) 12M(60%)->10M(50%)
[1127.333s][info][gc] GC(802) Garbage Collection (Proactive) 12M(60%)->10M(50%)
[1127.832s][info][gc] GC(803) Garbage Collection (Proactive) 12M(60%)->10M(50%)
[1128.333s][info][gc] GC(804) Garbage Collection (Proactive) 12M(60%)->10M(50%)
[1128.832s][info][gc] GC(805) Garbage Collection (Proactive) 12M(60%)->10M(50%)
[1129.332s][info][gc] GC(806) Garbage Collection (Proactive) 12M(60%)->10M(50%)
[1129.833s][info][gc] GC(807) Garbage Collection (Proactive) 12M(60%)->10M(50%)
[1130.334s][info][gc] GC(808) Garbage Collection (Proactive) 12M(60%)->10M(50%)
[1130.932s][info][gc] GC(809) Garbage Collection (Proactive) 12M(60%)->10M(50%)
[1131.533s][info][gc] GC(810) Garbage Collection (Proactive) 12M(60%)->10M(50%)
[1132.034s][info][gc] GC(811) Garbage Collection (Proactive) 12M(60%)->10M(50%)
[1132.933s][info][gc] GC(812) Garbage Collection (Proactive) 12M(60%)->10M(50%)
[1133.632s][info][gc] GC(813) Garbage Collection (Proactive) 12M(60%)->10M(50%)
[1134.232s][info][gc] GC(814) Garbage Collection (Proactive) 12M(60%)->10M(50%)
[1134.832s][info][gc] GC(815) Garbage Collection (Proactive) 12M(60%)->10M(50%)
[1135.333s][info][gc] GC(816) Garbage Collection (Proactive) 12M(60%)->10M(50%)
[1135.832s][info][gc] GC(817) Garbage Collection (Proactive) 12M(60%)->10M(50%)
[1136.332s][info][gc] GC(818) Garbage Collection (Proactive) 12M(60%)->10M(50%)
[1136.832s][info][gc] GC(819) Garbage Collection (Proactive) 12M(60%)->10M(50%)
[1137.332s][info][gc] GC(820) Garbage Collection (Proactive) 12M(60%)->10M(50%)
[1137.833s][info][gc] GC(821) Garbage Collection (Proactive) 12M(60%)->10M(50%)
[1138.232s][info][gc] GC(822) Garbage Collection (Proactive) 12M(60%)->10M(50%)
[1138.832s][info][gc] GC(823) Garbage Collection (Proactive) 12M(60%)->10M(50%)
[1139.233s][info][gc] GC(824) Garbage Collection (Proactive) 12M(60%)->10M(50%)
[1139.832s][info][gc] GC(825) Garbage Collection (Proactive) 12M(60%)->10M(50%)
[1140.332s][info][gc] GC(826) Garbage Collection (Proactive) 12M(60%)->10M(50%)
[1140.833s][info][gc] GC(827) Garbage Collection (Proactive) 12M(60%)->10M(50%)
[1141.333s][info][gc] GC(828) Garbage Collection (Proactive) 12M(60%)->10M(50%)
[1141.834s][info][gc] GC(829) Garbage Collection (Proactive) 12M(60%)->10M(50%)
[1142.333s][info][gc] GC(830) Garbage Collection (Proactive) 12M(60%)->10M(50%)
[1142.832s][info][gc] GC(831) Garbage Collection (Proactive) 12M(60%)->10M(50%)
[1143.232s][info][gc] GC(832) Garbage Collection (Proactive) 12M(60%)->10M(50%)
[1143.833s][info][gc] GC(833) Garbage Collection (Proactive) 12M(60%)->10M(50%)
[1144.232s][info][gc] GC(834) Garbage Collection (Proactive) 12M(60%)->10M(50%)
[1144.833s][info][gc] GC(835) Garbage Collection (Proactive) 12M(60%)->10M(50%)
[1145.233s][info][gc] GC(836) Garbage Collection (Proactive) 12M(60%)->10M(50%)
[1145.833s][info][gc] GC(837) Garbage Collection (Proactive) 12M(60%)->10M(50%)
[1146.233s][info][gc] GC(838) Garbage Collection (Proactive) 12M(60%)->10M(50%)
[1146.833s][info][gc] GC(839) Garbage Collection (Proactive) 12M(60%)->10M(50%)
[1147.233s][info][gc] GC(840) Garbage Collection (Proactive) 12M(60%)->10M(50%)
[1147.833s][info][gc] GC(841) Garbage Collection (Proactive) 12M(60%)->10M(50%)
[1148.233s][info][gc] GC(842) Garbage Collection (Proactive) 12M(60%)->10M(50%)
[1148.832s][info][gc] GC(843) Garbage Collection (Proactive) 12M(60%)->10M(50%)
[1149.333s][info][gc] GC(844) Garbage Collection (Proactive) 12M(60%)->10M(50%)
[1149.832s][info][gc] GC(845) Garbage Collection (Proactive) 12M(60%)->10M(50%)
[1150.233s][info][gc] GC(846) Garbage Collection (Proactive) 12M(60%)->10M(50%)
[1150.833s][info][gc] GC(847) Garbage Collection (Proactive) 12M(60%)->10M(50%)
[1151.233s][info][gc] GC(848) Garbage Collection (Proactive) 12M(60%)->10M(50%)
[1151.833s][info][gc] GC(849) Garbage Collection (Proactive) 12M(60%)->10M(50%)
[1152.333s][info][gc] GC(850) Garbage Collection (Proactive) 12M(60%)->10M(50%)
[1152.832s][info][gc] GC(851) Garbage Collection (Proactive) 12M(60%)->10M(50%)
[1153.333s][info][gc] GC(852) Garbage Collection (Proactive) 12M(60%)->10M(50%)
[1153.833s][info][gc] GC(853) Garbage Collection (Proactive) 12M(60%)->10M(50%)
[1154.333s][info][gc] GC(854) Garbage Collection (Proactive) 12M(60%)->10M(50%)
[1154.833s][info][gc] GC(855) Garbage Collection (Proactive) 12M(60%)->10M(50%)
[1155.233s][info][gc] GC(856) Garbage Collection (Proactive) 12M(60%)->10M(50%)
[1155.834s][info][gc] GC(857) Garbage Collection (Proactive) 12M(60%)->10M(50%)
[1156.333s][info][gc] GC(858) Garbage Collection (Proactive) 12M(60%)->10M(50%)
[1156.833s][info][gc] GC(859) Garbage Collection (Proactive) 12M(60%)->10M(50%)
[1157.333s][info][gc] GC(860) Garbage Collection (Proactive) 12M(60%)->10M(50%)
[1157.832s][info][gc] GC(861) Garbage Collection (Proactive) 12M(60%)->10M(50%)
[1158.232s][info][gc] GC(862) Garbage Collection (Proactive) 12M(60%)->10M(50%)
[1158.833s][info][gc] GC(863) Garbage Collection (Proactive) 12M(60%)->10M(50%)
[1159.233s][info][gc] GC(864) Garbage Collection (Proactive) 12M(60%)->10M(50%)
[1159.832s][info][gc] GC(865) Garbage Collection (Proactive) 12M(60%)->10M(50%)
[1160.232s][info][gc] GC(866) Garbage Collection (Proactive) 12M(60%)->10M(50%)
[1160.833s][info][gc] GC(867) Garbage Collection (Proactive) 12M(60%)->10M(50%)
[1161.233s][info][gc] GC(868) Garbage Collection (Proactive) 12M(60%)->10M(50%)
[1161.833s][info][gc] GC(869) Garbage Collection (Proactive) 12M(60%)->10M(50%)
[1162.233s][info][gc] GC(870) Garbage Collection (Proactive) 12M(60%)->10M(50%)
[1162.832s][info][gc] GC(871) Garbage Collection (Proactive) 12M(60%)->10M(50%)
[1163.233s][info][gc] GC(872) Garbage Collection (Proactive) 12M(60%)->10M(50%)
[1163.833s][info][gc] GC(873) Garbage Collection (Proactive) 12M(60%)->10M(50%)
[1164.233s][info][gc] GC(874) Garbage Collection (Proactive) 12M(60%)->10M(50%)
[1164.832s][info][gc] GC(875) Garbage Collection (Proactive) 12M(60%)->10M(50%)
[1165.333s][info][gc] GC(876) Garbage Collection (Proactive) 12M(60%)->10M(50%)
[1165.833s][info][gc] GC(877) Garbage Collection (Proactive) 12M(60%)->10M(50%)
[1166.333s][info][gc] GC(878) Garbage Collection (Proactive) 12M(60%)->10M(50%)
[1166.833s][info][gc] GC(879) Garbage Collection (Proactive) 12M(60%)->10M(50%)
[1167.233s][info][gc] GC(880) Garbage Collection (Proactive) 12M(60%)->10M(50%)
[1167.833s][info][gc] GC(881) Garbage Collection (Proactive) 12M(60%)->10M(50%)
[1168.233s][info][gc] GC(882) Garbage Collection (Proactive) 12M(60%)->10M(50%)
[1168.832s][info][gc] GC(883) Garbage Collection (Proactive) 12M(60%)->10M(50%)
[1169.232s][info][gc] GC(884) Garbage Collection (Proactive) 12M(60%)->10M(50%)
[1169.832s][info][gc] GC(885) Garbage Collection (Proactive) 12M(60%)->10M(50%)
[1170.232s][info][gc] GC(886) Garbage Collection (Proactive) 12M(60%)->10M(50%)
[1170.833s][info][gc] GC(887) Garbage Collection (Proactive) 12M(60%)->10M(50%)
[1171.233s][info][gc] GC(888) Garbage Collection (Proactive) 12M(60%)->10M(50%)
[1171.832s][info][gc] GC(889) Garbage Collection (Proactive) 12M(60%)->10M(50%)
[1172.232s][info][gc] GC(890) Garbage Collection (Proactive) 12M(60%)->10M(50%)
[1172.833s][info][gc] GC(891) Garbage Collection (Proactive) 12M(60%)->10M(50%)
[1173.233s][info][gc] GC(892) Garbage Collection (Proactive) 12M(60%)->10M(50%)
[1173.833s][info][gc] GC(893) Garbage Collection (Proactive) 12M(60%)->10M(50%)
[1174.333s][info][gc] GC(894) Garbage Collection (Proactive) 12M(60%)->10M(50%)
[1174.833s][info][gc] GC(895) Garbage Collection (Proactive) 12M(60%)->10M(50%)
[1175.333s][info][gc] GC(896) Garbage Collection (Proactive) 12M(60%)->10M(50%)
[1175.833s][info][gc] GC(897) Garbage Collection (Proactive) 12M(60%)->10M(50%)
[1176.333s][info][gc] GC(898) Garbage Collection (Proactive) 12M(60%)->10M(50%)
[1176.832s][info][gc] GC(899) Garbage Collection (Proactive) 12M(60%)->10M(50%)
[1177.333s][info][gc] GC(900) Garbage Collection (Proactive) 12M(60%)->10M(50%)
[1177.833s][info][gc] GC(901) Garbage Collection (Proactive) 12M(60%)->10M(50%)
[1178.333s][info][gc] GC(902) Garbage Collection (Proactive) 12M(60%)->10M(50%)
[1178.832s][info][gc] GC(903) Garbage Collection (Proactive) 12M(60%)->10M(50%)
[1179.333s][info][gc] GC(904) Garbage Collection (Proactive) 12M(60%)->10M(50%)
[1179.833s][info][gc] GC(905) Garbage Collection (Proactive) 12M(60%)->10M(50%)
[1180.333s][info][gc] GC(906) Garbage Collection (Proactive) 12M(60%)->10M(50%)
[1180.832s][info][gc] GC(907) Garbage Collection (Proactive) 12M(60%)->10M(50%)
[1181.332s][info][gc] GC(908) Garbage Collection (Proactive) 12M(60%)->10M(50%)
[1181.832s][info][gc] GC(909) Garbage Collection (Proactive) 12M(60%)->10M(50%)
[1182.232s][info][gc] GC(910) Garbage Collection (Proactive) 12M(60%)->10M(50%)
[1182.833s][info][gc] GC(911) Garbage Collection (Proactive) 12M(60%)->10M(50%)
[1183.333s][info][gc] GC(912) Garbage Collection (Proactive) 12M(60%)->10M(50%)
[1183.833s][info][gc] GC(913) Garbage Collection (Proactive) 12M(60%)->10M(50%)
[1184.233s][info][gc] GC(914) Garbage Collection (Proactive) 12M(60%)->10M(50%)
[1184.832s][info][gc] GC(915) Garbage Collection (Proactive) 12M(60%)->10M(50%)
[1185.232s][info][gc] GC(916) Garbage Collection (Proactive) 12M(60%)->10M(50%)
[1185.833s][info][gc] GC(917) Garbage Collection (Proactive) 12M(60%)->10M(50%)
[1186.233s][info][gc] GC(918) Garbage Collection (Proactive) 12M(60%)->10M(50%)
[1186.833s][info][gc] GC(919) Garbage Collection (Proactive) 12M(60%)->10M(50%)
[1187.333s][info][gc] GC(920) Garbage Collection (Proactive) 12M(60%)->10M(50%)
[1187.833s][info][gc] GC(921) Garbage Collection (Proactive) 12M(60%)->10M(50%)
[1188.232s][info][gc] GC(922) Garbage Collection (Proactive) 12M(60%)->10M(50%)
[1188.833s][info][gc] GC(923) Garbage Collection (Proactive) 12M(60%)->10M(50%)
[1189.333s][info][gc] GC(924) Garbage Collection (Proactive) 12M(60%)->10M(50%)
[1189.833s][info][gc] GC(925) Garbage Collection (Proactive) 12M(60%)->10M(50%)
[1190.233s][info][gc] GC(926) Garbage Collection (Proactive) 12M(60%)->10M(50%)
[1190.834s][info][gc] GC(927) Garbage Collection (Proactive) 12M(60%)->10M(50%)
[1191.333s][info][gc] GC(928) Garbage Collection (Proactive) 12M(60%)->10M(50%)
[1191.832s][info][gc] GC(929) Garbage Collection (Proactive) 12M(60%)->10M(50%)
[1192.333s][info][gc] GC(930) Garbage Collection (Proactive) 12M(60%)->10M(50%)
[1192.833s][info][gc] GC(931) Garbage Collection (Proactive) 12M(60%)->10M(50%)
[1193.233s][info][gc] GC(932) Garbage Collection (Proactive) 12M(60%)->10M(50%)
[1193.833s][info][gc] GC(933) Garbage Collection (Proactive) 12M(60%)->10M(50%)
[1194.233s][info][gc] GC(934) Garbage Collection (Proactive) 12M(60%)->10M(50%)
[1194.833s][info][gc] GC(935) Garbage Collection (Proactive) 12M(60%)->10M(50%)
[1195.233s][info][gc] GC(936) Garbage Collection (Proactive) 12M(60%)->10M(50%)
[1195.833s][info][gc] GC(937) Garbage Collection (Proactive) 12M(60%)->10M(50%)
[1196.232s][info][gc] GC(938) Garbage Collection (Proactive) 12M(60%)->10M(50%)
[1196.833s][info][gc] GC(939) Garbage Collection (Proactive) 12M(60%)->10M(50%)
[1197.333s][info][gc] GC(940) Garbage Collection (Proactive) 12M(60%)->10M(50%)
[1197.832s][info][gc] GC(941) Garbage Collection (Proactive) 12M(60%)->10M(50%)
[1198.232s][info][gc] GC(942) Garbage Collection (Proactive) 12M(60%)->10M(50%)
[1198.832s][info][gc] GC(943) Garbage Collection (Proactive) 12M(60%)->10M(50%)
[1199.233s][info][gc] GC(944) Garbage Collection (Proactive) 12M(60%)->10M(50%)
[1199.833s][info][gc] GC(945) Garbage Collection (Proactive) 12M(60%)->10M(50%)
[1200.333s][info][gc] GC(946) Garbage Collection (Proactive) 12M(60%)->10M(50%)
[1200.733s][info][gc] GC(947) Garbage Collection (Proactive) 12M(60%)->10M(50%)
[1201.233s][info][gc] GC(948) Garbage Collection (Proactive) 12M(60%)->10M(50%)
[1201.834s][info][gc] GC(949) Garbage Collection (Proactive) 12M(60%)->10M(50%)
[1202.332s][info][gc] GC(950) Garbage Collection (Proactive) 12M(60%)->10M(50%)
[1202.833s][info][gc] GC(951) Garbage Collection (Proactive) 12M(60%)->10M(50%)
[1203.332s][info][gc] GC(952) Garbage Collection (Proactive) 12M(60%)->10M(50%)
[1203.833s][info][gc] GC(953) Garbage Collection (Proactive) 12M(60%)->10M(50%)
[1204.333s][info][gc] GC(954) Garbage Collection (Proactive) 12M(60%)->10M(50%)
[1204.833s][info][gc] GC(955) Garbage Collection (Proactive) 12M(60%)->10M(50%)
[1205.332s][info][gc] GC(956) Garbage Collection (Proactive) 12M(60%)->10M(50%)
[1205.833s][info][gc] GC(957) Garbage Collection (Proactive) 12M(60%)->10M(50%)
[1206.332s][info][gc] GC(958) Garbage Collection (Proactive) 12M(60%)->10M(50%)
[1206.833s][info][gc] GC(959) Garbage Collection (Proactive) 12M(60%)->10M(50%)
[1207.233s][info][gc] GC(960) Garbage Collection (Proactive) 12M(60%)->10M(50%)
[1207.833s][info][gc] GC(961) Garbage Collection (Proactive) 12M(60%)->10M(50%)
[1208.332s][info][gc] GC(962) Garbage Collection (Proactive) 12M(60%)->10M(50%)
[1208.832s][info][gc] GC(963) Garbage Collection (Proactive) 12M(60%)->10M(50%)
[1209.232s][info][gc] GC(964) Garbage Collection (Proactive) 12M(60%)->10M(50%)
[1209.833s][info][gc] GC(965) Garbage Collection (Proactive) 12M(60%)->10M(50%)
[1210.233s][info][gc] GC(966) Garbage Collection (Proactive) 12M(60%)->10M(50%)
[1210.832s][info][gc] GC(967) Garbage Collection (Proactive) 12M(60%)->10M(50%)
[1211.232s][info][gc] GC(968) Garbage Collection (Proactive) 12M(60%)->10M(50%)
[1211.832s][info][gc] GC(969) Garbage Collection (Proactive) 12M(60%)->10M(50%)
[1212.232s][info][gc] GC(970) Garbage Collection (Proactive) 12M(60%)->10M(50%)
[1212.832s][info][gc] GC(971) Garbage Collection (Proactive) 12M(60%)->10M(50%)
[1213.233s][info][gc] GC(972) Garbage Collection (Proactive) 12M(60%)->10M(50%)
[1213.833s][info][gc] GC(973) Garbage Collection (Proactive) 12M(60%)->10M(50%)
[1214.232s][info][gc] GC(974) Garbage Collection (Proactive) 12M(60%)->10M(50%)
[1214.832s][info][gc] GC(975) Garbage Collection (Proactive) 12M(60%)->10M(50%)
[1215.233s][info][gc] GC(976) Garbage Collection (Proactive) 12M(60%)->10M(50%)
[1215.833s][info][gc] GC(977) Garbage Collection (Proactive) 12M(60%)->10M(50%)
[1216.332s][info][gc] GC(978) Garbage Collection (Proactive) 12M(60%)->10M(50%)
[1216.833s][info][gc] GC(979) Garbage Collection (Proactive) 12M(60%)->10M(50%)
[1217.232s][info][gc] GC(980) Garbage Collection (Proactive) 12M(60%)->10M(50%)
[1217.833s][info][gc] GC(981) Garbage Collection (Proactive) 12M(60%)->10M(50%)
[1218.333s][info][gc] GC(982) Garbage Collection (Proactive) 12M(60%)->10M(50%)
[1218.833s][info][gc] GC(983) Garbage Collection (Proactive) 12M(60%)->10M(50%)
[1219.333s][info][gc] GC(984) Garbage Collection (Proactive) 12M(60%)->10M(50%)
[1219.832s][info][gc] GC(985) Garbage Collection (Proactive) 12M(60%)->10M(50%)
[1220.234s][info][gc] GC(986) Garbage Collection (Proactive) 12M(60%)->10M(50%)
[1220.832s][info][gc] GC(987) Garbage Collection (Proactive) 12M(60%)->10M(50%)
[1221.333s][info][gc] GC(988) Garbage Collection (Proactive) 12M(60%)->10M(50%)
[1221.832s][info][gc] GC(989) Garbage Collection (Proactive) 12M(60%)->10M(50%)
[1222.233s][info][gc] GC(990) Garbage Collection (Proactive) 12M(60%)->10M(50%)
[1222.832s][info][gc] GC(991) Garbage Collection (Proactive) 12M(60%)->10M(50%)
[1223.232s][info][gc] GC(992) Garbage Collection (Proactive) 12M(60%)->10M(50%)
[1223.833s][info][gc] GC(993) Garbage Collection (Proactive) 12M(60%)->10M(50%)
[1224.233s][info][gc] GC(994) Garbage Collection (Proactive) 12M(60%)->10M(50%)
[1224.832s][info][gc] GC(995) Garbage Collection (Proactive) 12M(60%)->10M(50%)
[1225.233s][info][gc] GC(996) Garbage Collection (Proactive) 12M(60%)->10M(50%)
[1225.833s][info][gc] GC(997) Garbage Collection (Proactive) 12M(60%)->12M(60%)
[1243.131s][info][gc] GC(998) Garbage Collection (Proactive) 14M(70%)->10M(50%)
[1243.835s][info][gc] GC(999) Garbage Collection (Proactive) 12M(60%)->10M(50%)
[1244.533s][info][gc] GC(1000) Garbage Collection (Proactive) 12M(60%)->10M(50%)
[1245.133s][info][gc] GC(1001) Garbage Collection (Proactive) 12M(60%)->10M(50%)
[1245.833s][info][gc] GC(1002) Garbage Collection (Proactive) 12M(60%)->10M(50%)
[1246.332s][info][gc] GC(1003) Garbage Collection (Proactive) 12M(60%)->10M(50%)
[1246.832s][info][gc] GC(1004) Garbage Collection (Proactive) 12M(60%)->10M(50%)
[1247.333s][info][gc] GC(1005) Garbage Collection (Proactive) 12M(60%)->10M(50%)
[1247.834s][info][gc] GC(1006) Garbage Collection (Proactive) 12M(60%)->10M(50%)
[1248.333s][info][gc] GC(1007) Garbage Collection (Proactive) 12M(60%)->10M(50%)
[1248.833s][info][gc] GC(1008) Garbage Collection (Proactive) 12M(60%)->10M(50%)
[1249.333s][info][gc] GC(1009) Garbage Collection (Proactive) 12M(60%)->10M(50%)
[1249.833s][info][gc] GC(1010) Garbage Collection (Proactive) 12M(60%)->10M(50%)
[1250.233s][info][gc] GC(1011) Garbage Collection (Proactive) 12M(60%)->10M(50%)
[1250.832s][info][gc] GC(1012) Garbage Collection (Proactive) 12M(60%)->10M(50%)
[1251.332s][info][gc] GC(1013) Garbage Collection (Proactive) 12M(60%)->10M(50%)
[1251.833s][info][gc] GC(1014) Garbage Collection (Proactive) 12M(60%)->10M(50%)
[1252.332s][info][gc] GC(1015) Garbage Collection (Proactive) 12M(60%)->10M(50%)
[1252.832s][info][gc] GC(1016) Garbage Collection (Proactive) 12M(60%)->10M(50%)
[1253.233s][info][gc] GC(1017) Garbage Collection (Proactive) 12M(60%)->10M(50%)
[1253.832s][info][gc] GC(1018) Garbage Collection (Proactive) 12M(60%)->10M(50%)
[1254.332s][info][gc] GC(1019) Garbage Collection (Proactive) 12M(60%)->10M(50%)
[1254.834s][info][gc] GC(1020) Garbage Collection (Proactive) 12M(60%)->10M(50%)
[1255.438s][info][gc] GC(1021) Garbage Collection (Proactive) 12M(60%)->10M(50%)
[1256.632s][info][gc] GC(1022) Garbage Collection (Proactive) 12M(60%)->10M(50%)
[1257.533s][info][gc] GC(1023) Garbage Collection (Proactive) 12M(60%)->10M(50%)
[1258.232s][info][gc] GC(1024) Garbage Collection (Proactive) 12M(60%)->10M(50%)
[1258.833s][info][gc] GC(1025) Garbage Collection (Proactive) 12M(60%)->10M(50%)
[1259.332s][info][gc] GC(1026) Garbage Collection (Proactive) 12M(60%)->10M(50%)
[1259.833s][info][gc] GC(1027) Garbage Collection (Proactive) 12M(60%)->10M(50%)
[1260.333s][info][gc] GC(1028) Garbage Collection (Proactive) 12M(60%)->10M(50%)
[1260.833s][info][gc] GC(1029) Garbage Collection (Proactive) 12M(60%)->10M(50%)
[1261.335s][info][gc] GC(1030) Garbage Collection (Proactive) 12M(60%)->10M(50%)
[1262.140s][info][gc] GC(1031) Garbage Collection (Proactive) 12M(60%)->10M(50%)
[1263.833s][info][gc] GC(1032) Garbage Collection (Proactive) 12M(60%)->10M(50%)
[1265.142s][info][gc] GC(1033) Garbage Collection (Proactive) 12M(60%)->10M(50%)
[1266.733s][info][gc] GC(1034) Garbage Collection (Proactive) 12M(60%)->10M(50%)
[1268.144s][info][gc] GC(1035) Garbage Collection (Proactive) 12M(60%)->10M(50%)
[1269.833s][info][gc] GC(1036) Garbage Collection (Proactive) 12M(60%)->10M(50%)
[1271.232s][info][gc] GC(1037) Garbage Collection (Proactive) 12M(60%)->10M(50%)
[1272.232s][info][gc] GC(1038) Garbage Collection (Proactive) 12M(60%)->10M(50%)
[1272.933s][info][gc] GC(1039) Garbage Collection (Proactive) 12M(60%)->10M(50%)
[1273.532s][info][gc] GC(1040) Garbage Collection (Proactive) 12M(60%)->10M(50%)
[1274.033s][info][gc] GC(1041) Garbage Collection (Proactive) 12M(60%)->10M(50%)
[1274.533s][info][gc] GC(1042) Garbage Collection (Proactive) 12M(60%)->10M(50%)
[1275.033s][info][gc] GC(1043) Garbage Collection (Proactive) 12M(60%)->10M(50%)
[1275.533s][info][gc] GC(1044) Garbage Collection (Proactive) 12M(60%)->10M(50%)
[1276.033s][info][gc] GC(1045) Garbage Collection (Proactive) 12M(60%)->10M(50%)
[1276.532s][info][gc] GC(1046) Garbage Collection (Proactive) 12M(60%)->10M(50%)
[1277.032s][info][gc] GC(1047) Garbage Collection (Proactive) 12M(60%)->10M(50%)
[1277.533s][info][gc] GC(1048) Garbage Collection (Proactive) 12M(60%)->10M(50%)
[1278.032s][info][gc] GC(1049) Garbage Collection (Proactive) 12M(60%)->10M(50%)
[1278.533s][info][gc] GC(1050) Garbage Collection (Proactive) 12M(60%)->10M(50%)
[1279.032s][info][gc] GC(1051) Garbage Collection (Proactive) 12M(60%)->10M(50%)
[1279.432s][info][gc] GC(1052) Garbage Collection (Proactive) 12M(60%)->10M(50%)
[1279.833s][info][gc] GC(1053) Garbage Collection (Proactive) 12M(60%)->10M(50%)
[1280.233s][info][gc] GC(1054) Garbage Collection (Proactive) 12M(60%)->10M(50%)
[1280.832s][info][gc] GC(1055) Garbage Collection (Proactive) 12M(60%)->10M(50%)
[1281.232s][info][gc] GC(1056) Garbage Collection (Proactive) 12M(60%)->10M(50%)
[1281.833s][info][gc] GC(1057) Garbage Collection (Proactive) 12M(60%)->10M(50%)
[1282.333s][info][gc] GC(1058) Garbage Collection (Proactive) 12M(60%)->10M(50%)
[1282.833s][info][gc] GC(1059) Garbage Collection (Proactive) 12M(60%)->10M(50%)
[1283.333s][info][gc] GC(1060) Garbage Collection (Proactive) 12M(60%)->10M(50%)
[1283.832s][info][gc] GC(1061) Garbage Collection (Proactive) 12M(60%)->10M(50%)
[1284.232s][info][gc] GC(1062) Garbage Collection (Proactive) 12M(60%)->10M(50%)
[1284.833s][info][gc] GC(1063) Garbage Collection (Proactive) 12M(60%)->10M(50%)
[1285.332s][info][gc] GC(1064) Garbage Collection (Proactive) 12M(60%)->10M(50%)
[1285.833s][info][gc] GC(1065) Garbage Collection (Proactive) 12M(60%)->10M(50%)
[1286.233s][info][gc] GC(1066) Garbage Collection (Proactive) 12M(60%)->10M(50%)
[1286.833s][info][gc] GC(1067) Garbage Collection (Proactive) 12M(60%)->10M(50%)
[1287.332s][info][gc] GC(1068) Garbage Collection (Proactive) 12M(60%)->10M(50%)
[1287.833s][info][gc] GC(1069) Garbage Collection (Proactive) 12M(60%)->10M(50%)
[1288.332s][info][gc] GC(1070) Garbage Collection (Proactive) 12M(60%)->10M(50%)
[1288.833s][info][gc] GC(1071) Garbage Collection (Proactive) 12M(60%)->10M(50%)
[1289.333s][info][gc] GC(1072) Garbage Collection (Proactive) 12M(60%)->10M(50%)
[1289.832s][info][gc] GC(1073) Garbage Collection (Proactive) 12M(60%)->10M(50%)
[1290.232s][info][gc] GC(1074) Garbage Collection (Proactive) 12M(60%)->10M(50%)
[1290.832s][info][gc] GC(1075) Garbage Collection (Proactive) 12M(60%)->10M(50%)
[1291.333s][info][gc] GC(1076) Garbage Collection (Proactive) 12M(60%)->10M(50%)
[1291.833s][info][gc] GC(1077) Garbage Collection (Proactive) 12M(60%)->10M(50%)
[1292.232s][info][gc] GC(1078) Garbage Collection (Proactive) 12M(60%)->10M(50%)
[1292.834s][info][gc] GC(1079) Garbage Collection (Proactive) 12M(60%)->10M(50%)
[1293.433s][info][gc] GC(1080) Garbage Collection (Proactive) 12M(60%)->10M(50%)
[1294.032s][info][gc] GC(1081) Garbage Collection (Proactive) 12M(60%)->10M(50%)
[1294.533s][info][gc] GC(1082) Garbage Collection (Proactive) 12M(60%)->10M(50%)
[1295.032s][info][gc] GC(1083) Garbage Collection (Proactive) 12M(60%)->10M(50%)
[1295.533s][info][gc] GC(1084) Garbage Collection (Proactive) 12M(60%)->10M(50%)
[1296.033s][info][gc] GC(1085) Garbage Collection (Proactive) 12M(60%)->10M(50%)
[1296.433s][info][gc] GC(1086) Garbage Collection (Proactive) 12M(60%)->10M(50%)
[1296.832s][info][gc] GC(1087) Garbage Collection (Proactive) 12M(60%)->10M(50%)
[1297.231s][info][gc] GC(1088) Garbage Collection (Proactive) 12M(60%)->10M(50%)
[1297.833s][info][gc] GC(1089) Garbage Collection (Proactive) 12M(60%)->10M(50%)
[1298.332s][info][gc] GC(1090) Garbage Collection (Proactive) 12M(60%)->10M(50%)
[1298.833s][info][gc] GC(1091) Garbage Collection (Proactive) 12M(60%)->10M(50%)
[1299.232s][info][gc] GC(1092) Garbage Collection (Proactive) 12M(60%)->10M(50%)
[1299.633s][info][gc] GC(1093) Garbage Collection (Proactive) 12M(60%)->10M(50%)
[1300.133s][info][gc] GC(1094) Garbage Collection (Proactive) 12M(60%)->12M(60%)
[1317.233s][info][gc] GC(1095) Garbage Collection (Proactive) 14M(70%)->10M(50%)
[1317.933s][info][gc] GC(1096) Garbage Collection (Proactive) 12M(60%)->10M(50%)
[1318.534s][info][gc] GC(1097) Garbage Collection (Proactive) 12M(60%)->10M(50%)
[1319.133s][info][gc] GC(1098) Garbage Collection (Proactive) 12M(60%)->10M(50%)
[1319.733s][info][gc] GC(1099) Garbage Collection (Proactive) 12M(60%)->10M(50%)
[1320.233s][info][gc] GC(1100) Garbage Collection (Proactive) 12M(60%)->10M(50%)
[1320.734s][info][gc] GC(1101) Garbage Collection (Proactive) 12M(60%)->10M(50%)
[1321.234s][info][gc] GC(1102) Garbage Collection (Proactive) 12M(60%)->10M(50%)
[1321.935s][info][gc] GC(1103) Garbage Collection (Proactive) 12M(60%)->10M(50%)
[1322.533s][info][gc] GC(1104) Garbage Collection (Proactive) 12M(60%)->10M(50%)
[1323.133s][info][gc] GC(1105) Garbage Collection (Proactive) 12M(60%)->10M(50%)
[1323.633s][info][gc] GC(1106) Garbage Collection (Proactive) 12M(60%)->10M(50%)
[1324.134s][info][gc] GC(1107) Garbage Collection (Proactive) 12M(60%)->10M(50%)
[1324.734s][info][gc] GC(1108) Garbage Collection (Proactive) 12M(60%)->10M(50%)
[1325.332s][info][gc] GC(1109) Garbage Collection (Proactive) 12M(60%)->10M(50%)
[1325.932s][info][gc] GC(1110) Garbage Collection (Proactive) 12M(60%)->10M(50%)
[1326.432s][info][gc] GC(1111) Garbage Collection (Proactive) 12M(60%)->10M(50%)
[1326.933s][info][gc] GC(1112) Garbage Collection (Proactive) 12M(60%)->10M(50%)
[1327.333s][info][gc] GC(1113) Garbage Collection (Proactive) 12M(60%)->10M(50%)
[1327.932s][info][gc] GC(1114) Garbage Collection (Proactive) 12M(60%)->10M(50%)
[1328.436s][info][gc] GC(1115) Garbage Collection (Proactive) 12M(60%)->10M(50%)
[1329.232s][info][gc] GC(1116) Garbage Collection (Proactive) 12M(60%)->10M(50%)
[1329.933s][info][gc] GC(1117) Garbage Collection (Proactive) 12M(60%)->10M(50%)
[1330.535s][info][gc] GC(1118) Garbage Collection (Proactive) 12M(60%)->10M(50%)
[1331.133s][info][gc] GC(1119) Garbage Collection (Proactive) 12M(60%)->10M(50%)
[1331.632s][info][gc] GC(1120) Garbage Collection (Proactive) 12M(60%)->10M(50%)
[1332.132s][info][gc] GC(1121) Garbage Collection (Proactive) 12M(60%)->10M(50%)
[1332.632s][info][gc] GC(1122) Garbage Collection (Proactive) 12M(60%)->10M(50%)
[1333.132s][info][gc] GC(1123) Garbage Collection (Proactive) 12M(60%)->10M(50%)
[1333.633s][info][gc] GC(1124) Garbage Collection (Proactive) 12M(60%)->10M(50%)
[1334.133s][info][gc] GC(1125) Garbage Collection (Proactive) 12M(60%)->10M(50%)
[1334.632s][info][gc] GC(1126) Garbage Collection (Proactive) 12M(60%)->10M(50%)
[1335.133s][info][gc] GC(1127) Garbage Collection (Proactive) 12M(60%)->10M(50%)
[1335.632s][info][gc] GC(1128) Garbage Collection (Proactive) 12M(60%)->10M(50%)
[1336.132s][info][gc] GC(1129) Garbage Collection (Proactive) 12M(60%)->10M(50%)
[1336.632s][info][gc] GC(1130) Garbage Collection (Proactive) 12M(60%)->10M(50%)
[1337.033s][info][gc] GC(1131) Garbage Collection (Proactive) 12M(60%)->10M(50%)
[1337.432s][info][gc] GC(1132) Garbage Collection (Proactive) 12M(60%)->10M(50%)
[1337.933s][info][gc] GC(1133) Garbage Collection (Proactive) 12M(60%)->10M(50%)
[1338.332s][info][gc] GC(1134) Garbage Collection (Proactive) 12M(60%)->10M(50%)
[1338.933s][info][gc] GC(1135) Garbage Collection (Proactive) 12M(60%)->10M(50%)
[1339.433s][info][gc] GC(1136) Garbage Collection (Proactive) 12M(60%)->10M(50%)
[1339.932s][info][gc] GC(1137) Garbage Collection (Proactive) 12M(60%)->10M(50%)
[1340.332s][info][gc] GC(1138) Garbage Collection (Proactive) 12M(60%)->10M(50%)
[1340.933s][info][gc] GC(1139) Garbage Collection (Proactive) 12M(60%)->10M(50%)
[1341.333s][info][gc] GC(1140) Garbage Collection (Proactive) 12M(60%)->10M(50%)
[1341.933s][info][gc] GC(1141) Garbage Collection (Proactive) 12M(60%)->10M(50%)
[1342.432s][info][gc] GC(1142) Garbage Collection (Proactive) 12M(60%)->10M(50%)
[1342.932s][info][gc] GC(1143) Garbage Collection (Proactive) 12M(60%)->10M(50%)
[1343.432s][info][gc] GC(1144) Garbage Collection (Proactive) 12M(60%)->10M(50%)
[1343.932s][info][gc] GC(1145) Garbage Collection (Proactive) 12M(60%)->10M(50%)
[1344.331s][info][gc] GC(1146) Garbage Collection (Proactive) 12M(60%)->10M(50%)
[1344.932s][info][gc] GC(1147) Garbage Collection (Proactive) 12M(60%)->10M(50%)
[1345.332s][info][gc] GC(1148) Garbage Collection (Proactive) 12M(60%)->10M(50%)
[1345.932s][info][gc] GC(1149) Garbage Collection (Proactive) 12M(60%)->10M(50%)
[1346.332s][info][gc] GC(1150) Garbage Collection (Proactive) 12M(60%)->10M(50%)
[1346.932s][info][gc] GC(1151) Garbage Collection (Proactive) 12M(60%)->10M(50%)
[1347.332s][info][gc] GC(1152) Garbage Collection (Proactive) 12M(60%)->10M(50%)
[1347.932s][info][gc] GC(1153) Garbage Collection (Proactive) 12M(60%)->10M(50%)
[1348.332s][info][gc] GC(1154) Garbage Collection (Proactive) 12M(60%)->10M(50%)
[1348.933s][info][gc] GC(1155) Garbage Collection (Proactive) 12M(60%)->10M(50%)
[1349.332s][info][gc] GC(1156) Garbage Collection (Proactive) 12M(60%)->10M(50%)
[1349.933s][info][gc] GC(1157) Garbage Collection (Proactive) 12M(60%)->10M(50%)
[1350.433s][info][gc] GC(1158) Garbage Collection (Proactive) 12M(60%)->10M(50%)
[1350.932s][info][gc] GC(1159) Garbage Collection (Proactive) 12M(60%)->10M(50%)
[1351.433s][info][gc] GC(1160) Garbage Collection (Proactive) 12M(60%)->10M(50%)
[1351.932s][info][gc] GC(1161) Garbage Collection (Proactive) 12M(60%)->10M(50%)
[1352.433s][info][gc] GC(1162) Garbage Collection (Proactive) 12M(60%)->10M(50%)
[1352.933s][info][gc] GC(1163) Garbage Collection (Proactive) 12M(60%)->10M(50%)
[1353.333s][info][gc] GC(1164) Garbage Collection (Proactive) 12M(60%)->10M(50%)
[1353.933s][info][gc] GC(1165) Garbage Collection (Proactive) 12M(60%)->10M(50%)
[1354.332s][info][gc] GC(1166) Garbage Collection (Proactive) 12M(60%)->10M(50%)
[1354.933s][info][gc] GC(1167) Garbage Collection (Proactive) 12M(60%)->10M(50%)
[1355.332s][info][gc] GC(1168) Garbage Collection (Proactive) 12M(60%)->10M(50%)
[1355.932s][info][gc] GC(1169) Garbage Collection (Proactive) 12M(60%)->10M(50%)
[1356.432s][info][gc] GC(1170) Garbage Collection (Proactive) 12M(60%)->10M(50%)
[1356.933s][info][gc] GC(1171) Garbage Collection (Proactive) 12M(60%)->10M(50%)
[1357.434s][info][gc] GC(1172) Garbage Collection (Proactive) 12M(60%)->10M(50%)
[1357.932s][info][gc] GC(1173) Garbage Collection (Proactive) 12M(60%)->10M(50%)
[1358.432s][info][gc] GC(1174) Garbage Collection (Proactive) 12M(60%)->10M(50%)
[1358.932s][info][gc] GC(1175) Garbage Collection (Proactive) 12M(60%)->10M(50%)
[1359.332s][info][gc] GC(1176) Garbage Collection (Proactive) 12M(60%)->10M(50%)
[1359.732s][info][gc] GC(1177) Garbage Collection (Proactive) 12M(60%)->10M(50%)
[1360.232s][info][gc] GC(1178) Garbage Collection (Proactive) 12M(60%)->10M(50%)
[1360.933s][info][gc] GC(1179) Garbage Collection (Proactive) 12M(60%)->10M(50%)
[1361.432s][info][gc] GC(1180) Garbage Collection (Proactive) 12M(60%)->10M(50%)
[1361.932s][info][gc] GC(1181) Garbage Collection (Proactive) 12M(60%)->10M(50%)
[1362.433s][info][gc] GC(1182) Garbage Collection (Proactive) 12M(60%)->10M(50%)
[1362.932s][info][gc] GC(1183) Garbage Collection (Proactive) 12M(60%)->10M(50%)
[1363.333s][info][gc] GC(1184) Garbage Collection (Proactive) 12M(60%)->10M(50%)
[1363.933s][info][gc] GC(1185) Garbage Collection (Proactive) 12M(60%)->10M(50%)
[1364.433s][info][gc] GC(1186) Garbage Collection (Proactive) 12M(60%)->10M(50%)
[1364.932s][info][gc] GC(1187) Garbage Collection (Proactive) 12M(60%)->10M(50%)
[1365.333s][info][gc] GC(1188) Garbage Collection (Proactive) 12M(60%)->10M(50%)
[1365.932s][info][gc] GC(1189) Garbage Collection (Proactive) 12M(60%)->10M(50%)
[1366.332s][info][gc] GC(1190) Garbage Collection (Proactive) 12M(60%)->10M(50%)
[1366.933s][info][gc] GC(1191) Garbage Collection (Proactive) 12M(60%)->10M(50%)
[1367.332s][info][gc] GC(1192) Garbage Collection (Proactive) 12M(60%)->10M(50%)
[1367.931s][info][gc] GC(1193) Garbage Collection (Proactive) 12M(60%)->10M(50%)
[1368.332s][info][gc] GC(1194) Garbage Collection (Proactive) 12M(60%)->10M(50%)
[1368.933s][info][gc] GC(1195) Garbage Collection (Proactive) 12M(60%)->10M(50%)
[1369.433s][info][gc] GC(1196) Garbage Collection (Proactive) 12M(60%)->10M(50%)
[1369.933s][info][gc] GC(1197) Garbage Collection (Proactive) 12M(60%)->10M(50%)
[1370.331s][info][gc] GC(1198) Garbage Collection (Proactive) 12M(60%)->10M(50%)
[1370.931s][info][gc] GC(1199) Garbage Collection (Proactive) 12M(60%)->10M(50%)
[1371.332s][info][gc] GC(1200) Garbage Collection (Proactive) 12M(60%)->10M(50%)
[1371.932s][info][gc] GC(1201) Garbage Collection (Proactive) 12M(60%)->10M(50%)
[1372.333s][info][gc] GC(1202) Garbage Collection (Proactive) 12M(60%)->10M(50%)
[1372.932s][info][gc] GC(1203) Garbage Collection (Proactive) 12M(60%)->10M(50%)
[1373.432s][info][gc] GC(1204) Garbage Collection (Proactive) 12M(60%)->10M(50%)
[1373.932s][info][gc] GC(1205) Garbage Collection (Proactive) 12M(60%)->10M(50%)
[1374.433s][info][gc] GC(1206) Garbage Collection (Proactive) 12M(60%)->10M(50%)
[1374.932s][info][gc] GC(1207) Garbage Collection (Proactive) 12M(60%)->10M(50%)
[1375.433s][info][gc] GC(1208) Garbage Collection (Proactive) 12M(60%)->10M(50%)
[1375.933s][info][gc] GC(1209) Garbage Collection (Proactive) 12M(60%)->10M(50%)
[1376.432s][info][gc] GC(1210) Garbage Collection (Proactive) 12M(60%)->10M(50%)
[1376.933s][info][gc] GC(1211) Garbage Collection (Proactive) 12M(60%)->10M(50%)
[1377.332s][info][gc] GC(1212) Garbage Collection (Proactive) 12M(60%)->10M(50%)
[1377.933s][info][gc] GC(1213) Garbage Collection (Proactive) 12M(60%)->10M(50%)
[1378.432s][info][gc] GC(1214) Garbage Collection (Proactive) 12M(60%)->10M(50%)
[1378.933s][info][gc] GC(1215) Garbage Collection (Proactive) 12M(60%)->10M(50%)
[1379.332s][info][gc] GC(1216) Garbage Collection (Proactive) 12M(60%)->10M(50%)
[1379.932s][info][gc] GC(1217) Garbage Collection (Proactive) 12M(60%)->10M(50%)
[1380.332s][info][gc] GC(1218) Garbage Collection (Proactive) 12M(60%)->10M(50%)
[1380.733s][info][gc] GC(1219) Garbage Collection (Proactive) 12M(60%)->10M(50%)
[1381.232s][info][gc] GC(1220) Garbage Collection (Proactive) 12M(60%)->10M(50%)
[1381.933s][info][gc] GC(1221) Garbage Collection (Proactive) 12M(60%)->10M(50%)
[1382.433s][info][gc] GC(1222) Garbage Collection (Proactive) 12M(60%)->10M(50%)
[1382.933s][info][gc] GC(1223) Garbage Collection (Proactive) 12M(60%)->10M(50%)
[1383.432s][info][gc] GC(1224) Garbage Collection (Proactive) 12M(60%)->10M(50%)
[1383.932s][info][gc] GC(1225) Garbage Collection (Proactive) 12M(60%)->10M(50%)
[1384.433s][info][gc] GC(1226) Garbage Collection (Proactive) 12M(60%)->10M(50%)
[1384.932s][info][gc] GC(1227) Garbage Collection (Proactive) 12M(60%)->10M(50%)
[1385.332s][info][gc] GC(1228) Garbage Collection (Proactive) 12M(60%)->10M(50%)
[1385.933s][info][gc] GC(1229) Garbage Collection (Proactive) 12M(60%)->10M(50%)
[1386.432s][info][gc] GC(1230) Garbage Collection (Proactive) 12M(60%)->10M(50%)
[1386.932s][info][gc] GC(1231) Garbage Collection (Proactive) 12M(60%)->10M(50%)
[1387.432s][info][gc] GC(1232) Garbage Collection (Proactive) 12M(60%)->10M(50%)
[1387.932s][info][gc] GC(1233) Garbage Collection (Proactive) 12M(60%)->10M(50%)
[1388.332s][info][gc] GC(1234) Garbage Collection (Proactive) 12M(60%)->10M(50%)
[1388.933s][info][gc] GC(1235) Garbage Collection (Proactive) 12M(60%)->10M(50%)
[1389.433s][info][gc] GC(1236) Garbage Collection (Proactive) 12M(60%)->10M(50%)
[1389.932s][info][gc] GC(1237) Garbage Collection (Proactive) 12M(60%)->10M(50%)
[1390.432s][info][gc] GC(1238) Garbage Collection (Proactive) 12M(60%)->10M(50%)
[1390.932s][info][gc] GC(1239) Garbage Collection (Proactive) 12M(60%)->10M(50%)
[1391.332s][info][gc] GC(1240) Garbage Collection (Proactive) 12M(60%)->10M(50%)
[1391.932s][info][gc] GC(1241) Garbage Collection (Proactive) 12M(60%)->10M(50%)
[1392.332s][info][gc] GC(1242) Garbage Collection (Proactive) 12M(60%)->10M(50%)
[1392.933s][info][gc] GC(1243) Garbage Collection (Proactive) 12M(60%)->10M(50%)
[1393.333s][info][gc] GC(1244) Garbage Collection (Proactive) 12M(60%)->10M(50%)
[1393.933s][info][gc] GC(1245) Garbage Collection (Proactive) 12M(60%)->10M(50%)
[1394.433s][info][gc] GC(1246) Garbage Collection (Proactive) 12M(60%)->10M(50%)
[1394.933s][info][gc] GC(1247) Garbage Collection (Proactive) 12M(60%)->10M(50%)
[1395.433s][info][gc] GC(1248) Garbage Collection (Proactive) 12M(60%)->10M(50%)
[1395.932s][info][gc] GC(1249) Garbage Collection (Proactive) 12M(60%)->10M(50%)
[1396.433s][info][gc] GC(1250) Garbage Collection (Proactive) 12M(60%)->10M(50%)
[1396.934s][info][gc] GC(1251) Garbage Collection (Proactive) 12M(60%)->10M(50%)
[1397.432s][info][gc] GC(1252) Garbage Collection (Proactive) 12M(60%)->10M(50%)
[1397.933s][info][gc] GC(1253) Garbage Collection (Proactive) 12M(60%)->10M(50%)
[1398.433s][info][gc] GC(1254) Garbage Collection (Proactive) 12M(60%)->10M(50%)
[1398.932s][info][gc] GC(1255) Garbage Collection (Proactive) 12M(60%)->10M(50%)
[1399.331s][info][gc] GC(1256) Garbage Collection (Proactive) 12M(60%)->10M(50%)
[1399.932s][info][gc] GC(1257) Garbage Collection (Proactive) 12M(60%)->10M(50%)
[1400.435s][info][gc] GC(1258) Garbage Collection (Proactive) 12M(60%)->10M(50%)
[1401.034s][info][gc] GC(1259) Garbage Collection (Proactive) 12M(60%)->10M(50%)
[1401.632s][info][gc] GC(1260) Garbage Collection (Proactive) 12M(60%)->10M(50%)
[1402.132s][info][gc] GC(1261) Garbage Collection (Proactive) 12M(60%)->10M(50%)
[1402.633s][info][gc] GC(1262) Garbage Collection (Proactive) 12M(60%)->10M(50%)
[1403.133s][info][gc] GC(1263) Garbage Collection (Proactive) 12M(60%)->10M(50%)
[1403.632s][info][gc] GC(1264) Garbage Collection (Proactive) 12M(60%)->10M(50%)
[1404.133s][info][gc] GC(1265) Garbage Collection (Proactive) 12M(60%)->10M(50%)
[1404.633s][info][gc] GC(1266) Garbage Collection (Proactive) 12M(60%)->10M(50%)
[1405.132s][info][gc] GC(1267) Garbage Collection (Proactive) 12M(60%)->10M(50%)
[1405.632s][info][gc] GC(1268) Garbage Collection (Proactive) 12M(60%)->10M(50%)
[1406.032s][info][gc] GC(1269) Garbage Collection (Proactive) 12M(60%)->10M(50%)
[1406.532s][info][gc] GC(1270) Garbage Collection (Proactive) 12M(60%)->10M(50%)
[1407.033s][info][gc] GC(1271) Garbage Collection (Proactive) 12M(60%)->10M(50%)
[1407.535s][info][gc] GC(1272) Garbage Collection (Proactive) 12M(60%)->10M(50%)
[1408.132s][info][gc] GC(1273) Garbage Collection (Proactive) 12M(60%)->10M(50%)
[1408.632s][info][gc] GC(1274) Garbage Collection (Proactive) 12M(60%)->10M(50%)
[1409.133s][info][gc] GC(1275) Garbage Collection (Proactive) 12M(60%)->10M(50%)
[1409.632s][info][gc] GC(1276) Garbage Collection (Proactive) 12M(60%)->10M(50%)
[1410.133s][info][gc] GC(1277) Garbage Collection (Proactive) 12M(60%)->10M(50%)
[1410.633s][info][gc] GC(1278) Garbage Collection (Proactive) 12M(60%)->10M(50%)
[1411.033s][info][gc] GC(1279) Garbage Collection (Proactive) 12M(60%)->10M(50%)
[1411.533s][info][gc] GC(1280) Garbage Collection (Proactive) 12M(60%)->10M(50%)
[1412.033s][info][gc] GC(1281) Garbage Collection (Proactive) 12M(60%)->10M(50%)
[1412.533s][info][gc] GC(1282) Garbage Collection (Proactive) 12M(60%)->10M(50%)
[1413.033s][info][gc] GC(1283) Garbage Collection (Proactive) 12M(60%)->10M(50%)
[1413.432s][info][gc] GC(1284) Garbage Collection (Proactive) 12M(60%)->10M(50%)
[1413.933s][info][gc] GC(1285) Garbage Collection (Proactive) 12M(60%)->10M(50%)
[1414.432s][info][gc] GC(1286) Garbage Collection (Proactive) 12M(60%)->10M(50%)
[1414.932s][info][gc] GC(1287) Garbage Collection (Proactive) 12M(60%)->10M(50%)
[1415.432s][info][gc] GC(1288) Garbage Collection (Proactive) 12M(60%)->10M(50%)
[1415.932s][info][gc] GC(1289) Garbage Collection (Proactive) 12M(60%)->10M(50%)
[1416.332s][info][gc] GC(1290) Garbage Collection (Proactive) 12M(60%)->10M(50%)
[1416.933s][info][gc] GC(1291) Garbage Collection (Proactive) 12M(60%)->10M(50%)
[1417.331s][info][gc] GC(1292) Garbage Collection (Proactive) 12M(60%)->10M(50%)
[1417.932s][info][gc] GC(1293) Garbage Collection (Proactive) 12M(60%)->10M(50%)
[1418.433s][info][gc] GC(1294) Garbage Collection (Proactive) 12M(60%)->10M(50%)
[1418.932s][info][gc] GC(1295) Garbage Collection (Proactive) 12M(60%)->10M(50%)
[1419.332s][info][gc] GC(1296) Garbage Collection (Proactive) 12M(60%)->10M(50%)
[1419.734s][info][gc] GC(1297) Garbage Collection (Proactive) 12M(60%)->10M(50%)
[1420.233s][info][gc] GC(1298) Garbage Collection (Proactive) 12M(60%)->12M(60%)
[1437.335s][info][gc] GC(1299) Garbage Collection (Proactive) 14M(70%)->10M(50%)
[1437.935s][info][gc] GC(1300) Garbage Collection (Proactive) 12M(60%)->10M(50%)
[1438.534s][info][gc] GC(1301) Garbage Collection (Proactive) 12M(60%)->10M(50%)
[1439.134s][info][gc] GC(1302) Garbage Collection (Proactive) 12M(60%)->10M(50%)
[1439.633s][info][gc] GC(1303) Garbage Collection (Proactive) 12M(60%)->10M(50%)
[1440.132s][info][gc] GC(1304) Garbage Collection (Proactive) 12M(60%)->10M(50%)
[1440.634s][info][gc] GC(1305) Garbage Collection (Proactive) 12M(60%)->10M(50%)
[1441.134s][info][gc] GC(1306) Garbage Collection (Proactive) 12M(60%)->10M(50%)
[1441.633s][info][gc] GC(1307) Garbage Collection (Proactive) 12M(60%)->10M(50%)
[1442.133s][info][gc] GC(1308) Garbage Collection (Proactive) 12M(60%)->10M(50%)
[1442.632s][info][gc] GC(1309) Garbage Collection (Proactive) 12M(60%)->10M(50%)
[1443.132s][info][gc] GC(1310) Garbage Collection (Proactive) 12M(60%)->10M(50%)
[1443.632s][info][gc] GC(1311) Garbage Collection (Proactive) 12M(60%)->10M(50%)
[1444.132s][info][gc] GC(1312) Garbage Collection (Proactive) 12M(60%)->10M(50%)
[1444.533s][info][gc] GC(1313) Garbage Collection (Proactive) 12M(60%)->10M(50%)
[1444.932s][info][gc] GC(1314) Garbage Collection (Proactive) 12M(60%)->10M(50%)
[1445.332s][info][gc] GC(1315) Garbage Collection (Proactive) 12M(60%)->10M(50%)
[1445.933s][info][gc] GC(1316) Garbage Collection (Proactive) 12M(60%)->10M(50%)
[1446.433s][info][gc] GC(1317) Garbage Collection (Proactive) 12M(60%)->10M(50%)
[1446.932s][info][gc] GC(1318) Garbage Collection (Proactive) 12M(60%)->10M(50%)
[1447.432s][info][gc] GC(1319) Garbage Collection (Proactive) 12M(60%)->10M(50%)
[1447.933s][info][gc] GC(1320) Garbage Collection (Proactive) 12M(60%)->10M(50%)
[1448.333s][info][gc] GC(1321) Garbage Collection (Proactive) 12M(60%)->10M(50%)
[1448.934s][info][gc] GC(1322) Garbage Collection (Proactive) 12M(60%)->10M(50%)
[1449.532s][info][gc] GC(1323) Garbage Collection (Proactive) 12M(60%)->10M(50%)
[1450.133s][info][gc] GC(1324) Garbage Collection (Proactive) 12M(60%)->10M(50%)
[1450.633s][info][gc] GC(1325) Garbage Collection (Proactive) 12M(60%)->10M(50%)
[1451.132s][info][gc] GC(1326) Garbage Collection (Proactive) 12M(60%)->10M(50%)
[1451.633s][info][gc] GC(1327) Garbage Collection (Proactive) 12M(60%)->10M(50%)
[1452.033s][info][gc] GC(1328) Garbage Collection (Proactive) 12M(60%)->10M(50%)
[1452.532s][info][gc] GC(1329) Garbage Collection (Proactive) 12M(60%)->10M(50%)
[1453.033s][info][gc] GC(1330) Garbage Collection (Proactive) 12M(60%)->10M(50%)
[1453.533s][info][gc] GC(1331) Garbage Collection (Proactive) 12M(60%)->10M(50%)
[1454.032s][info][gc] GC(1332) Garbage Collection (Proactive) 12M(60%)->10M(50%)
[1454.433s][info][gc] GC(1333) Garbage Collection (Proactive) 12M(60%)->10M(50%)
[1454.932s][info][gc] GC(1334) Garbage Collection (Proactive) 12M(60%)->10M(50%)
[1455.332s][info][gc] GC(1335) Garbage Collection (Proactive) 12M(60%)->10M(50%)
[1455.933s][info][gc] GC(1336) Garbage Collection (Proactive) 12M(60%)->10M(50%)
[1456.431s][info][gc] GC(1337) Garbage Collection (Proactive) 12M(60%)->10M(50%)
[1456.932s][info][gc] GC(1338) Garbage Collection (Proactive) 12M(60%)->10M(50%)
[1457.432s][info][gc] GC(1339) Garbage Collection (Proactive) 12M(60%)->10M(50%)
[1457.933s][info][gc] GC(1340) Garbage Collection (Proactive) 12M(60%)->10M(50%)
[1458.331s][info][gc] GC(1341) Garbage Collection (Proactive) 12M(60%)->10M(50%)
[1458.932s][info][gc] GC(1342) Garbage Collection (Proactive) 12M(60%)->10M(50%)
[1459.433s][info][gc] GC(1343) Garbage Collection (Proactive) 12M(60%)->10M(50%)
[1459.932s][info][gc] GC(1344) Garbage Collection (Proactive) 12M(60%)->10M(50%)
[1460.332s][info][gc] GC(1345) Garbage Collection (Proactive) 12M(60%)->10M(50%)
[1460.932s][info][gc] GC(1346) Garbage Collection (Proactive) 12M(60%)->10M(50%)
[1461.433s][info][gc] GC(1347) Garbage Collection (Proactive) 12M(60%)->10M(50%)
[1461.934s][info][gc] GC(1348) Garbage Collection (Proactive) 12M(60%)->10M(50%)
[1462.533s][info][gc] GC(1349) Garbage Collection (Proactive) 12M(60%)->10M(50%)
[1463.032s][info][gc] GC(1350) Garbage Collection (Proactive) 12M(60%)->10M(50%)
[1463.533s][info][gc] GC(1351) Garbage Collection (Proactive) 12M(60%)->10M(50%)
[1464.032s][info][gc] GC(1352) Garbage Collection (Proactive) 12M(60%)->10M(50%)
[1464.432s][info][gc] GC(1353) Garbage Collection (Proactive) 12M(60%)->10M(50%)
[1464.932s][info][gc] GC(1354) Garbage Collection (Proactive) 12M(60%)->10M(50%)
[1465.332s][info][gc] GC(1355) Garbage Collection (Proactive) 12M(60%)->10M(50%)
[1465.932s][info][gc] GC(1356) Garbage Collection (Proactive) 12M(60%)->10M(50%)
[1466.432s][info][gc] GC(1357) Garbage Collection (Proactive) 12M(60%)->10M(50%)
[1466.933s][info][gc] GC(1358) Garbage Collection (Proactive) 12M(60%)->10M(50%)
[1467.433s][info][gc] GC(1359) Garbage Collection (Proactive) 12M(60%)->10M(50%)
[1467.932s][info][gc] GC(1360) Garbage Collection (Proactive) 12M(60%)->10M(50%)
[1468.432s][info][gc] GC(1361) Garbage Collection (Proactive) 12M(60%)->10M(50%)
[1468.933s][info][gc] GC(1362) Garbage Collection (Proactive) 12M(60%)->10M(50%)
[1469.434s][info][gc] GC(1363) Garbage Collection (Proactive) 12M(60%)->10M(50%)
[1470.035s][info][gc] GC(1364) Garbage Collection (Proactive) 12M(60%)->10M(50%)
[1470.632s][info][gc] GC(1365) Garbage Collection (Proactive) 12M(60%)->10M(50%)
[1471.232s][info][gc] GC(1366) Garbage Collection (Proactive) 12M(60%)->10M(50%)
[1471.733s][info][gc] GC(1367) Garbage Collection (Proactive) 12M(60%)->10M(50%)
[1472.232s][info][gc] GC(1368) Garbage Collection (Proactive) 12M(60%)->10M(50%)
[1472.733s][info][gc] GC(1369) Garbage Collection (Proactive) 12M(60%)->10M(50%)
[1473.233s][info][gc] GC(1370) Garbage Collection (Proactive) 12M(60%)->10M(50%)
[1473.733s][info][gc] GC(1371) Garbage Collection (Proactive) 12M(60%)->10M(50%)
[1474.232s][info][gc] GC(1372) Garbage Collection (Proactive) 12M(60%)->10M(50%)
[1474.732s][info][gc] GC(1373) Garbage Collection (Proactive) 12M(60%)->10M(50%)
[1475.232s][info][gc] GC(1374) Garbage Collection (Proactive) 12M(60%)->10M(50%)
[1475.733s][info][gc] GC(1375) Garbage Collection (Proactive) 12M(60%)->10M(50%)
[1476.232s][info][gc] GC(1376) Garbage Collection (Proactive) 12M(60%)->10M(50%)
[1476.732s][info][gc] GC(1377) Garbage Collection (Proactive) 12M(60%)->10M(50%)
[1477.132s][info][gc] GC(1378) Garbage Collection (Proactive) 12M(60%)->10M(50%)
[1477.633s][info][gc] GC(1379) Garbage Collection (Proactive) 12M(60%)->10M(50%)
[1478.133s][info][gc] GC(1380) Garbage Collection (Proactive) 12M(60%)->10M(50%)
[1478.633s][info][gc] GC(1381) Garbage Collection (Proactive) 12M(60%)->10M(50%)
[1479.133s][info][gc] GC(1382) Garbage Collection (Proactive) 12M(60%)->10M(50%)
[1479.632s][info][gc] GC(1383) Garbage Collection (Proactive) 12M(60%)->10M(50%)
[1480.033s][info][gc] GC(1384) Garbage Collection (Proactive) 12M(60%)->10M(50%)
[1480.532s][info][gc] GC(1385) Garbage Collection (Proactive) 12M(60%)->10M(50%)
[1481.033s][info][gc] GC(1386) Garbage Collection (Proactive) 12M(60%)->10M(50%)
[1481.533s][info][gc] GC(1387) Garbage Collection (Proactive) 12M(60%)->10M(50%)
[1482.032s][info][gc] GC(1388) Garbage Collection (Proactive) 12M(60%)->10M(50%)
[1482.432s][info][gc] GC(1389) Garbage Collection (Proactive) 12M(60%)->10M(50%)
[1482.933s][info][gc] GC(1390) Garbage Collection (Proactive) 12M(60%)->10M(50%)
[1483.333s][info][gc] GC(1391) Garbage Collection (Proactive) 12M(60%)->10M(50%)
[1483.933s][info][gc] GC(1392) Garbage Collection (Proactive) 12M(60%)->10M(50%)
[1484.434s][info][gc] GC(1393) Garbage Collection (Proactive) 12M(60%)->10M(50%)
[1484.932s][info][gc] GC(1394) Garbage Collection (Proactive) 12M(60%)->10M(50%)
[1485.432s][info][gc] GC(1395) Garbage Collection (Proactive) 12M(60%)->10M(50%)
[1485.933s][info][gc] GC(1396) Garbage Collection (Proactive) 12M(60%)->10M(50%)
[1486.433s][info][gc] GC(1397) Garbage Collection (Proactive) 12M(60%)->10M(50%)
[1486.933s][info][gc] GC(1398) Garbage Collection (Proactive) 12M(60%)->10M(50%)
[1487.433s][info][gc] GC(1399) Garbage Collection (Proactive) 12M(60%)->10M(50%)
[1487.934s][info][gc] GC(1400) Garbage Collection (Proactive) 12M(60%)->10M(50%)
[1488.433s][info][gc] GC(1401) Garbage Collection (Proactive) 12M(60%)->10M(50%)
[1488.934s][info][gc] GC(1402) Garbage Collection (Proactive) 12M(60%)->10M(50%)
[1489.433s][info][gc] GC(1403) Garbage Collection (Proactive) 12M(60%)->10M(50%)
[1489.933s][info][gc] GC(1404) Garbage Collection (Proactive) 12M(60%)->10M(50%)
[1490.432s][info][gc] GC(1405) Garbage Collection (Proactive) 12M(60%)->10M(50%)
[1490.933s][info][gc] GC(1406) Garbage Collection (Proactive) 12M(60%)->10M(50%)
[1491.433s][info][gc] GC(1407) Garbage Collection (Proactive) 12M(60%)->10M(50%)
[1491.932s][info][gc] GC(1408) Garbage Collection (Proactive) 12M(60%)->10M(50%)
[1492.432s][info][gc] GC(1409) Garbage Collection (Proactive) 12M(60%)->10M(50%)
[1492.932s][info][gc] GC(1410) Garbage Collection (Proactive) 12M(60%)->10M(50%)
[1493.331s][info][gc] GC(1411) Garbage Collection (Proactive) 12M(60%)->10M(50%)
[1493.932s][info][gc] GC(1412) Garbage Collection (Proactive) 12M(60%)->10M(50%)
[1494.433s][info][gc] GC(1413) Garbage Collection (Proactive) 12M(60%)->10M(50%)
[1494.932s][info][gc] GC(1414) Garbage Collection (Proactive) 12M(60%)->10M(50%)
[1495.332s][info][gc] GC(1415) Garbage Collection (Proactive) 12M(60%)->10M(50%)
[1495.932s][info][gc] GC(1416) Garbage Collection (Proactive) 12M(60%)->10M(50%)
[1496.432s][info][gc] GC(1417) Garbage Collection (Proactive) 12M(60%)->10M(50%)
[1496.933s][info][gc] GC(1418) Garbage Collection (Proactive) 12M(60%)->10M(50%)
[1497.432s][info][gc] GC(1419) Garbage Collection (Proactive) 12M(60%)->10M(50%)
[1497.932s][info][gc] GC(1420) Garbage Collection (Proactive) 12M(60%)->10M(50%)
[1498.433s][info][gc] GC(1421) Garbage Collection (Proactive) 12M(60%)->10M(50%)
[1498.934s][info][gc] GC(1422) Garbage Collection (Proactive) 12M(60%)->10M(50%)
[1499.433s][info][gc] GC(1423) Garbage Collection (Proactive) 12M(60%)->10M(50%)
[1499.933s][info][gc] GC(1424) Garbage Collection (Proactive) 12M(60%)->10M(50%)
[1500.433s][info][gc] GC(1425) Garbage Collection (Proactive) 12M(60%)->10M(50%)
[1500.934s][info][gc] GC(1426) Garbage Collection (Proactive) 12M(60%)->10M(50%)
[1501.432s][info][gc] GC(1427) Garbage Collection (Proactive) 12M(60%)->10M(50%)
[1501.932s][info][gc] GC(1428) Garbage Collection (Proactive) 12M(60%)->10M(50%)
[1502.432s][info][gc] GC(1429) Garbage Collection (Proactive) 12M(60%)->10M(50%)
[1502.933s][info][gc] GC(1430) Garbage Collection (Proactive) 12M(60%)->10M(50%)
[1503.332s][info][gc] GC(1431) Garbage Collection (Proactive) 12M(60%)->10M(50%)
[1503.933s][info][gc] GC(1432) Garbage Collection (Proactive) 12M(60%)->10M(50%)
[1504.333s][info][gc] GC(1433) Garbage Collection (Proactive) 12M(60%)->10M(50%)
[1504.933s][info][gc] GC(1434) Garbage Collection (Proactive) 12M(60%)->10M(50%)
[1505.432s][info][gc] GC(1435) Garbage Collection (Proactive) 12M(60%)->10M(50%)
[1505.932s][info][gc] GC(1436) Garbage Collection (Proactive) 12M(60%)->10M(50%)
[1506.432s][info][gc] GC(1437) Garbage Collection (Proactive) 12M(60%)->10M(50%)
[1506.931s][info][gc] GC(1438) Garbage Collection (Proactive) 12M(60%)->10M(50%)
[1507.333s][info][gc] GC(1439) Garbage Collection (Proactive) 12M(60%)->10M(50%)
[1507.932s][info][gc] GC(1440) Garbage Collection (Proactive) 12M(60%)->10M(50%)
[1508.433s][info][gc] GC(1441) Garbage Collection (Proactive) 12M(60%)->10M(50%)
[1508.933s][info][gc] GC(1442) Garbage Collection (Proactive) 12M(60%)->10M(50%)
[1509.433s][info][gc] GC(1443) Garbage Collection (Proactive) 12M(60%)->10M(50%)
[1509.933s][info][gc] GC(1444) Garbage Collection (Proactive) 12M(60%)->10M(50%)
[1510.432s][info][gc] GC(1445) Garbage Collection (Proactive) 12M(60%)->10M(50%)
[1510.932s][info][gc] GC(1446) Garbage Collection (Proactive) 12M(60%)->10M(50%)
[1511.432s][info][gc] GC(1447) Garbage Collection (Proactive) 12M(60%)->10M(50%)
[1511.933s][info][gc] GC(1448) Garbage Collection (Proactive) 12M(60%)->10M(50%)
[1512.332s][info][gc] GC(1449) Garbage Collection (Proactive) 12M(60%)->10M(50%)
[1512.933s][info][gc] GC(1450) Garbage Collection (Proactive) 12M(60%)->10M(50%)
[1513.432s][info][gc] GC(1451) Garbage Collection (Proactive) 12M(60%)->10M(50%)
[1513.933s][info][gc] GC(1452) Garbage Collection (Proactive) 12M(60%)->10M(50%)
[1514.432s][info][gc] GC(1453) Garbage Collection (Proactive) 12M(60%)->10M(50%)
[1514.933s][info][gc] GC(1454) Garbage Collection (Proactive) 12M(60%)->10M(50%)
[1515.432s][info][gc] GC(1455) Garbage Collection (Proactive) 12M(60%)->10M(50%)
[1515.932s][info][gc] GC(1456) Garbage Collection (Proactive) 12M(60%)->10M(50%)
[1516.432s][info][gc] GC(1457) Garbage Collection (Proactive) 12M(60%)->10M(50%)
[1516.932s][info][gc] GC(1458) Garbage Collection (Proactive) 12M(60%)->10M(50%)
[1517.434s][info][gc] GC(1459) Garbage Collection (Proactive) 12M(60%)->10M(50%)
[1517.932s][info][gc] GC(1460) Garbage Collection (Proactive) 12M(60%)->10M(50%)
[1518.433s][info][gc] GC(1461) Garbage Collection (Proactive) 12M(60%)->10M(50%)
[1518.934s][info][gc] GC(1462) Garbage Collection (Proactive) 12M(60%)->10M(50%)
[1519.432s][info][gc] GC(1463) Garbage Collection (Proactive) 12M(60%)->10M(50%)
[1519.932s][info][gc] GC(1464) Garbage Collection (Proactive) 12M(60%)->10M(50%)
[1520.433s][info][gc] GC(1465) Garbage Collection (Proactive) 12M(60%)->10M(50%)
[1520.932s][info][gc] GC(1466) Garbage Collection (Proactive) 12M(60%)->10M(50%)
[1521.336s][info][gc] GC(1467) Garbage Collection (Proactive) 12M(60%)->10M(50%)
[1522.432s][info][gc] GC(1468) Garbage Collection (Proactive) 12M(60%)->10M(50%)
[1523.340s][info][gc] GC(1469) Garbage Collection (Proactive) 12M(60%)->10M(50%)
[1524.632s][info][gc] GC(1470) Garbage Collection (Proactive) 12M(60%)->10M(50%)
[1525.633s][info][gc] GC(1471) Garbage Collection (Proactive) 12M(60%)->10M(50%)
[1526.433s][info][gc] GC(1472) Garbage Collection (Proactive) 12M(60%)->10M(50%)
[1527.032s][info][gc] GC(1473) Garbage Collection (Proactive) 12M(60%)->10M(50%)
[1527.633s][info][gc] GC(1474) Garbage Collection (Proactive) 12M(60%)->10M(50%)
[1528.133s][info][gc] GC(1475) Garbage Collection (Proactive) 12M(60%)->10M(50%)
[1528.632s][info][gc] GC(1476) Garbage Collection (Proactive) 12M(60%)->10M(50%)
[1529.132s][info][gc] GC(1477) Garbage Collection (Proactive) 12M(60%)->10M(50%)
[1529.534s][info][gc] GC(1478) Garbage Collection (Proactive) 12M(60%)->10M(50%)
[1530.133s][info][gc] GC(1479) Garbage Collection (Proactive) 12M(60%)->10M(50%)
[1530.733s][info][gc] GC(1480) Garbage Collection (Proactive) 12M(60%)->10M(50%)
[1531.233s][info][gc] GC(1481) Garbage Collection (Proactive) 12M(60%)->10M(50%)
[1531.733s][info][gc] GC(1482) Garbage Collection (Proactive) 12M(60%)->10M(50%)
[1532.232s][info][gc] GC(1483) Garbage Collection (Proactive) 12M(60%)->10M(50%)
[1532.632s][info][gc] GC(1484) Garbage Collection (Proactive) 12M(60%)->10M(50%)
[1533.132s][info][gc] GC(1485) Garbage Collection (Proactive) 12M(60%)->10M(50%)
[1533.532s][info][gc] GC(1486) Garbage Collection (Proactive) 12M(60%)->10M(50%)
[1534.033s][info][gc] GC(1487) Garbage Collection (Proactive) 12M(60%)->10M(50%)
[1534.532s][info][gc] GC(1488) Garbage Collection (Proactive) 12M(60%)->10M(50%)
[1535.032s][info][gc] GC(1489) Garbage Collection (Proactive) 12M(60%)->10M(50%)
[1535.432s][info][gc] GC(1490) Garbage Collection (Proactive) 12M(60%)->10M(50%)
[1535.932s][info][gc] GC(1491) Garbage Collection (Proactive) 12M(60%)->10M(50%)
[1536.433s][info][gc] GC(1492) Garbage Collection (Proactive) 12M(60%)->10M(50%)
[1536.932s][info][gc] GC(1493) Garbage Collection (Proactive) 12M(60%)->10M(50%)
[1537.341s][info][gc] GC(1494) Garbage Collection (Proactive) 12M(60%)->10M(50%)
[1538.832s][info][gc] GC(1495) Garbage Collection (Proactive) 12M(60%)->10M(50%)
[1540.032s][info][gc] GC(1496) Garbage Collection (Proactive) 12M(60%)->10M(50%)
[1540.832s][info][gc] GC(1497) Garbage Collection (Proactive) 12M(60%)->10M(50%)
[1541.532s][info][gc] GC(1498) Garbage Collection (Proactive) 12M(60%)->10M(50%)
[1542.133s][info][gc] GC(1499) Garbage Collection (Proactive) 12M(60%)->10M(50%)
[1542.632s][info][gc] GC(1500) Garbage Collection (Proactive) 12M(60%)->10M(50%)
[1543.132s][info][gc] GC(1501) Garbage Collection (Proactive) 12M(60%)->10M(50%)
[1543.632s][info][gc] GC(1502) Garbage Collection (Proactive) 12M(60%)->10M(50%)
[1544.032s][info][gc] GC(1503) Garbage Collection (Proactive) 12M(60%)->10M(50%)
[1544.532s][info][gc] GC(1504) Garbage Collection (Proactive) 12M(60%)->10M(50%)
[1545.033s][info][gc] GC(1505) Garbage Collection (Proactive) 12M(60%)->10M(50%)
[1545.533s][info][gc] GC(1506) Garbage Collection (Proactive) 12M(60%)->10M(50%)
[1545.933s][info][gc] GC(1507) Garbage Collection (Proactive) 12M(60%)->10M(50%)
[1546.433s][info][gc] GC(1508) Garbage Collection (Proactive) 12M(60%)->10M(50%)
[1546.932s][info][gc] GC(1509) Garbage Collection (Proactive) 12M(60%)->10M(50%)
[1547.432s][info][gc] GC(1510) Garbage Collection (Proactive) 12M(60%)->10M(50%)
[1547.933s][info][gc] GC(1511) Garbage Collection (Proactive) 12M(60%)->10M(50%)
[1548.433s][info][gc] GC(1512) Garbage Collection (Proactive) 12M(60%)->10M(50%)
[1548.933s][info][gc] GC(1513) Garbage Collection (Proactive) 12M(60%)->10M(50%)
[1549.433s][info][gc] GC(1514) Garbage Collection (Proactive) 12M(60%)->10M(50%)
[1549.933s][info][gc] GC(1515) Garbage Collection (Proactive) 12M(60%)->10M(50%)
[1550.433s][info][gc] GC(1516) Garbage Collection (Proactive) 12M(60%)->10M(50%)
[1550.932s][info][gc] GC(1517) Garbage Collection (Proactive) 12M(60%)->10M(50%)
[1551.433s][info][gc] GC(1518) Garbage Collection (Proactive) 12M(60%)->10M(50%)
[1551.933s][info][gc] GC(1519) Garbage Collection (Proactive) 12M(60%)->10M(50%)
[1552.432s][info][gc] GC(1520) Garbage Collection (Proactive) 12M(60%)->10M(50%)
[1552.933s][info][gc] GC(1521) Garbage Collection (Proactive) 12M(60%)->10M(50%)
[1553.433s][info][gc] GC(1522) Garbage Collection (Proactive) 12M(60%)->10M(50%)
[1553.934s][info][gc] GC(1523) Garbage Collection (Proactive) 12M(60%)->10M(50%)
[1554.532s][info][gc] GC(1524) Garbage Collection (Proactive) 12M(60%)->10M(50%)
[1555.033s][info][gc] GC(1525) Garbage Collection (Proactive) 12M(60%)->10M(50%)
[1555.532s][info][gc] GC(1526) Garbage Collection (Proactive) 12M(60%)->10M(50%)
[1556.032s][info][gc] GC(1527) Garbage Collection (Proactive) 12M(60%)->10M(50%)
[1556.433s][info][gc] GC(1528) Garbage Collection (Proactive) 12M(60%)->10M(50%)
[1556.933s][info][gc] GC(1529) Garbage Collection (Proactive) 12M(60%)->12M(60%)
[1572.033s][info][gc] GC(1530) Garbage Collection (Proactive) 14M(70%)->10M(50%)
[1572.532s][info][gc] GC(1531) Garbage Collection (Proactive) 12M(60%)->10M(50%)
[1573.033s][info][gc] GC(1532) Garbage Collection (Proactive) 12M(60%)->10M(50%)
[1573.533s][info][gc] GC(1533) Garbage Collection (Proactive) 12M(60%)->10M(50%)
[1574.033s][info][gc] GC(1534) Garbage Collection (Proactive) 12M(60%)->10M(50%)
[1574.532s][info][gc] GC(1535) Garbage Collection (Proactive) 12M(60%)->10M(50%)
[1575.032s][info][gc] GC(1536) Garbage Collection (Proactive) 12M(60%)->10M(50%)
[1575.532s][info][gc] GC(1537) Garbage Collection (Proactive) 12M(60%)->10M(50%)
[1576.032s][info][gc] GC(1538) Garbage Collection (Proactive) 12M(60%)->10M(50%)
[1576.433s][info][gc] GC(1539) Garbage Collection (Proactive) 12M(60%)->10M(50%)
[1577.033s][info][gc] GC(1540) Garbage Collection (Proactive) 12M(60%)->10M(50%)
[1577.432s][info][gc] GC(1541) Garbage Collection (Proactive) 12M(60%)->10M(50%)
[1578.033s][info][gc] GC(1542) Garbage Collection (Proactive) 12M(60%)->10M(50%)
[1578.532s][info][gc] GC(1543) Garbage Collection (Proactive) 12M(60%)->10M(50%)
[1579.033s][info][gc] GC(1544) Garbage Collection (Proactive) 12M(60%)->10M(50%)
[1579.533s][info][gc] GC(1545) Garbage Collection (Proactive) 12M(60%)->10M(50%)
[1580.033s][info][gc] GC(1546) Garbage Collection (Proactive) 12M(60%)->10M(50%)
[1580.433s][info][gc] GC(1547) Garbage Collection (Proactive) 12M(60%)->10M(50%)
[1581.033s][info][gc] GC(1548) Garbage Collection (Proactive) 12M(60%)->10M(50%)
[1581.532s][info][gc] GC(1549) Garbage Collection (Proactive) 12M(60%)->10M(50%)
[1582.033s][info][gc] GC(1550) Garbage Collection (Proactive) 12M(60%)->10M(50%)
[1582.532s][info][gc] GC(1551) Garbage Collection (Proactive) 12M(60%)->10M(50%)
[1583.032s][info][gc] GC(1552) Garbage Collection (Proactive) 12M(60%)->10M(50%)
[1583.533s][info][gc] GC(1553) Garbage Collection (Proactive) 12M(60%)->10M(50%)
[1584.033s][info][gc] GC(1554) Garbage Collection (Proactive) 12M(60%)->10M(50%)
[1584.532s][info][gc] GC(1555) Garbage Collection (Proactive) 12M(60%)->10M(50%)
[1585.033s][info][gc] GC(1556) Garbage Collection (Proactive) 12M(60%)->10M(50%)
[1585.533s][info][gc] GC(1557) Garbage Collection (Proactive) 12M(60%)->10M(50%)
[1586.032s][info][gc] GC(1558) Garbage Collection (Proactive) 12M(60%)->10M(50%)
[1586.431s][info][gc] GC(1559) Garbage Collection (Proactive) 12M(60%)->10M(50%)
[1587.033s][info][gc] GC(1560) Garbage Collection (Proactive) 12M(60%)->10M(50%)
[1587.533s][info][gc] GC(1561) Garbage Collection (Proactive) 12M(60%)->10M(50%)
[1588.032s][info][gc] GC(1562) Garbage Collection (Proactive) 12M(60%)->10M(50%)
[1588.432s][info][gc] GC(1563) Garbage Collection (Proactive) 12M(60%)->10M(50%)
[1589.033s][info][gc] GC(1564) Garbage Collection (Proactive) 12M(60%)->10M(50%)
[1589.432s][info][gc] GC(1565) Garbage Collection (Proactive) 12M(60%)->10M(50%)
[1590.033s][info][gc] GC(1566) Garbage Collection (Proactive) 12M(60%)->10M(50%)
[1590.532s][info][gc] GC(1567) Garbage Collection (Proactive) 12M(60%)->10M(50%)
[1591.032s][info][gc] GC(1568) Garbage Collection (Proactive) 12M(60%)->10M(50%)
[1591.533s][info][gc] GC(1569) Garbage Collection (Proactive) 12M(60%)->10M(50%)
[1592.033s][info][gc] GC(1570) Garbage Collection (Proactive) 12M(60%)->10M(50%)
[1592.533s][info][gc] GC(1571) Garbage Collection (Proactive) 12M(60%)->10M(50%)
[1593.033s][info][gc] GC(1572) Garbage Collection (Proactive) 12M(60%)->10M(50%)
[1593.532s][info][gc] GC(1573) Garbage Collection (Proactive) 12M(60%)->10M(50%)
[1594.033s][info][gc] GC(1574) Garbage Collection (Proactive) 12M(60%)->10M(50%)
[1594.432s][info][gc] GC(1575) Garbage Collection (Proactive) 12M(60%)->10M(50%)
[1595.034s][info][gc] GC(1576) Garbage Collection (Proactive) 12M(60%)->10M(50%)
[1595.633s][info][gc] GC(1577) Garbage Collection (Proactive) 12M(60%)->10M(50%)
[1596.133s][info][gc] GC(1578) Garbage Collection (Proactive) 12M(60%)->10M(50%)
[1596.632s][info][gc] GC(1579) Garbage Collection (Proactive) 12M(60%)->10M(50%)
[1597.132s][info][gc] GC(1580) Garbage Collection (Proactive) 12M(60%)->10M(50%)
[1597.632s][info][gc] GC(1581) Garbage Collection (Proactive) 12M(60%)->10M(50%)
[1598.132s][info][gc] GC(1582) Garbage Collection (Proactive) 12M(60%)->10M(50%)
[1598.531s][info][gc] GC(1583) Garbage Collection (Proactive) 12M(60%)->10M(50%)
[1599.031s][info][gc] GC(1584) Garbage Collection (Proactive) 12M(60%)->10M(50%)
[1599.432s][info][gc] GC(1585) Garbage Collection (Proactive) 12M(60%)->10M(50%)
[1599.833s][info][gc] GC(1586) Garbage Collection (Proactive) 12M(60%)->10M(50%)
[1600.332s][info][gc] GC(1587) Garbage Collection (Proactive) 12M(60%)->10M(50%)
[1600.832s][info][gc] GC(1588) Garbage Collection (Proactive) 12M(60%)->10M(50%)
[1601.233s][info][gc] GC(1589) Garbage Collection (Proactive) 12M(60%)->10M(50%)
[1601.732s][info][gc] GC(1590) Garbage Collection (Proactive) 12M(60%)->10M(50%)
[1602.133s][info][gc] GC(1591) Garbage Collection (Proactive) 12M(60%)->10M(50%)
[1602.632s][info][gc] GC(1592) Garbage Collection (Proactive) 12M(60%)->10M(50%)
[1603.133s][info][gc] GC(1593) Garbage Collection (Proactive) 12M(60%)->10M(50%)
[1603.632s][info][gc] GC(1594) Garbage Collection (Proactive) 12M(60%)->10M(50%)
[1604.133s][info][gc] GC(1595) Garbage Collection (Proactive) 12M(60%)->10M(50%)
[1604.631s][info][gc] GC(1596) Garbage Collection (Proactive) 12M(60%)->10M(50%)
[1605.132s][info][gc] GC(1597) Garbage Collection (Proactive) 12M(60%)->10M(50%)
[1605.633s][info][gc] GC(1598) Garbage Collection (Proactive) 12M(60%)->10M(50%)
[1606.133s][info][gc] GC(1599) Garbage Collection (Proactive) 12M(60%)->10M(50%)
[1606.633s][info][gc] GC(1600) Garbage Collection (Proactive) 12M(60%)->10M(50%)
[1607.133s][info][gc] GC(1601) Garbage Collection (Proactive) 12M(60%)->10M(50%)
[1607.633s][info][gc] GC(1602) Garbage Collection (Proactive) 12M(60%)->10M(50%)
[1608.032s][info][gc] GC(1603) Garbage Collection (Proactive) 12M(60%)->10M(50%)
[1608.432s][info][gc] GC(1604) Garbage Collection (Proactive) 12M(60%)->10M(50%)
[1609.032s][info][gc] GC(1605) Garbage Collection (Proactive) 12M(60%)->10M(50%)
[1609.432s][info][gc] GC(1606) Garbage Collection (Proactive) 12M(60%)->10M(50%)
[1610.033s][info][gc] GC(1607) Garbage Collection (Proactive) 12M(60%)->10M(50%)
[1610.432s][info][gc] GC(1608) Garbage Collection (Proactive) 12M(60%)->10M(50%)
[1611.032s][info][gc] GC(1609) Garbage Collection (Proactive) 12M(60%)->10M(50%)
[1611.532s][info][gc] GC(1610) Garbage Collection (Proactive) 12M(60%)->10M(50%)
[1612.033s][info][gc] GC(1611) Garbage Collection (Proactive) 12M(60%)->10M(50%)
[1612.532s][info][gc] GC(1612) Garbage Collection (Proactive) 12M(60%)->10M(50%)
[1613.033s][info][gc] GC(1613) Garbage Collection (Proactive) 12M(60%)->10M(50%)
[1613.532s][info][gc] GC(1614) Garbage Collection (Proactive) 12M(60%)->10M(50%)
[1614.032s][info][gc] GC(1615) Garbage Collection (Proactive) 12M(60%)->10M(50%)
[1614.533s][info][gc] GC(1616) Garbage Collection (Proactive) 12M(60%)->10M(50%)
[1615.033s][info][gc] GC(1617) Garbage Collection (Proactive) 12M(60%)->10M(50%)
[1615.532s][info][gc] GC(1618) Garbage Collection (Proactive) 12M(60%)->10M(50%)
[1616.032s][info][gc] GC(1619) Garbage Collection (Proactive) 12M(60%)->10M(50%)
[1616.432s][info][gc] GC(1620) Garbage Collection (Proactive) 12M(60%)->10M(50%)
[1617.033s][info][gc] GC(1621) Garbage Collection (Proactive) 12M(60%)->10M(50%)
[1617.533s][info][gc] GC(1622) Garbage Collection (Proactive) 12M(60%)->10M(50%)
[1618.032s][info][gc] GC(1623) Garbage Collection (Proactive) 12M(60%)->10M(50%)
[1618.533s][info][gc] GC(1624) Garbage Collection (Proactive) 12M(60%)->10M(50%)
[1619.033s][info][gc] GC(1625) Garbage Collection (Proactive) 12M(60%)->10M(50%)
[1619.532s][info][gc] GC(1626) Garbage Collection (Proactive) 12M(60%)->10M(50%)
[1620.033s][info][gc] GC(1627) Garbage Collection (Proactive) 12M(60%)->10M(50%)
[1620.533s][info][gc] GC(1628) Garbage Collection (Proactive) 12M(60%)->10M(50%)
[1621.033s][info][gc] GC(1629) Garbage Collection (Proactive) 12M(60%)->10M(50%)
[1621.532s][info][gc] GC(1630) Garbage Collection (Proactive) 12M(60%)->10M(50%)
[1622.033s][info][gc] GC(1631) Garbage Collection (Proactive) 12M(60%)->10M(50%)
[1622.533s][info][gc] GC(1632) Garbage Collection (Proactive) 12M(60%)->10M(50%)
[1623.033s][info][gc] GC(1633) Garbage Collection (Proactive) 12M(60%)->10M(50%)
[1623.534s][info][gc] GC(1634) Garbage Collection (Proactive) 12M(60%)->10M(50%)
[1624.033s][info][gc] GC(1635) Garbage Collection (Proactive) 12M(60%)->10M(50%)
[1624.532s][info][gc] GC(1636) Garbage Collection (Proactive) 12M(60%)->10M(50%)
[1625.034s][info][gc] GC(1637) Garbage Collection (Proactive) 12M(60%)->10M(50%)
[1625.532s][info][gc] GC(1638) Garbage Collection (Proactive) 12M(60%)->10M(50%)
[1626.034s][info][gc] GC(1639) Garbage Collection (Proactive) 12M(60%)->10M(50%)
[1626.532s][info][gc] GC(1640) Garbage Collection (Proactive) 12M(60%)->10M(50%)
[1627.032s][info][gc] GC(1641) Garbage Collection (Proactive) 12M(60%)->10M(50%)
[1627.532s][info][gc] GC(1642) Garbage Collection (Proactive) 12M(60%)->10M(50%)
[1628.032s][info][gc] GC(1643) Garbage Collection (Proactive) 12M(60%)->10M(50%)
[1628.433s][info][gc] GC(1644) Garbage Collection (Proactive) 12M(60%)->10M(50%)
[1629.033s][info][gc] GC(1645) Garbage Collection (Proactive) 12M(60%)->10M(50%)
[1629.532s][info][gc] GC(1646) Garbage Collection (Proactive) 12M(60%)->10M(50%)
[1630.032s][info][gc] GC(1647) Garbage Collection (Proactive) 12M(60%)->10M(50%)
[1630.533s][info][gc] GC(1648) Garbage Collection (Proactive) 12M(60%)->10M(50%)
[1631.034s][info][gc] GC(1649) Garbage Collection (Proactive) 12M(60%)->10M(50%)
[1631.432s][info][gc] GC(1650) Garbage Collection (Proactive) 12M(60%)->10M(50%)
[1632.032s][info][gc] GC(1651) Garbage Collection (Proactive) 12M(60%)->10M(50%)
[1632.533s][info][gc] GC(1652) Garbage Collection (Proactive) 12M(60%)->10M(50%)
[1633.033s][info][gc] GC(1653) Garbage Collection (Proactive) 12M(60%)->10M(50%)
[1633.532s][info][gc] GC(1654) Garbage Collection (Proactive) 12M(60%)->10M(50%)
[1634.033s][info][gc] GC(1655) Garbage Collection (Proactive) 12M(60%)->10M(50%)
[1634.532s][info][gc] GC(1656) Garbage Collection (Proactive) 12M(60%)->10M(50%)
[1635.033s][info][gc] GC(1657) Garbage Collection (Proactive) 12M(60%)->10M(50%)
[1635.533s][info][gc] GC(1658) Garbage Collection (Proactive) 12M(60%)->10M(50%)
[1636.032s][info][gc] GC(1659) Garbage Collection (Proactive) 12M(60%)->10M(50%)
[1636.533s][info][gc] GC(1660) Garbage Collection (Proactive) 12M(60%)->10M(50%)
[1637.032s][info][gc] GC(1661) Garbage Collection (Proactive) 12M(60%)->10M(50%)
[1637.436s][info][gc] GC(1662) Garbage Collection (Proactive) 12M(60%)->10M(50%)
[1638.232s][info][gc] GC(1663) Garbage Collection (Proactive) 12M(60%)->10M(50%)
[1638.933s][info][gc] GC(1664) Garbage Collection (Proactive) 12M(60%)->10M(50%)
[1639.533s][info][gc] GC(1665) Garbage Collection (Proactive) 12M(60%)->10M(50%)
[1640.032s][info][gc] GC(1666) Garbage Collection (Proactive) 12M(60%)->10M(50%)
[1640.531s][info][gc] GC(1667) Garbage Collection (Proactive) 12M(60%)->10M(50%)
[1641.033s][info][gc] GC(1668) Garbage Collection (Proactive) 12M(60%)->10M(50%)
[1641.632s][info][gc] GC(1669) Garbage Collection (Proactive) 12M(60%)->10M(50%)
[1642.133s][info][gc] GC(1670) Garbage Collection (Proactive) 12M(60%)->10M(50%)
[1642.633s][info][gc] GC(1671) Garbage Collection (Proactive) 12M(60%)->10M(50%)
[1643.133s][info][gc] GC(1672) Garbage Collection (Proactive) 12M(60%)->10M(50%)
[1643.633s][info][gc] GC(1673) Garbage Collection (Proactive) 12M(60%)->10M(50%)
[1644.133s][info][gc] GC(1674) Garbage Collection (Proactive) 12M(60%)->10M(50%)
[1644.633s][info][gc] GC(1675) Garbage Collection (Proactive) 12M(60%)->10M(50%)
[1645.133s][info][gc] GC(1676) Garbage Collection (Proactive) 12M(60%)->10M(50%)
[1645.633s][info][gc] GC(1677) Garbage Collection (Proactive) 12M(60%)->10M(50%)
[1646.133s][info][gc] GC(1678) Garbage Collection (Proactive) 12M(60%)->10M(50%)
[1646.634s][info][gc] GC(1679) Garbage Collection (Proactive) 12M(60%)->10M(50%)
[1647.133s][info][gc] GC(1680) Garbage Collection (Proactive) 12M(60%)->10M(50%)
[1647.633s][info][gc] GC(1681) Garbage Collection (Proactive) 12M(60%)->10M(50%)
[1648.132s][info][gc] GC(1682) Garbage Collection (Proactive) 12M(60%)->10M(50%)
[1648.633s][info][gc] GC(1683) Garbage Collection (Proactive) 12M(60%)->10M(50%)
[1649.133s][info][gc] GC(1684) Garbage Collection (Proactive) 12M(60%)->10M(50%)
[1649.632s][info][gc] GC(1685) Garbage Collection (Proactive) 12M(60%)->10M(50%)
[1650.033s][info][gc] GC(1686) Garbage Collection (Proactive) 12M(60%)->10M(50%)
[1650.445s][info][gc] GC(1687) Garbage Collection (Proactive) 12M(60%)->10M(50%)
[1652.232s][info][gc] GC(1688) Garbage Collection (Proactive) 12M(60%)->10M(50%)
[1653.632s][info][gc] GC(1689) Garbage Collection (Proactive) 12M(60%)->10M(50%)
[1654.634s][info][gc] GC(1690) Garbage Collection (Proactive) 12M(60%)->10M(50%)
[1655.441s][info][gc] GC(1691) Garbage Collection (Proactive) 12M(60%)->10M(50%)
[1656.932s][info][gc] GC(1692) Garbage Collection (Proactive) 12M(60%)->10M(50%)
[1658.033s][info][gc] GC(1693) Garbage Collection (Proactive) 12M(60%)->10M(50%)
[1658.832s][info][gc] GC(1694) Garbage Collection (Proactive) 12M(60%)->10M(50%)
[1659.444s][info][gc] GC(1695) Garbage Collection (Proactive) 12M(60%)->10M(50%)
[1661.133s][info][gc] GC(1696) Garbage Collection (Proactive) 12M(60%)->10M(50%)
[1662.433s][info][gc] GC(1697) Garbage Collection (Proactive) 12M(60%)->10M(50%)
[1663.332s][info][gc] GC(1698) Garbage Collection (Proactive) 12M(60%)->10M(50%)
[1664.033s][info][gc] GC(1699) Garbage Collection (Proactive) 12M(60%)->10M(50%)
[1664.633s][info][gc] GC(1700) Garbage Collection (Proactive) 12M(60%)->10M(50%)
[1665.133s][info][gc] GC(1701) Garbage Collection (Proactive) 12M(60%)->10M(50%)
[1665.633s][info][gc] GC(1702) Garbage Collection (Proactive) 12M(60%)->10M(50%)
[1666.133s][info][gc] GC(1703) Garbage Collection (Proactive) 12M(60%)->10M(50%)
[1666.633s][info][gc] GC(1704) Garbage Collection (Proactive) 12M(60%)->10M(50%)
[1667.132s][info][gc] GC(1705) Garbage Collection (Proactive) 12M(60%)->10M(50%)
[1667.633s][info][gc] GC(1706) Garbage Collection (Proactive) 12M(60%)->10M(50%)
[1668.133s][info][gc] GC(1707) Garbage Collection (Proactive) 12M(60%)->10M(50%)
[1668.634s][info][gc] GC(1708) Garbage Collection (Proactive) 12M(60%)->10M(50%)
[1669.235s][info][gc] GC(1709) Garbage Collection (Proactive) 12M(60%)->10M(50%)
[1669.833s][info][gc] GC(1710) Garbage Collection (Proactive) 12M(60%)->10M(50%)
[1670.433s][info][gc] GC(1711) Garbage Collection (Proactive) 12M(60%)->12M(60%)
[1685.534s][info][gc] GC(1712) Garbage Collection (Proactive) 14M(70%)->10M(50%)
[1686.036s][info][gc] GC(1713) Garbage Collection (Proactive) 12M(60%)->10M(50%)
[1686.733s][info][gc] GC(1714) Garbage Collection (Proactive) 12M(60%)->10M(50%)
[1687.334s][info][gc] GC(1715) Garbage Collection (Proactive) 12M(60%)->10M(50%)
[1687.932s][info][gc] GC(1716) Garbage Collection (Proactive) 12M(60%)->10M(50%)
[1688.533s][info][gc] GC(1717) Garbage Collection (Proactive) 12M(60%)->10M(50%)
[1689.033s][info][gc] GC(1718) Garbage Collection (Proactive) 12M(60%)->10M(50%)
[1689.532s][info][gc] GC(1719) Garbage Collection (Proactive) 12M(60%)->10M(50%)
[1690.033s][info][gc] GC(1720) Garbage Collection (Proactive) 12M(60%)->10M(50%)
[1690.533s][info][gc] GC(1721) Garbage Collection (Proactive) 12M(60%)->10M(50%)
[1691.032s][info][gc] GC(1722) Garbage Collection (Proactive) 12M(60%)->10M(50%)
[1691.533s][info][gc] GC(1723) Garbage Collection (Proactive) 12M(60%)->10M(50%)
[1692.033s][info][gc] GC(1724) Garbage Collection (Proactive) 12M(60%)->10M(50%)
[1692.533s][info][gc] GC(1725) Garbage Collection (Proactive) 12M(60%)->10M(50%)
[1693.033s][info][gc] GC(1726) Garbage Collection (Proactive) 12M(60%)->10M(50%)
[1693.532s][info][gc] GC(1727) Garbage Collection (Proactive) 12M(60%)->10M(50%)
[1694.033s][info][gc] GC(1728) Garbage Collection (Proactive) 12M(60%)->10M(50%)
[1694.532s][info][gc] GC(1729) Garbage Collection (Proactive) 12M(60%)->10M(50%)
[1695.032s][info][gc] GC(1730) Garbage Collection (Proactive) 12M(60%)->10M(50%)
[1695.531s][info][gc] GC(1731) Garbage Collection (Proactive) 12M(60%)->10M(50%)
[1696.032s][info][gc] GC(1732) Garbage Collection (Proactive) 12M(60%)->10M(50%)
[1696.533s][info][gc] GC(1733) Garbage Collection (Proactive) 12M(60%)->10M(50%)
[1697.034s][info][gc] GC(1734) Garbage Collection (Proactive) 12M(60%)->10M(50%)
[1697.633s][info][gc] GC(1735) Garbage Collection (Proactive) 12M(60%)->10M(50%)
[1698.233s][info][gc] GC(1736) Garbage Collection (Proactive) 12M(60%)->10M(50%)
[1698.833s][info][gc] GC(1737) Garbage Collection (Proactive) 12M(60%)->10M(50%)
[1699.333s][info][gc] GC(1738) Garbage Collection (Proactive) 12M(60%)->10M(50%)
[1699.832s][info][gc] GC(1739) Garbage Collection (Proactive) 12M(60%)->10M(50%)
[1700.332s][info][gc] GC(1740) Garbage Collection (Proactive) 12M(60%)->10M(50%)
[1700.833s][info][gc] GC(1741) Garbage Collection (Proactive) 12M(60%)->10M(50%)
[1701.332s][info][gc] GC(1742) Garbage Collection (Proactive) 12M(60%)->10M(50%)
[1701.832s][info][gc] GC(1743) Garbage Collection (Proactive) 12M(60%)->10M(50%)
[1702.332s][info][gc] GC(1744) Garbage Collection (Proactive) 12M(60%)->10M(50%)
[1702.832s][info][gc] GC(1745) Garbage Collection (Proactive) 12M(60%)->10M(50%)
[1703.233s][info][gc] GC(1746) Garbage Collection (Proactive) 12M(60%)->10M(50%)
[1703.632s][info][gc] GC(1747) Garbage Collection (Proactive) 12M(60%)->10M(50%)
[1704.034s][info][gc] GC(1748) Garbage Collection (Proactive) 12M(60%)->10M(50%)
[1704.531s][info][gc] GC(1749) Garbage Collection (Proactive) 12M(60%)->10M(50%)
[1705.032s][info][gc] GC(1750) Garbage Collection (Proactive) 12M(60%)->10M(50%)
[1705.532s][info][gc] GC(1751) Garbage Collection (Proactive) 12M(60%)->10M(50%)
[1706.033s][info][gc] GC(1752) Garbage Collection (Proactive) 12M(60%)->10M(50%)
[1706.533s][info][gc] GC(1753) Garbage Collection (Proactive) 12M(60%)->10M(50%)
[1707.033s][info][gc] GC(1754) Garbage Collection (Proactive) 12M(60%)->10M(50%)
[1707.532s][info][gc] GC(1755) Garbage Collection (Proactive) 12M(60%)->10M(50%)
[1708.032s][info][gc] GC(1756) Garbage Collection (Proactive) 12M(60%)->10M(50%)
[1708.532s][info][gc] GC(1757) Garbage Collection (Proactive) 12M(60%)->10M(50%)
[1709.033s][info][gc] GC(1758) Garbage Collection (Proactive) 12M(60%)->10M(50%)
[1709.532s][info][gc] GC(1759) Garbage Collection (Proactive) 12M(60%)->10M(50%)
[1710.034s][info][gc] GC(1760) Garbage Collection (Proactive) 12M(60%)->10M(50%)
[1710.532s][info][gc] GC(1761) Garbage Collection (Proactive) 12M(60%)->10M(50%)
[1711.032s][info][gc] GC(1762) Garbage Collection (Proactive) 12M(60%)->10M(50%)
[1711.532s][info][gc] GC(1763) Garbage Collection (Proactive) 12M(60%)->10M(50%)
[1712.034s][info][gc] GC(1764) Garbage Collection (Proactive) 12M(60%)->10M(50%)
[1712.633s][info][gc] GC(1765) Garbage Collection (Proactive) 12M(60%)->10M(50%)
[1713.234s][info][gc] GC(1766) Garbage Collection (Proactive) 12M(60%)->10M(50%)
[1713.733s][info][gc] GC(1767) Garbage Collection (Proactive) 12M(60%)->10M(50%)
[1714.232s][info][gc] GC(1768) Garbage Collection (Proactive) 12M(60%)->10M(50%)
[1714.732s][info][gc] GC(1769) Garbage Collection (Proactive) 12M(60%)->10M(50%)
[1715.232s][info][gc] GC(1770) Garbage Collection (Proactive) 12M(60%)->10M(50%)
[1715.633s][info][gc] GC(1771) Garbage Collection (Proactive) 12M(60%)->10M(50%)
[1716.032s][info][gc] GC(1772) Garbage Collection (Proactive) 12M(60%)->10M(50%)
[1716.532s][info][gc] GC(1773) Garbage Collection (Proactive) 12M(60%)->10M(50%)
[1717.032s][info][gc] GC(1774) Garbage Collection (Proactive) 12M(60%)->10M(50%)
[1717.532s][info][gc] GC(1775) Garbage Collection (Proactive) 12M(60%)->10M(50%)
[1718.033s][info][gc] GC(1776) Garbage Collection (Proactive) 12M(60%)->10M(50%)
[1718.532s][info][gc] GC(1777) Garbage Collection (Proactive) 12M(60%)->10M(50%)
[1719.033s][info][gc] GC(1778) Garbage Collection (Proactive) 12M(60%)->10M(50%)
[1719.534s][info][gc] GC(1779) Garbage Collection (Proactive) 12M(60%)->10M(50%)
[1720.034s][info][gc] GC(1780) Garbage Collection (Proactive) 12M(60%)->10M(50%)
[1720.632s][info][gc] GC(1781) Garbage Collection (Proactive) 12M(60%)->10M(50%)
[1721.133s][info][gc] GC(1782) Garbage Collection (Proactive) 12M(60%)->10M(50%)
[1721.633s][info][gc] GC(1783) Garbage Collection (Proactive) 12M(60%)->10M(50%)
[1722.132s][info][gc] GC(1784) Garbage Collection (Proactive) 12M(60%)->10M(50%)
[1722.632s][info][gc] GC(1785) Garbage Collection (Proactive) 12M(60%)->10M(50%)
[1723.132s][info][gc] GC(1786) Garbage Collection (Proactive) 12M(60%)->10M(50%)
[1723.533s][info][gc] GC(1787) Garbage Collection (Proactive) 12M(60%)->10M(50%)
[1724.032s][info][gc] GC(1788) Garbage Collection (Proactive) 12M(60%)->10M(50%)
[1724.532s][info][gc] GC(1789) Garbage Collection (Proactive) 12M(60%)->10M(50%)
[1725.033s][info][gc] GC(1790) Garbage Collection (Proactive) 12M(60%)->10M(50%)
[1725.533s][info][gc] GC(1791) Garbage Collection (Proactive) 12M(60%)->10M(50%)
[1726.033s][info][gc] GC(1792) Garbage Collection (Proactive) 12M(60%)->10M(50%)
[1726.530s][info][gc] GC(1793) Garbage Collection (Proactive) 12M(60%)->10M(50%)
[1727.033s][info][gc] GC(1794) Garbage Collection (Proactive) 12M(60%)->10M(50%)
[1727.532s][info][gc] GC(1795) Garbage Collection (Proactive) 12M(60%)->10M(50%)
[1728.033s][info][gc] GC(1796) Garbage Collection (Proactive) 12M(60%)->10M(50%)
[1728.534s][info][gc] GC(1797) Garbage Collection (Proactive) 12M(60%)->10M(50%)
[1729.033s][info][gc] GC(1798) Garbage Collection (Proactive) 12M(60%)->10M(50%)
[1729.532s][info][gc] GC(1799) Garbage Collection (Proactive) 12M(60%)->10M(50%)
[1730.033s][info][gc] GC(1800) Garbage Collection (Proactive) 12M(60%)->10M(50%)
[1730.633s][info][gc] GC(1801) Garbage Collection (Proactive) 12M(60%)->10M(50%)
[1731.133s][info][gc] GC(1802) Garbage Collection (Proactive) 12M(60%)->10M(50%)
[1731.733s][info][gc] GC(1803) Garbage Collection (Proactive) 12M(60%)->10M(50%)
[1732.233s][info][gc] GC(1804) Garbage Collection (Proactive) 12M(60%)->10M(50%)
[1732.732s][info][gc] GC(1805) Garbage Collection (Proactive) 12M(60%)->10M(50%)
[1733.232s][info][gc] GC(1806) Garbage Collection (Proactive) 12M(60%)->10M(50%)
[1733.733s][info][gc] GC(1807) Garbage Collection (Proactive) 12M(60%)->10M(50%)
[1734.233s][info][gc] GC(1808) Garbage Collection (Proactive) 12M(60%)->10M(50%)
[1734.732s][info][gc] GC(1809) Garbage Collection (Proactive) 12M(60%)->10M(50%)
[1735.233s][info][gc] GC(1810) Garbage Collection (Proactive) 12M(60%)->10M(50%)
[1735.733s][info][gc] GC(1811) Garbage Collection (Proactive) 12M(60%)->10M(50%)
[1736.234s][info][gc] GC(1812) Garbage Collection (Proactive) 12M(60%)->10M(50%)
[1736.733s][info][gc] GC(1813) Garbage Collection (Proactive) 12M(60%)->10M(50%)
[1737.232s][info][gc] GC(1814) Garbage Collection (Proactive) 12M(60%)->10M(50%)
[1737.733s][info][gc] GC(1815) Garbage Collection (Proactive) 12M(60%)->10M(50%)
[1738.233s][info][gc] GC(1816) Garbage Collection (Proactive) 12M(60%)->10M(50%)
[1738.732s][info][gc] GC(1817) Garbage Collection (Proactive) 12M(60%)->10M(50%)
[1739.232s][info][gc] GC(1818) Garbage Collection (Proactive) 12M(60%)->10M(50%)
[1739.733s][info][gc] GC(1819) Garbage Collection (Proactive) 12M(60%)->10M(50%)
[1740.232s][info][gc] GC(1820) Garbage Collection (Proactive) 12M(60%)->10M(50%)
[1740.633s][info][gc] GC(1821) Garbage Collection (Proactive) 12M(60%)->10M(50%)
[1741.133s][info][gc] GC(1822) Garbage Collection (Proactive) 12M(60%)->10M(50%)
[1741.633s][info][gc] GC(1823) Garbage Collection (Proactive) 12M(60%)->10M(50%)
[1742.133s][info][gc] GC(1824) Garbage Collection (Proactive) 12M(60%)->10M(50%)
[1742.733s][info][gc] GC(1825) Garbage Collection (Proactive) 12M(60%)->10M(50%)
[1743.233s][info][gc] GC(1826) Garbage Collection (Proactive) 12M(60%)->10M(50%)
[1743.733s][info][gc] GC(1827) Garbage Collection (Proactive) 12M(60%)->10M(50%)
[1744.233s][info][gc] GC(1828) Garbage Collection (Proactive) 12M(60%)->10M(50%)
[1744.732s][info][gc] GC(1829) Garbage Collection (Proactive) 12M(60%)->10M(50%)
[1745.232s][info][gc] GC(1830) Garbage Collection (Proactive) 12M(60%)->10M(50%)
[1745.732s][info][gc] GC(1831) Garbage Collection (Proactive) 12M(60%)->10M(50%)
[1746.233s][info][gc] GC(1832) Garbage Collection (Proactive) 12M(60%)->10M(50%)
[1746.733s][info][gc] GC(1833) Garbage Collection (Proactive) 12M(60%)->10M(50%)
[1747.132s][info][gc] GC(1834) Garbage Collection (Proactive) 12M(60%)->10M(50%)
[1747.533s][info][gc] GC(1835) Garbage Collection (Proactive) 12M(60%)->10M(50%)
[1748.032s][info][gc] GC(1836) Garbage Collection (Proactive) 12M(60%)->10M(50%)
[1748.533s][info][gc] GC(1837) Garbage Collection (Proactive) 12M(60%)->10M(50%)
[1749.033s][info][gc] GC(1838) Garbage Collection (Proactive) 12M(60%)->10M(50%)
[1749.533s][info][gc] GC(1839) Garbage Collection (Proactive) 12M(60%)->10M(50%)
[1750.132s][info][gc] GC(1840) Garbage Collection (Proactive) 12M(60%)->10M(50%)
[1750.632s][info][gc] GC(1841) Garbage Collection (Proactive) 12M(60%)->10M(50%)
[1751.133s][info][gc] GC(1842) Garbage Collection (Proactive) 12M(60%)->10M(50%)
[1751.634s][info][gc] GC(1843) Garbage Collection (Proactive) 12M(60%)->10M(50%)
[1752.233s][info][gc] GC(1844) Garbage Collection (Proactive) 12M(60%)->10M(50%)
[1752.733s][info][gc] GC(1845) Garbage Collection (Proactive) 12M(60%)->10M(50%)
[1753.232s][info][gc] GC(1846) Garbage Collection (Proactive) 12M(60%)->10M(50%)
[1753.732s][info][gc] GC(1847) Garbage Collection (Proactive) 12M(60%)->10M(50%)
[1754.232s][info][gc] GC(1848) Garbage Collection (Proactive) 12M(60%)->10M(50%)
[1754.732s][info][gc] GC(1849) Garbage Collection (Proactive) 12M(60%)->10M(50%)
[1755.132s][info][gc] GC(1850) Garbage Collection (Proactive) 12M(60%)->10M(50%)
[1755.536s][info][gc] GC(1851) Garbage Collection (Proactive) 12M(60%)->10M(50%)
[1756.233s][info][gc] GC(1852) Garbage Collection (Proactive) 12M(60%)->10M(50%)
[1756.832s][info][gc] GC(1853) Garbage Collection (Proactive) 12M(60%)->10M(50%)
[1757.433s][info][gc] GC(1854) Garbage Collection (Proactive) 12M(60%)->10M(50%)
[1757.934s][info][gc] GC(1855) Garbage Collection (Proactive) 12M(60%)->10M(50%)
[1758.532s][info][gc] GC(1856) Garbage Collection (Proactive) 12M(60%)->10M(50%)
[1759.032s][info][gc] GC(1857) Garbage Collection (Proactive) 12M(60%)->10M(50%)
[1759.532s][info][gc] GC(1858) Garbage Collection (Proactive) 12M(60%)->10M(50%)
[1760.032s][info][gc] GC(1859) Garbage Collection (Proactive) 12M(60%)->10M(50%)
[1760.532s][info][gc] GC(1860) Garbage Collection (Proactive) 12M(60%)->10M(50%)
[1761.032s][info][gc] GC(1861) Garbage Collection (Proactive) 12M(60%)->10M(50%)
[1761.533s][info][gc] GC(1862) Garbage Collection (Proactive) 12M(60%)->10M(50%)
[1762.033s][info][gc] GC(1863) Garbage Collection (Proactive) 12M(60%)->10M(50%)
[1762.533s][info][gc] GC(1864) Garbage Collection (Proactive) 12M(60%)->10M(50%)
[1763.033s][info][gc] GC(1865) Garbage Collection (Proactive) 12M(60%)->10M(50%)
[1763.532s][info][gc] GC(1866) Garbage Collection (Proactive) 12M(60%)->10M(50%)
[1764.034s][info][gc] GC(1867) Garbage Collection (Proactive) 12M(60%)->10M(50%)
[1764.632s][info][gc] GC(1868) Garbage Collection (Proactive) 12M(60%)->10M(50%)
[1765.133s][info][gc] GC(1869) Garbage Collection (Proactive) 12M(60%)->10M(50%)
[1765.631s][info][gc] GC(1870) Garbage Collection (Proactive) 12M(60%)->10M(50%)
[1766.133s][info][gc] GC(1871) Garbage Collection (Proactive) 12M(60%)->10M(50%)
[1766.632s][info][gc] GC(1872) Garbage Collection (Proactive) 12M(60%)->10M(50%)
[1767.133s][info][gc] GC(1873) Garbage Collection (Proactive) 12M(60%)->10M(50%)
[1767.534s][info][gc] GC(1874) Garbage Collection (Proactive) 12M(60%)->10M(50%)
[1768.033s][info][gc] GC(1875) Garbage Collection (Proactive) 12M(60%)->10M(50%)
[1768.538s][info][gc] GC(1876) Garbage Collection (Proactive) 12M(60%)->10M(50%)
[1769.537s][info][gc] GC(1877) Garbage Collection (Proactive) 12M(60%)->10M(50%)
[1770.537s][info][gc] GC(1878) Garbage Collection (Proactive) 12M(60%)->10M(50%)
[1771.433s][info][gc] GC(1879) Garbage Collection (Proactive) 12M(60%)->10M(50%)
[1772.432s][info][gc] GC(1880) Garbage Collection (Proactive) 12M(60%)->10M(50%)
[1773.232s][info][gc] GC(1881) Garbage Collection (Proactive) 12M(60%)->10M(50%)
[1773.833s][info][gc] GC(1882) Garbage Collection (Proactive) 12M(60%)->10M(50%)
[1774.433s][info][gc] GC(1883) Garbage Collection (Proactive) 12M(60%)->10M(50%)
[1774.933s][info][gc] GC(1884) Garbage Collection (Proactive) 12M(60%)->10M(50%)
[1775.434s][info][gc] GC(1885) Garbage Collection (Proactive) 12M(60%)->10M(50%)
[1775.932s][info][gc] GC(1886) Garbage Collection (Proactive) 12M(60%)->10M(50%)
[1776.432s][info][gc] GC(1887) Garbage Collection (Proactive) 12M(60%)->10M(50%)
[1776.933s][info][gc] GC(1888) Garbage Collection (Proactive) 12M(60%)->10M(50%)
[1777.432s][info][gc] GC(1889) Garbage Collection (Proactive) 12M(60%)->10M(50%)
[1777.933s][info][gc] GC(1890) Garbage Collection (Proactive) 12M(60%)->10M(50%)
[1778.433s][info][gc] GC(1891) Garbage Collection (Proactive) 12M(60%)->10M(50%)
[1778.933s][info][gc] GC(1892) Garbage Collection (Proactive) 12M(60%)->10M(50%)
[1779.433s][info][gc] GC(1893) Garbage Collection (Proactive) 12M(60%)->10M(50%)
[1779.932s][info][gc] GC(1894) Garbage Collection (Proactive) 12M(60%)->10M(50%)
[1780.433s][info][gc] GC(1895) Garbage Collection (Proactive) 12M(60%)->10M(50%)
[1780.932s][info][gc] GC(1896) Garbage Collection (Proactive) 12M(60%)->10M(50%)
[1781.432s][info][gc] GC(1897) Garbage Collection (Proactive) 12M(60%)->10M(50%)
[1781.934s][info][gc] GC(1898) Garbage Collection (Proactive) 12M(60%)->10M(50%)
[1782.432s][info][gc] GC(1899) Garbage Collection (Proactive) 12M(60%)->10M(50%)
[1782.933s][info][gc] GC(1900) Garbage Collection (Proactive) 12M(60%)->10M(50%)
[1783.432s][info][gc] GC(1901) Garbage Collection (Proactive) 12M(60%)->10M(50%)
[1783.934s][info][gc] GC(1902) Garbage Collection (Proactive) 12M(60%)->10M(50%)
[1784.543s][info][gc] GC(1903) Garbage Collection (Proactive) 12M(60%)->12M(60%)
[1800.633s][info][gc] GC(1904) Garbage Collection (Proactive) 14M(70%)->10M(50%)
[1801.933s][info][gc] GC(1905) Garbage Collection (Proactive) 12M(60%)->10M(50%)
[1802.832s][info][gc] GC(1906) Garbage Collection (Proactive) 12M(60%)->10M(50%)
[1803.532s][info][gc] GC(1907) Garbage Collection (Proactive) 12M(60%)->10M(50%)
[1804.132s][info][gc] GC(1908) Garbage Collection (Proactive) 12M(60%)->10M(50%)
[1804.632s][info][gc] GC(1909) Garbage Collection (Proactive) 12M(60%)->10M(50%)
[1805.132s][info][gc] GC(1910) Garbage Collection (Proactive) 12M(60%)->10M(50%)
[1805.633s][info][gc] GC(1911) Garbage Collection (Proactive) 12M(60%)->10M(50%)
[1806.132s][info][gc] GC(1912) Garbage Collection (Proactive) 12M(60%)->10M(50%)
[1806.632s][info][gc] GC(1913) Garbage Collection (Proactive) 12M(60%)->10M(50%)
[1807.133s][info][gc] GC(1914) Garbage Collection (Proactive) 12M(60%)->10M(50%)
[1807.633s][info][gc] GC(1915) Garbage Collection (Proactive) 12M(60%)->10M(50%)
[1808.132s][info][gc] GC(1916) Garbage Collection (Proactive) 12M(60%)->10M(50%)
[1808.630s][info][gc] GC(1917) Garbage Collection (Proactive) 12M(60%)->10M(50%)
[1809.132s][info][gc] GC(1918) Garbage Collection (Proactive) 12M(60%)->10M(50%)
[1809.631s][info][gc] GC(1919) Garbage Collection (Proactive) 12M(60%)->10M(50%)
[1810.131s][info][gc] GC(1920) Garbage Collection (Proactive) 12M(60%)->10M(50%)
[1810.631s][info][gc] GC(1921) Garbage Collection (Proactive) 12M(60%)->10M(50%)
[1811.133s][info][gc] GC(1922) Garbage Collection (Proactive) 12M(60%)->10M(50%)
[1811.632s][info][gc] GC(1923) Garbage Collection (Proactive) 12M(60%)->10M(50%)
[1812.131s][info][gc] GC(1924) Garbage Collection (Proactive) 12M(60%)->10M(50%)
[1812.631s][info][gc] GC(1925) Garbage Collection (Proactive) 12M(60%)->10M(50%)
[1813.132s][info][gc] GC(1926) Garbage Collection (Proactive) 12M(60%)->10M(50%)
[1813.632s][info][gc] GC(1927) Garbage Collection (Proactive) 12M(60%)->10M(50%)
[1814.133s][info][gc] GC(1928) Garbage Collection (Proactive) 12M(60%)->10M(50%)
[1814.632s][info][gc] GC(1929) Garbage Collection (Proactive) 12M(60%)->10M(50%)
[1815.133s][info][gc] GC(1930) Garbage Collection (Proactive) 12M(60%)->10M(50%)
[1815.732s][info][gc] GC(1931) Garbage Collection (Proactive) 12M(60%)->10M(50%)
[1816.332s][info][gc] GC(1932) Garbage Collection (Proactive) 12M(60%)->10M(50%)
[1816.832s][info][gc] GC(1933) Garbage Collection (Proactive) 12M(60%)->10M(50%)
[1817.334s][info][gc] GC(1934) Garbage Collection (Proactive) 12M(60%)->10M(50%)
[1817.833s][info][gc] GC(1935) Garbage Collection (Proactive) 12M(60%)->10M(50%)
[1818.332s][info][gc] GC(1936) Garbage Collection (Proactive) 12M(60%)->10M(50%)
[1818.831s][info][gc] GC(1937) Garbage Collection (Proactive) 12M(60%)->10M(50%)
[1819.332s][info][gc] GC(1938) Garbage Collection (Proactive) 12M(60%)->10M(50%)
[1819.832s][info][gc] GC(1939) Garbage Collection (Proactive) 12M(60%)->10M(50%)
[1820.233s][info][gc] GC(1940) Garbage Collection (Proactive) 12M(60%)->10M(50%)
[1820.732s][info][gc] GC(1941) Garbage Collection (Proactive) 12M(60%)->10M(50%)
[1821.232s][info][gc] GC(1942) Garbage Collection (Proactive) 12M(60%)->10M(50%)
[1821.732s][info][gc] GC(1943) Garbage Collection (Proactive) 12M(60%)->10M(50%)
[1822.133s][info][gc] GC(1944) Garbage Collection (Proactive) 12M(60%)->10M(50%)
[1822.633s][info][gc] GC(1945) Garbage Collection (Proactive) 12M(60%)->10M(50%)
[1823.132s][info][gc] GC(1946) Garbage Collection (Proactive) 12M(60%)->10M(50%)
[1823.633s][info][gc] GC(1947) Garbage Collection (Proactive) 12M(60%)->10M(50%)
[1824.132s][info][gc] GC(1948) Garbage Collection (Proactive) 12M(60%)->10M(50%)
[1824.632s][info][gc] GC(1949) Garbage Collection (Proactive) 12M(60%)->10M(50%)
[1825.133s][info][gc] GC(1950) Garbage Collection (Proactive) 12M(60%)->10M(50%)
[1825.631s][info][gc] GC(1951) Garbage Collection (Proactive) 12M(60%)->10M(50%)
[1826.132s][info][gc] GC(1952) Garbage Collection (Proactive) 12M(60%)->10M(50%)
[1826.632s][info][gc] GC(1953) Garbage Collection (Proactive) 12M(60%)->10M(50%)
[1827.132s][info][gc] GC(1954) Garbage Collection (Proactive) 12M(60%)->10M(50%)
[1827.632s][info][gc] GC(1955) Garbage Collection (Proactive) 12M(60%)->10M(50%)
[1828.132s][info][gc] GC(1956) Garbage Collection (Proactive) 12M(60%)->10M(50%)
[1828.632s][info][gc] GC(1957) Garbage Collection (Proactive) 12M(60%)->10M(50%)
[1829.132s][info][gc] GC(1958) Garbage Collection (Proactive) 12M(60%)->10M(50%)
[1829.631s][info][gc] GC(1959) Garbage Collection (Proactive) 12M(60%)->10M(50%)
[1830.132s][info][gc] GC(1960) Garbage Collection (Proactive) 12M(60%)->10M(50%)
[1830.631s][info][gc] GC(1961) Garbage Collection (Proactive) 12M(60%)->10M(50%)
[1831.132s][info][gc] GC(1962) Garbage Collection (Proactive) 12M(60%)->10M(50%)
[1831.631s][info][gc] GC(1963) Garbage Collection (Proactive) 12M(60%)->10M(50%)
[1832.134s][info][gc] GC(1964) Garbage Collection (Proactive) 12M(60%)->10M(50%)
[1832.732s][info][gc] GC(1965) Garbage Collection (Proactive) 12M(60%)->10M(50%)
[1833.232s][info][gc] GC(1966) Garbage Collection (Proactive) 12M(60%)->10M(50%)
[1833.733s][info][gc] GC(1967) Garbage Collection (Proactive) 12M(60%)->10M(50%)
[1834.232s][info][gc] GC(1968) Garbage Collection (Proactive) 12M(60%)->10M(50%)
[1834.631s][info][gc] GC(1969) Garbage Collection (Proactive) 12M(60%)->10M(50%)
[1835.132s][info][gc] GC(1970) Garbage Collection (Proactive) 12M(60%)->10M(50%)
[1835.632s][info][gc] GC(1971) Garbage Collection (Proactive) 12M(60%)->10M(50%)
[1836.132s][info][gc] GC(1972) Garbage Collection (Proactive) 12M(60%)->10M(50%)
[1836.632s][info][gc] GC(1973) Garbage Collection (Proactive) 12M(60%)->10M(50%)
[1837.132s][info][gc] GC(1974) Garbage Collection (Proactive) 12M(60%)->10M(50%)
[1837.631s][info][gc] GC(1975) Garbage Collection (Proactive) 12M(60%)->10M(50%)
[1838.132s][info][gc] GC(1976) Garbage Collection (Proactive) 12M(60%)->10M(50%)
[1838.632s][info][gc] GC(1977) Garbage Collection (Proactive) 12M(60%)->10M(50%)
[1839.132s][info][gc] GC(1978) Garbage Collection (Proactive) 12M(60%)->10M(50%)
[1839.632s][info][gc] GC(1979) Garbage Collection (Proactive) 12M(60%)->10M(50%)
[1840.132s][info][gc] GC(1980) Garbage Collection (Proactive) 12M(60%)->10M(50%)
[1840.632s][info][gc] GC(1981) Garbage Collection (Proactive) 12M(60%)->10M(50%)
[1841.132s][info][gc] GC(1982) Garbage Collection (Proactive) 12M(60%)->10M(50%)
[1841.634s][info][gc] GC(1983) Garbage Collection (Proactive) 12M(60%)->10M(50%)
[1842.133s][info][gc] GC(1984) Garbage Collection (Proactive) 12M(60%)->10M(50%)
[1842.632s][info][gc] GC(1985) Garbage Collection (Proactive) 12M(60%)->10M(50%)
[1843.132s][info][gc] GC(1986) Garbage Collection (Proactive) 12M(60%)->10M(50%)
[1843.633s][info][gc] GC(1987) Garbage Collection (Proactive) 12M(60%)->10M(50%)
[1844.132s][info][gc] GC(1988) Garbage Collection (Proactive) 12M(60%)->10M(50%)
[1844.632s][info][gc] GC(1989) Garbage Collection (Proactive) 12M(60%)->10M(50%)
[1845.133s][info][gc] GC(1990) Garbage Collection (Proactive) 12M(60%)->10M(50%)
[1845.633s][info][gc] GC(1991) Garbage Collection (Proactive) 12M(60%)->10M(50%)
[1846.131s][info][gc] GC(1992) Garbage Collection (Proactive) 12M(60%)->10M(50%)
[1846.632s][info][gc] GC(1993) Garbage Collection (Proactive) 12M(60%)->10M(50%)
[1847.132s][info][gc] GC(1994) Garbage Collection (Proactive) 12M(60%)->10M(50%)
[1847.634s][info][gc] GC(1995) Garbage Collection (Proactive) 12M(60%)->10M(50%)
[1848.132s][info][gc] GC(1996) Garbage Collection (Proactive) 12M(60%)->10M(50%)
[1848.631s][info][gc] GC(1997) Garbage Collection (Proactive) 12M(60%)->10M(50%)
[1849.132s][info][gc] GC(1998) Garbage Collection (Proactive) 12M(60%)->10M(50%)
[1849.632s][info][gc] GC(1999) Garbage Collection (Proactive) 12M(60%)->10M(50%)
[1850.132s][info][gc] GC(2000) Garbage Collection (Proactive) 12M(60%)->10M(50%)
[1850.633s][info][gc] GC(2001) Garbage Collection (Proactive) 12M(60%)->10M(50%)
[1851.132s][info][gc] GC(2002) Garbage Collection (Proactive) 12M(60%)->10M(50%)
[1851.631s][info][gc] GC(2003) Garbage Collection (Proactive) 12M(60%)->10M(50%)
[1852.132s][info][gc] GC(2004) Garbage Collection (Proactive) 12M(60%)->10M(50%)
[1852.632s][info][gc] GC(2005) Garbage Collection (Proactive) 12M(60%)->10M(50%)
[1853.133s][info][gc] GC(2006) Garbage Collection (Proactive) 12M(60%)->10M(50%)
[1853.631s][info][gc] GC(2007) Garbage Collection (Proactive) 12M(60%)->10M(50%)
[1854.132s][info][gc] GC(2008) Garbage Collection (Proactive) 12M(60%)->10M(50%)
[1854.633s][info][gc] GC(2009) Garbage Collection (Proactive) 12M(60%)->10M(50%)
[1855.132s][info][gc] GC(2010) Garbage Collection (Proactive) 12M(60%)->10M(50%)
[1855.632s][info][gc] GC(2011) Garbage Collection (Proactive) 12M(60%)->10M(50%)
[1856.132s][info][gc] GC(2012) Garbage Collection (Proactive) 12M(60%)->10M(50%)
[1856.633s][info][gc] GC(2013) Garbage Collection (Proactive) 12M(60%)->10M(50%)
[1857.134s][info][gc] GC(2014) Garbage Collection (Proactive) 12M(60%)->10M(50%)
[1857.732s][info][gc] GC(2015) Garbage Collection (Proactive) 12M(60%)->10M(50%)
[1858.232s][info][gc] GC(2016) Garbage Collection (Proactive) 12M(60%)->10M(50%)
[1858.732s][info][gc] GC(2017) Garbage Collection (Proactive) 12M(60%)->10M(50%)
[1859.232s][info][gc] GC(2018) Garbage Collection (Proactive) 12M(60%)->10M(50%)
[1859.632s][info][gc] GC(2019) Garbage Collection (Proactive) 12M(60%)->10M(50%)
[1860.132s][info][gc] GC(2020) Garbage Collection (Proactive) 12M(60%)->10M(50%)
[1860.632s][info][gc] GC(2021) Garbage Collection (Proactive) 12M(60%)->10M(50%)
[1861.133s][info][gc] GC(2022) Garbage Collection (Proactive) 12M(60%)->10M(50%)
[1861.632s][info][gc] GC(2023) Garbage Collection (Proactive) 12M(60%)->10M(50%)
[1862.132s][info][gc] GC(2024) Garbage Collection (Proactive) 12M(60%)->10M(50%)
[1862.631s][info][gc] GC(2025) Garbage Collection (Proactive) 12M(60%)->10M(50%)
[1863.132s][info][gc] GC(2026) Garbage Collection (Proactive) 12M(60%)->10M(50%)
[1863.631s][info][gc] GC(2027) Garbage Collection (Proactive) 12M(60%)->10M(50%)
[1864.133s][info][gc] GC(2028) Garbage Collection (Proactive) 12M(60%)->10M(50%)
[1864.630s][info][gc] GC(2029) Garbage Collection (Proactive) 12M(60%)->10M(50%)
[1865.132s][info][gc] GC(2030) Garbage Collection (Proactive) 12M(60%)->10M(50%)
[1865.633s][info][gc] GC(2031) Garbage Collection (Proactive) 12M(60%)->10M(50%)
[1866.133s][info][gc] GC(2032) Garbage Collection (Proactive) 12M(60%)->10M(50%)
[1866.632s][info][gc] GC(2033) Garbage Collection (Proactive) 12M(60%)->10M(50%)
[1867.132s][info][gc] GC(2034) Garbage Collection (Proactive) 12M(60%)->10M(50%)
[1867.631s][info][gc] GC(2035) Garbage Collection (Proactive) 12M(60%)->10M(50%)
[1868.133s][info][gc] GC(2036) Garbage Collection (Proactive) 12M(60%)->10M(50%)
[1868.630s][info][gc] GC(2037) Garbage Collection (Proactive) 12M(60%)->10M(50%)
[1869.133s][info][gc] GC(2038) Garbage Collection (Proactive) 12M(60%)->10M(50%)
[1869.630s][info][gc] GC(2039) Garbage Collection (Proactive) 12M(60%)->10M(50%)
[1870.132s][info][gc] GC(2040) Garbage Collection (Proactive) 12M(60%)->10M(50%)
[1870.633s][info][gc] GC(2041) Garbage Collection (Proactive) 12M(60%)->10M(50%)
[1871.132s][info][gc] GC(2042) Garbage Collection (Proactive) 12M(60%)->10M(50%)
[1871.631s][info][gc] GC(2043) Garbage Collection (Proactive) 12M(60%)->10M(50%)
[1872.132s][info][gc] GC(2044) Garbage Collection (Proactive) 12M(60%)->10M(50%)
[1872.631s][info][gc] GC(2045) Garbage Collection (Proactive) 12M(60%)->10M(50%)
[1873.132s][info][gc] GC(2046) Garbage Collection (Proactive) 12M(60%)->10M(50%)
[1873.631s][info][gc] GC(2047) Garbage Collection (Proactive) 12M(60%)->10M(50%)
[1874.133s][info][gc] GC(2048) Garbage Collection (Proactive) 12M(60%)->10M(50%)
[1874.733s][info][gc] GC(2049) Garbage Collection (Proactive) 12M(60%)->10M(50%)
[1875.231s][info][gc] GC(2050) Garbage Collection (Proactive) 12M(60%)->10M(50%)
[1875.732s][info][gc] GC(2051) Garbage Collection (Proactive) 12M(60%)->10M(50%)
[1876.132s][info][gc] GC(2052) Garbage Collection (Proactive) 12M(60%)->10M(50%)
[1876.632s][info][gc] GC(2053) Garbage Collection (Proactive) 12M(60%)->10M(50%)
[1877.135s][info][gc] GC(2054) Garbage Collection (Proactive) 12M(60%)->10M(50%)
[1877.731s][info][gc] GC(2055) Garbage Collection (Proactive) 12M(60%)->10M(50%)
[1878.332s][info][gc] GC(2056) Garbage Collection (Proactive) 12M(60%)->10M(50%)
[1878.832s][info][gc] GC(2057) Garbage Collection (Proactive) 12M(60%)->10M(50%)
[1879.332s][info][gc] GC(2058) Garbage Collection (Proactive) 12M(60%)->10M(50%)
[1879.832s][info][gc] GC(2059) Garbage Collection (Proactive) 12M(60%)->10M(50%)
[1880.233s][info][gc] GC(2060) Garbage Collection (Proactive) 12M(60%)->10M(50%)
[1880.634s][info][gc] GC(2061) Garbage Collection (Proactive) 12M(60%)->10M(50%)
[1881.235s][info][gc] GC(2062) Garbage Collection (Proactive) 12M(60%)->10M(50%)
[1881.933s][info][gc] GC(2063) Garbage Collection (Proactive) 12M(60%)->10M(50%)
[1882.533s][info][gc] GC(2064) Garbage Collection (Proactive) 12M(60%)->10M(50%)
[1883.033s][info][gc] GC(2065) Garbage Collection (Proactive) 12M(60%)->10M(50%)
[1883.532s][info][gc] GC(2066) Garbage Collection (Proactive) 12M(60%)->10M(50%)
[1883.932s][info][gc] GC(2067) Garbage Collection (Proactive) 12M(60%)->10M(50%)
[1884.333s][info][gc] GC(2068) Garbage Collection (Proactive) 12M(60%)->10M(50%)
[1884.732s][info][gc] GC(2069) Garbage Collection (Proactive) 12M(60%)->10M(50%)
[1885.132s][info][gc] GC(2070) Garbage Collection (Proactive) 12M(60%)->10M(50%)
[1885.642s][info][gc] GC(2071) Garbage Collection (Proactive) 12M(60%)->10M(50%)
[1887.233s][info][gc] GC(2072) Garbage Collection (Proactive) 12M(60%)->10M(50%)
[1888.433s][info][gc] GC(2073) Garbage Collection (Proactive) 12M(60%)->10M(50%)
[1889.332s][info][gc] GC(2074) Garbage Collection (Proactive) 12M(60%)->10M(50%)
[1890.033s][info][gc] GC(2075) Garbage Collection (Proactive) 12M(60%)->10M(50%)
[1890.639s][info][gc] GC(2076) Garbage Collection (Proactive) 12M(60%)->10M(50%)
[1891.832s][info][gc] GC(2077) Garbage Collection (Proactive) 12M(60%)->10M(50%)
[1892.733s][info][gc] GC(2078) Garbage Collection (Proactive) 12M(60%)->10M(50%)
[1893.432s][info][gc] GC(2079) Garbage Collection (Proactive) 12M(60%)->10M(50%)
[1894.032s][info][gc] GC(2080) Garbage Collection (Proactive) 12M(60%)->10M(50%)
[1894.533s][info][gc] GC(2081) Garbage Collection (Proactive) 12M(60%)->10M(50%)
[1895.032s][info][gc] GC(2082) Garbage Collection (Proactive) 12M(60%)->10M(50%)
[1895.533s][info][gc] GC(2083) Garbage Collection (Proactive) 12M(60%)->10M(50%)
[1896.033s][info][gc] GC(2084) Garbage Collection (Proactive) 12M(60%)->10M(50%)
[1896.533s][info][gc] GC(2085) Garbage Collection (Proactive) 12M(60%)->10M(50%)
[1897.032s][info][gc] GC(2086) Garbage Collection (Proactive) 12M(60%)->10M(50%)
[1897.533s][info][gc] GC(2087) Garbage Collection (Proactive) 12M(60%)->10M(50%)
[1898.133s][info][gc] GC(2088) Garbage Collection (Proactive) 12M(60%)->10M(50%)
[1898.631s][info][gc] GC(2089) Garbage Collection (Proactive) 12M(60%)->10M(50%)
[1899.132s][info][gc] GC(2090) Garbage Collection (Proactive) 12M(60%)->10M(50%)
[1899.632s][info][gc] GC(2091) Garbage Collection (Proactive) 12M(60%)->10M(50%)
[1900.134s][info][gc] GC(2092) Garbage Collection (Proactive) 12M(60%)->10M(50%)
[1900.633s][info][gc] GC(2093) Garbage Collection (Proactive) 12M(60%)->10M(50%)
[1901.132s][info][gc] GC(2094) Garbage Collection (Proactive) 12M(60%)->10M(50%)
[1901.633s][info][gc] GC(2095) Garbage Collection (Proactive) 12M(60%)->10M(50%)
[1902.132s][info][gc] GC(2096) Garbage Collection (Proactive) 12M(60%)->10M(50%)
[1902.633s][info][gc] GC(2097) Garbage Collection (Proactive) 12M(60%)->10M(50%)
[1903.133s][info][gc] GC(2098) Garbage Collection (Proactive) 12M(60%)->10M(50%)
[1903.632s][info][gc] GC(2099) Garbage Collection (Proactive) 12M(60%)->10M(50%)
[1904.133s][info][gc] GC(2100) Garbage Collection (Proactive) 12M(60%)->10M(50%)
[1904.632s][info][gc] GC(2101) Garbage Collection (Proactive) 12M(60%)->10M(50%)
[1905.133s][info][gc] GC(2102) Garbage Collection (Proactive) 12M(60%)->10M(50%)
[1905.632s][info][gc] GC(2103) Garbage Collection (Proactive) 12M(60%)->10M(50%)
[1906.133s][info][gc] GC(2104) Garbage Collection (Proactive) 12M(60%)->10M(50%)
[1906.632s][info][gc] GC(2105) Garbage Collection (Proactive) 12M(60%)->10M(50%)
[1907.132s][info][gc] GC(2106) Garbage Collection (Proactive) 12M(60%)->10M(50%)
[1907.633s][info][gc] GC(2107) Garbage Collection (Proactive) 12M(60%)->10M(50%)
[1908.132s][info][gc] GC(2108) Garbage Collection (Proactive) 12M(60%)->10M(50%)
[1908.632s][info][gc] GC(2109) Garbage Collection (Proactive) 12M(60%)->10M(50%)
[1909.132s][info][gc] GC(2110) Garbage Collection (Proactive) 12M(60%)->10M(50%)
[1909.633s][info][gc] GC(2111) Garbage Collection (Proactive) 12M(60%)->10M(50%)
[1910.131s][info][gc] GC(2112) Garbage Collection (Proactive) 12M(60%)->10M(50%)
[1910.633s][info][gc] GC(2113) Garbage Collection (Proactive) 12M(60%)->10M(50%)
[1911.132s][info][gc] GC(2114) Garbage Collection (Proactive) 12M(60%)->10M(50%)
[1911.633s][info][gc] GC(2115) Garbage Collection (Proactive) 12M(60%)->10M(50%)
[1912.132s][info][gc] GC(2116) Garbage Collection (Proactive) 12M(60%)->10M(50%)
[1912.632s][info][gc] GC(2117) Garbage Collection (Proactive) 12M(60%)->10M(50%)
[1913.131s][info][gc] GC(2118) Garbage Collection (Proactive) 12M(60%)->10M(50%)
[1913.631s][info][gc] GC(2119) Garbage Collection (Proactive) 12M(60%)->12M(60%)
[1928.732s][info][gc] GC(2120) Garbage Collection (Proactive) 14M(70%)->10M(50%)
[1929.235s][info][gc] GC(2121) Garbage Collection (Proactive) 12M(60%)->10M(50%)
[1929.833s][info][gc] GC(2122) Garbage Collection (Proactive) 12M(60%)->10M(50%)
[1930.434s][info][gc] GC(2123) Garbage Collection (Proactive) 12M(60%)->10M(50%)
[1931.032s][info][gc] GC(2124) Garbage Collection (Proactive) 12M(60%)->10M(50%)
[1931.532s][info][gc] GC(2125) Garbage Collection (Proactive) 12M(60%)->10M(50%)
[1932.032s][info][gc] GC(2126) Garbage Collection (Proactive) 12M(60%)->10M(50%)
[1932.533s][info][gc] GC(2127) Garbage Collection (Proactive) 12M(60%)->10M(50%)
[1932.933s][info][gc] GC(2128) Garbage Collection (Proactive) 12M(60%)->10M(50%)
[1933.433s][info][gc] GC(2129) Garbage Collection (Proactive) 12M(60%)->10M(50%)
[1933.932s][info][gc] GC(2130) Garbage Collection (Proactive) 12M(60%)->10M(50%)
[1934.433s][info][gc] GC(2131) Garbage Collection (Proactive) 12M(60%)->10M(50%)
[1934.932s][info][gc] GC(2132) Garbage Collection (Proactive) 12M(60%)->10M(50%)
[1935.331s][info][gc] GC(2133) Garbage Collection (Proactive) 12M(60%)->10M(50%)
[1935.732s][info][gc] GC(2134) Garbage Collection (Proactive) 12M(60%)->10M(50%)
[1936.131s][info][gc] GC(2135) Garbage Collection (Proactive) 12M(60%)->10M(50%)
[1936.732s][info][gc] GC(2136) Garbage Collection (Proactive) 12M(60%)->10M(50%)
[1937.132s][info][gc] GC(2137) Garbage Collection (Proactive) 12M(60%)->10M(50%)
[1937.731s][info][gc] GC(2138) Garbage Collection (Proactive) 12M(60%)->10M(50%)
[1938.132s][info][gc] GC(2139) Garbage Collection (Proactive) 12M(60%)->10M(50%)
[1938.731s][info][gc] GC(2140) Garbage Collection (Proactive) 12M(60%)->10M(50%)
[1939.132s][info][gc] GC(2141) Garbage Collection (Proactive) 12M(60%)->10M(50%)
[1939.733s][info][gc] GC(2142) Garbage Collection (Proactive) 12M(60%)->10M(50%)
[1940.133s][info][gc] GC(2143) Garbage Collection (Proactive) 12M(60%)->10M(50%)
[1940.732s][info][gc] GC(2144) Garbage Collection (Proactive) 12M(60%)->10M(50%)
[1941.333s][info][gc] GC(2145) Garbage Collection (Proactive) 12M(60%)->10M(50%)
[1941.931s][info][gc] GC(2146) Garbage Collection (Proactive) 12M(60%)->10M(50%)
[1942.432s][info][gc] GC(2147) Garbage Collection (Proactive) 12M(60%)->10M(50%)
[1942.932s][info][gc] GC(2148) Garbage Collection (Proactive) 12M(60%)->10M(50%)
[1943.332s][info][gc] GC(2149) Garbage Collection (Proactive) 12M(60%)->10M(50%)
[1943.734s][info][gc] GC(2150) Garbage Collection (Proactive) 12M(60%)->10M(50%)
[1944.232s][info][gc] GC(2151) Garbage Collection (Proactive) 12M(60%)->10M(50%)
[1944.732s][info][gc] GC(2152) Garbage Collection (Proactive) 12M(60%)->10M(50%)
[1945.231s][info][gc] GC(2153) Garbage Collection (Proactive) 12M(60%)->10M(50%)
[1945.732s][info][gc] GC(2154) Garbage Collection (Proactive) 12M(60%)->10M(50%)
[1946.132s][info][gc] GC(2155) Garbage Collection (Proactive) 12M(60%)->10M(50%)
[1946.733s][info][gc] GC(2156) Garbage Collection (Proactive) 12M(60%)->10M(50%)
[1947.133s][info][gc] GC(2157) Garbage Collection (Proactive) 12M(60%)->10M(50%)
[1947.732s][info][gc] GC(2158) Garbage Collection (Proactive) 12M(60%)->10M(50%)
[1948.233s][info][gc] GC(2159) Garbage Collection (Proactive) 12M(60%)->10M(50%)
[1948.733s][info][gc] GC(2160) Garbage Collection (Proactive) 12M(60%)->10M(50%)
[1949.232s][info][gc] GC(2161) Garbage Collection (Proactive) 12M(60%)->10M(50%)
[1949.732s][info][gc] GC(2162) Garbage Collection (Proactive) 12M(60%)->10M(50%)
[1950.232s][info][gc] GC(2163) Garbage Collection (Proactive) 12M(60%)->10M(50%)
[1950.731s][info][gc] GC(2164) Garbage Collection (Proactive) 12M(60%)->10M(50%)
[1951.132s][info][gc] GC(2165) Garbage Collection (Proactive) 12M(60%)->10M(50%)
[1951.731s][info][gc] GC(2166) Garbage Collection (Proactive) 12M(60%)->10M(50%)
[1952.132s][info][gc] GC(2167) Garbage Collection (Proactive) 12M(60%)->10M(50%)
[1952.732s][info][gc] GC(2168) Garbage Collection (Proactive) 12M(60%)->10M(50%)
[1953.131s][info][gc] GC(2169) Garbage Collection (Proactive) 12M(60%)->10M(50%)
[1953.731s][info][gc] GC(2170) Garbage Collection (Proactive) 12M(60%)->10M(50%)
[1954.132s][info][gc] GC(2171) Garbage Collection (Proactive) 12M(60%)->10M(50%)
[1954.731s][info][gc] GC(2172) Garbage Collection (Proactive) 12M(60%)->10M(50%)
[1955.132s][info][gc] GC(2173) Garbage Collection (Proactive) 12M(60%)->10M(50%)
[1955.732s][info][gc] GC(2174) Garbage Collection (Proactive) 12M(60%)->10M(50%)
[1956.133s][info][gc] GC(2175) Garbage Collection (Proactive) 12M(60%)->10M(50%)
[1956.731s][info][gc] GC(2176) Garbage Collection (Proactive) 12M(60%)->10M(50%)
[1957.132s][info][gc] GC(2177) Garbage Collection (Proactive) 12M(60%)->10M(50%)
[1957.731s][info][gc] GC(2178) Garbage Collection (Proactive) 12M(60%)->10M(50%)
[1958.133s][info][gc] GC(2179) Garbage Collection (Proactive) 12M(60%)->10M(50%)
[1958.731s][info][gc] GC(2180) Garbage Collection (Proactive) 12M(60%)->10M(50%)
[1959.133s][info][gc] GC(2181) Garbage Collection (Proactive) 12M(60%)->10M(50%)
[1959.532s][info][gc] GC(2182) Garbage Collection (Proactive) 12M(60%)->10M(50%)
[1959.933s][info][gc] GC(2183) Garbage Collection (Proactive) 12M(60%)->10M(50%)
[1960.431s][info][gc] GC(2184) Garbage Collection (Proactive) 12M(60%)->10M(50%)
[1960.833s][info][gc] GC(2185) Garbage Collection (Proactive) 12M(60%)->10M(50%)
[1961.232s][info][gc] GC(2186) Garbage Collection (Proactive) 12M(60%)->10M(50%)
[1961.731s][info][gc] GC(2187) Garbage Collection (Proactive) 12M(60%)->10M(50%)
[1962.132s][info][gc] GC(2188) Garbage Collection (Proactive) 12M(60%)->10M(50%)
[1962.732s][info][gc] GC(2189) Garbage Collection (Proactive) 12M(60%)->10M(50%)
[1963.132s][info][gc] GC(2190) Garbage Collection (Proactive) 12M(60%)->10M(50%)
[1963.731s][info][gc] GC(2191) Garbage Collection (Proactive) 12M(60%)->10M(50%)
[1964.132s][info][gc] GC(2192) Garbage Collection (Proactive) 12M(60%)->10M(50%)
[1964.732s][info][gc] GC(2193) Garbage Collection (Proactive) 12M(60%)->10M(50%)
[1965.132s][info][gc] GC(2194) Garbage Collection (Proactive) 12M(60%)->10M(50%)
[1965.730s][info][gc] GC(2195) Garbage Collection (Proactive) 12M(60%)->10M(50%)
[1966.133s][info][gc] GC(2196) Garbage Collection (Proactive) 12M(60%)->10M(50%)
[1966.731s][info][gc] GC(2197) Garbage Collection (Proactive) 12M(60%)->10M(50%)
[1967.132s][info][gc] GC(2198) Garbage Collection (Proactive) 12M(60%)->10M(50%)
[1967.731s][info][gc] GC(2199) Garbage Collection (Proactive) 12M(60%)->10M(50%)
[1968.132s][info][gc] GC(2200) Garbage Collection (Proactive) 12M(60%)->10M(50%)
[1968.734s][info][gc] GC(2201) Garbage Collection (Proactive) 12M(60%)->10M(50%)
[1969.432s][info][gc] GC(2202) Garbage Collection (Proactive) 12M(60%)->10M(50%)
[1970.032s][info][gc] GC(2203) Garbage Collection (Proactive) 12M(60%)->10M(50%)
[1970.531s][info][gc] GC(2204) Garbage Collection (Proactive) 12M(60%)->10M(50%)
[1971.032s][info][gc] GC(2205) Garbage Collection (Proactive) 12M(60%)->10M(50%)
[1971.433s][info][gc] GC(2206) Garbage Collection (Proactive) 12M(60%)->10M(50%)
[1971.933s][info][gc] GC(2207) Garbage Collection (Proactive) 12M(60%)->10M(50%)
[1972.432s][info][gc] GC(2208) Garbage Collection (Proactive) 12M(60%)->10M(50%)
[1972.932s][info][gc] GC(2209) Garbage Collection (Proactive) 12M(60%)->10M(50%)
[1973.432s][info][gc] GC(2210) Garbage Collection (Proactive) 12M(60%)->10M(50%)
[1973.931s][info][gc] GC(2211) Garbage Collection (Proactive) 12M(60%)->10M(50%)
[1974.432s][info][gc] GC(2212) Garbage Collection (Proactive) 12M(60%)->10M(50%)
[1974.831s][info][gc] GC(2213) Garbage Collection (Proactive) 12M(60%)->10M(50%)
[1975.232s][info][gc] GC(2214) Garbage Collection (Proactive) 12M(60%)->10M(50%)
[1975.731s][info][gc] GC(2215) Garbage Collection (Proactive) 12M(60%)->10M(50%)
[1976.131s][info][gc] GC(2216) Garbage Collection (Proactive) 12M(60%)->10M(50%)
[1976.731s][info][gc] GC(2217) Garbage Collection (Proactive) 12M(60%)->10M(50%)
[1977.132s][info][gc] GC(2218) Garbage Collection (Proactive) 12M(60%)->10M(50%)
[1977.733s][info][gc] GC(2219) Garbage Collection (Proactive) 12M(60%)->10M(50%)
[1978.232s][info][gc] GC(2220) Garbage Collection (Proactive) 12M(60%)->10M(50%)
[1978.730s][info][gc] GC(2221) Garbage Collection (Proactive) 12M(60%)->10M(50%)
[1979.232s][info][gc] GC(2222) Garbage Collection (Proactive) 12M(60%)->10M(50%)
[1979.733s][info][gc] GC(2223) Garbage Collection (Proactive) 12M(60%)->10M(50%)
[1980.132s][info][gc] GC(2224) Garbage Collection (Proactive) 12M(60%)->10M(50%)
[1980.632s][info][gc] GC(2225) Garbage Collection (Proactive) 12M(60%)->10M(50%)
[1981.032s][info][gc] GC(2226) Garbage Collection (Proactive) 12M(60%)->10M(50%)
[1981.432s][info][gc] GC(2227) Garbage Collection (Proactive) 12M(60%)->10M(50%)
[1981.832s][info][gc] GC(2228) Garbage Collection (Proactive) 12M(60%)->10M(50%)
[1982.232s][info][gc] GC(2229) Garbage Collection (Proactive) 12M(60%)->10M(50%)
[1982.731s][info][gc] GC(2230) Garbage Collection (Proactive) 12M(60%)->10M(50%)
[1983.132s][info][gc] GC(2231) Garbage Collection (Proactive) 12M(60%)->10M(50%)
[1983.732s][info][gc] GC(2232) Garbage Collection (Proactive) 12M(60%)->10M(50%)
[1984.132s][info][gc] GC(2233) Garbage Collection (Proactive) 12M(60%)->10M(50%)
[1984.731s][info][gc] GC(2234) Garbage Collection (Proactive) 12M(60%)->10M(50%)
[1985.133s][info][gc] GC(2235) Garbage Collection (Proactive) 12M(60%)->10M(50%)
[1985.731s][info][gc] GC(2236) Garbage Collection (Proactive) 12M(60%)->10M(50%)
[1986.131s][info][gc] GC(2237) Garbage Collection (Proactive) 12M(60%)->10M(50%)
[1986.731s][info][gc] GC(2238) Garbage Collection (Proactive) 12M(60%)->10M(50%)
[1987.133s][info][gc] GC(2239) Garbage Collection (Proactive) 12M(60%)->10M(50%)
[1987.731s][info][gc] GC(2240) Garbage Collection (Proactive) 12M(60%)->10M(50%)
[1988.132s][info][gc] GC(2241) Garbage Collection (Proactive) 12M(60%)->10M(50%)
[1988.730s][info][gc] GC(2242) Garbage Collection (Proactive) 12M(60%)->10M(50%)
[1989.232s][info][gc] GC(2243) Garbage Collection (Proactive) 12M(60%)->10M(50%)
[1989.730s][info][gc] GC(2244) Garbage Collection (Proactive) 12M(60%)->10M(50%)
[1990.131s][info][gc] GC(2245) Garbage Collection (Proactive) 12M(60%)->10M(50%)
[1990.732s][info][gc] GC(2246) Garbage Collection (Proactive) 12M(60%)->10M(50%)
[1991.231s][info][gc] GC(2247) Garbage Collection (Proactive) 12M(60%)->10M(50%)
[1991.731s][info][gc] GC(2248) Garbage Collection (Proactive) 12M(60%)->10M(50%)
[1992.233s][info][gc] GC(2249) Garbage Collection (Proactive) 12M(60%)->10M(50%)
[1992.730s][info][gc] GC(2250) Garbage Collection (Proactive) 12M(60%)->10M(50%)
[1993.232s][info][gc] GC(2251) Garbage Collection (Proactive) 12M(60%)->10M(50%)
[1993.730s][info][gc] GC(2252) Garbage Collection (Proactive) 12M(60%)->10M(50%)
[1994.133s][info][gc] GC(2253) Garbage Collection (Proactive) 12M(60%)->10M(50%)
[1994.730s][info][gc] GC(2254) Garbage Collection (Proactive) 12M(60%)->10M(50%)
[1995.232s][info][gc] GC(2255) Garbage Collection (Proactive) 12M(60%)->10M(50%)
[1995.733s][info][gc] GC(2256) Garbage Collection (Proactive) 12M(60%)->10M(50%)
[1996.332s][info][gc] GC(2257) Garbage Collection (Proactive) 12M(60%)->10M(50%)
[1996.831s][info][gc] GC(2258) Garbage Collection (Proactive) 12M(60%)->10M(50%)
[1997.333s][info][gc] GC(2259) Garbage Collection (Proactive) 12M(60%)->10M(50%)
[1997.932s][info][gc] GC(2260) Garbage Collection (Proactive) 12M(60%)->10M(50%)
[1998.433s][info][gc] GC(2261) Garbage Collection (Proactive) 12M(60%)->10M(50%)
[1998.932s][info][gc] GC(2262) Garbage Collection (Proactive) 12M(60%)->10M(50%)
[1999.432s][info][gc] GC(2263) Garbage Collection (Proactive) 12M(60%)->10M(50%)
[1999.932s][info][gc] GC(2264) Garbage Collection (Proactive) 12M(60%)->10M(50%)
[2000.432s][info][gc] GC(2265) Garbage Collection (Proactive) 12M(60%)->10M(50%)
[2000.831s][info][gc] GC(2266) Garbage Collection (Proactive) 12M(60%)->10M(50%)
[2001.232s][info][gc] GC(2267) Garbage Collection (Proactive) 12M(60%)->10M(50%)
[2001.731s][info][gc] GC(2268) Garbage Collection (Proactive) 12M(60%)->10M(50%)
[2002.232s][info][gc] GC(2269) Garbage Collection (Proactive) 12M(60%)->10M(50%)
[2002.737s][info][gc] GC(2270) Garbage Collection (Proactive) 12M(60%)->10M(50%)
[2003.832s][info][gc] GC(2271) Garbage Collection (Proactive) 12M(60%)->10M(50%)
[2004.632s][info][gc] GC(2272) Garbage Collection (Proactive) 12M(60%)->10M(50%)
[2005.333s][info][gc] GC(2273) Garbage Collection (Proactive) 12M(60%)->10M(50%)
[2005.933s][info][gc] GC(2274) Garbage Collection (Proactive) 12M(60%)->10M(50%)
[2006.432s][info][gc] GC(2275) Garbage Collection (Proactive) 12M(60%)->10M(50%)
[2006.932s][info][gc] GC(2276) Garbage Collection (Proactive) 12M(60%)->10M(50%)
[2007.431s][info][gc] GC(2277) Garbage Collection (Proactive) 12M(60%)->10M(50%)
[2007.932s][info][gc] GC(2278) Garbage Collection (Proactive) 12M(60%)->10M(50%)
[2008.433s][info][gc] GC(2279) Garbage Collection (Proactive) 12M(60%)->10M(50%)
[2008.932s][info][gc] GC(2280) Garbage Collection (Proactive) 12M(60%)->10M(50%)
[2009.432s][info][gc] GC(2281) Garbage Collection (Proactive) 12M(60%)->10M(50%)
[2009.932s][info][gc] GC(2282) Garbage Collection (Proactive) 12M(60%)->10M(50%)
[2010.332s][info][gc] GC(2283) Garbage Collection (Proactive) 12M(60%)->10M(50%)
[2010.832s][info][gc] GC(2284) Garbage Collection (Proactive) 12M(60%)->10M(50%)
[2011.234s][info][gc] GC(2285) Garbage Collection (Proactive) 12M(60%)->10M(50%)
[2011.740s][info][gc] GC(2286) Garbage Collection (Proactive) 12M(60%)->10M(50%)
[2013.035s][info][gc] GC(2287) Garbage Collection (Proactive) 12M(60%)->10M(50%)
[2014.232s][info][gc] GC(2288) Garbage Collection (Proactive) 12M(60%)->10M(50%)
[2015.131s][info][gc] GC(2289) Garbage Collection (Proactive) 12M(60%)->12M(60%)
[2030.232s][info][gc] GC(2290) Garbage Collection (Proactive) 14M(70%)->10M(50%)
[2030.834s][info][gc] GC(2291) Garbage Collection (Proactive) 12M(60%)->10M(50%)
[2031.433s][info][gc] GC(2292) Garbage Collection (Proactive) 12M(60%)->10M(50%)
[2032.033s][info][gc] GC(2293) Garbage Collection (Proactive) 12M(60%)->10M(50%)
[2032.532s][info][gc] GC(2294) Garbage Collection (Proactive) 12M(60%)->10M(50%)
[2033.032s][info][gc] GC(2295) Garbage Collection (Proactive) 12M(60%)->10M(50%)
[2033.532s][info][gc] GC(2296) Garbage Collection (Proactive) 12M(60%)->10M(50%)
[2033.932s][info][gc] GC(2297) Garbage Collection (Proactive) 12M(60%)->10M(50%)
[2034.331s][info][gc] GC(2298) Garbage Collection (Proactive) 12M(60%)->10M(50%)
[2034.732s][info][gc] GC(2299) Garbage Collection (Proactive) 12M(60%)->12M(60%)
[2049.833s][info][gc] GC(2300) Garbage Collection (Proactive) 14M(70%)->10M(50%)
[2050.335s][info][gc] GC(2301) Garbage Collection (Proactive) 12M(60%)->10M(50%)
[2051.032s][info][gc] GC(2302) Garbage Collection (Proactive) 12M(60%)->10M(50%)
[2051.632s][info][gc] GC(2303) Garbage Collection (Proactive) 12M(60%)->10M(50%)
[2052.232s][info][gc] GC(2304) Garbage Collection (Proactive) 12M(60%)->10M(50%)
[2052.832s][info][gc] GC(2305) Garbage Collection (Proactive) 12M(60%)->10M(50%)
[2053.332s][info][gc] GC(2306) Garbage Collection (Proactive) 12M(60%)->10M(50%)
[2053.832s][info][gc] GC(2307) Garbage Collection (Proactive) 12M(60%)->10M(50%)
[2054.333s][info][gc] GC(2308) Garbage Collection (Proactive) 12M(60%)->10M(50%)
[2054.831s][info][gc] GC(2309) Garbage Collection (Proactive) 12M(60%)->10M(50%)
[2055.332s][info][gc] GC(2310) Garbage Collection (Proactive) 12M(60%)->10M(50%)
[2055.832s][info][gc] GC(2311) Garbage Collection (Proactive) 12M(60%)->10M(50%)
[2056.232s][info][gc] GC(2312) Garbage Collection (Proactive) 12M(60%)->10M(50%)
[2056.832s][info][gc] GC(2313) Garbage Collection (Proactive) 12M(60%)->10M(50%)
[2057.232s][info][gc] GC(2314) Garbage Collection (Proactive) 12M(60%)->10M(50%)
[2057.833s][info][gc] GC(2315) Garbage Collection (Proactive) 12M(60%)->10M(50%)
[2058.333s][info][gc] GC(2316) Garbage Collection (Proactive) 12M(60%)->10M(50%)
[2058.833s][info][gc] GC(2317) Garbage Collection (Proactive) 12M(60%)->10M(50%)
[2059.233s][info][gc] GC(2318) Garbage Collection (Proactive) 12M(60%)->10M(50%)
[2059.833s][info][gc] GC(2319) Garbage Collection (Proactive) 12M(60%)->10M(50%)
[2060.232s][info][gc] GC(2320) Garbage Collection (Proactive) 12M(60%)->10M(50%)
[2060.832s][info][gc] GC(2321) Garbage Collection (Proactive) 12M(60%)->10M(50%)
[2061.334s][info][gc] GC(2322) Garbage Collection (Proactive) 12M(60%)->10M(50%)
[2061.932s][info][gc] GC(2323) Garbage Collection (Proactive) 12M(60%)->10M(50%)
[2062.532s][info][gc] GC(2324) Garbage Collection (Proactive) 12M(60%)->10M(50%)
[2063.033s][info][gc] GC(2325) Garbage Collection (Proactive) 12M(60%)->10M(50%)
[2063.532s][info][gc] GC(2326) Garbage Collection (Proactive) 12M(60%)->10M(50%)
[2064.031s][info][gc] GC(2327) Garbage Collection (Proactive) 12M(60%)->10M(50%)
[2064.532s][info][gc] GC(2328) Garbage Collection (Proactive) 12M(60%)->10M(50%)
[2064.932s][info][gc] GC(2329) Garbage Collection (Proactive) 12M(60%)->10M(50%)
[2065.332s][info][gc] GC(2330) Garbage Collection (Proactive) 12M(60%)->10M(50%)
[2065.831s][info][gc] GC(2331) Garbage Collection (Proactive) 12M(60%)->10M(50%)
[2066.233s][info][gc] GC(2332) Garbage Collection (Proactive) 12M(60%)->10M(50%)
[2066.832s][info][gc] GC(2333) Garbage Collection (Proactive) 12M(60%)->10M(50%)
[2067.232s][info][gc] GC(2334) Garbage Collection (Proactive) 12M(60%)->10M(50%)
[2067.832s][info][gc] GC(2335) Garbage Collection (Proactive) 12M(60%)->10M(50%)
[2068.232s][info][gc] GC(2336) Garbage Collection (Proactive) 12M(60%)->10M(50%)
[2068.832s][info][gc] GC(2337) Garbage Collection (Proactive) 12M(60%)->10M(50%)
[2069.232s][info][gc] GC(2338) Garbage Collection (Proactive) 12M(60%)->10M(50%)
[2069.833s][info][gc] GC(2339) Garbage Collection (Proactive) 12M(60%)->10M(50%)
[2070.232s][info][gc] GC(2340) Garbage Collection (Proactive) 12M(60%)->10M(50%)
[2070.832s][info][gc] GC(2341) Garbage Collection (Proactive) 12M(60%)->10M(50%)
[2071.233s][info][gc] GC(2342) Garbage Collection (Proactive) 12M(60%)->10M(50%)
[2071.833s][info][gc] GC(2343) Garbage Collection (Proactive) 12M(60%)->10M(50%)
[2072.332s][info][gc] GC(2344) Garbage Collection (Proactive) 12M(60%)->10M(50%)
[2072.832s][info][gc] GC(2345) Garbage Collection (Proactive) 12M(60%)->10M(50%)
[2073.232s][info][gc] GC(2346) Garbage Collection (Proactive) 12M(60%)->10M(50%)
[2073.832s][info][gc] GC(2347) Garbage Collection (Proactive) 12M(60%)->10M(50%)
[2074.233s][info][gc] GC(2348) Garbage Collection (Proactive) 12M(60%)->10M(50%)
[2074.833s][info][gc] GC(2349) Garbage Collection (Proactive) 12M(60%)->10M(50%)
[2075.332s][info][gc] GC(2350) Garbage Collection (Proactive) 12M(60%)->10M(50%)
[2075.832s][info][gc] GC(2351) Garbage Collection (Proactive) 12M(60%)->10M(50%)
[2076.332s][info][gc] GC(2352) Garbage Collection (Proactive) 12M(60%)->10M(50%)
[2076.833s][info][gc] GC(2353) Garbage Collection (Proactive) 12M(60%)->10M(50%)
[2077.233s][info][gc] GC(2354) Garbage Collection (Proactive) 12M(60%)->10M(50%)
[2077.832s][info][gc] GC(2355) Garbage Collection (Proactive) 12M(60%)->10M(50%)
[2078.331s][info][gc] GC(2356) Garbage Collection (Proactive) 12M(60%)->10M(50%)
[2078.833s][info][gc] GC(2357) Garbage Collection (Proactive) 12M(60%)->10M(50%)
[2079.233s][info][gc] GC(2358) Garbage Collection (Proactive) 12M(60%)->10M(50%)
[2079.632s][info][gc] GC(2359) Garbage Collection (Proactive) 12M(60%)->10M(50%)
[2080.131s][info][gc] GC(2360) Garbage Collection (Proactive) 12M(60%)->10M(50%)
[2080.632s][info][gc] GC(2361) Garbage Collection (Proactive) 12M(60%)->10M(50%)
[2081.032s][info][gc] GC(2362) Garbage Collection (Proactive) 12M(60%)->10M(50%)
[2081.432s][info][gc] GC(2363) Garbage Collection (Proactive) 12M(60%)->10M(50%)
[2081.833s][info][gc] GC(2364) Garbage Collection (Proactive) 12M(60%)->10M(50%)
[2082.231s][info][gc] GC(2365) Garbage Collection (Proactive) 12M(60%)->10M(50%)
[2082.832s][info][gc] GC(2366) Garbage Collection (Proactive) 12M(60%)->10M(50%)
[2083.233s][info][gc] GC(2367) Garbage Collection (Proactive) 12M(60%)->10M(50%)
[2083.832s][info][gc] GC(2368) Garbage Collection (Proactive) 12M(60%)->10M(50%)
[2084.233s][info][gc] GC(2369) Garbage Collection (Proactive) 12M(60%)->10M(50%)
[2084.831s][info][gc] GC(2370) Garbage Collection (Proactive) 12M(60%)->10M(50%)
[2085.333s][info][gc] GC(2371) Garbage Collection (Proactive) 12M(60%)->10M(50%)
[2085.832s][info][gc] GC(2372) Garbage Collection (Proactive) 12M(60%)->10M(50%)
[2086.332s][info][gc] GC(2373) Garbage Collection (Proactive) 12M(60%)->10M(50%)
[2086.832s][info][gc] GC(2374) Garbage Collection (Proactive) 12M(60%)->10M(50%)
[2087.232s][info][gc] GC(2375) Garbage Collection (Proactive) 12M(60%)->10M(50%)
[2087.832s][info][gc] GC(2376) Garbage Collection (Proactive) 12M(60%)->10M(50%)
[2088.232s][info][gc] GC(2377) Garbage Collection (Proactive) 12M(60%)->10M(50%)
[2088.832s][info][gc] GC(2378) Garbage Collection (Proactive) 12M(60%)->10M(50%)
[2089.232s][info][gc] GC(2379) Garbage Collection (Proactive) 12M(60%)->10M(50%)
[2089.832s][info][gc] GC(2380) Garbage Collection (Proactive) 12M(60%)->10M(50%)
[2090.232s][info][gc] GC(2381) Garbage Collection (Proactive) 12M(60%)->10M(50%)
[2090.832s][info][gc] GC(2382) Garbage Collection (Proactive) 12M(60%)->10M(50%)
[2091.232s][info][gc] GC(2383) Garbage Collection (Proactive) 12M(60%)->10M(50%)
[2091.832s][info][gc] GC(2384) Garbage Collection (Proactive) 12M(60%)->10M(50%)
[2092.231s][info][gc] GC(2385) Garbage Collection (Proactive) 12M(60%)->10M(50%)
[2092.832s][info][gc] GC(2386) Garbage Collection (Proactive) 12M(60%)->10M(50%)
[2093.233s][info][gc] GC(2387) Garbage Collection (Proactive) 12M(60%)->10M(50%)
[2093.832s][info][gc] GC(2388) Garbage Collection (Proactive) 12M(60%)->10M(50%)
[2094.232s][info][gc] GC(2389) Garbage Collection (Proactive) 12M(60%)->10M(50%)
[2094.832s][info][gc] GC(2390) Garbage Collection (Proactive) 12M(60%)->10M(50%)
[2095.233s][info][gc] GC(2391) Garbage Collection (Proactive) 12M(60%)->10M(50%)
[2095.832s][info][gc] GC(2392) Garbage Collection (Proactive) 12M(60%)->10M(50%)
[2096.231s][info][gc] GC(2393) Garbage Collection (Proactive) 12M(60%)->10M(50%)
[2096.832s][info][gc] GC(2394) Garbage Collection (Proactive) 12M(60%)->10M(50%)
[2097.232s][info][gc] GC(2395) Garbage Collection (Proactive) 12M(60%)->10M(50%)
[2097.832s][info][gc] GC(2396) Garbage Collection (Proactive) 12M(60%)->10M(50%)
[2098.332s][info][gc] GC(2397) Garbage Collection (Proactive) 12M(60%)->10M(50%)
[2098.831s][info][gc] GC(2398) Garbage Collection (Proactive) 12M(60%)->10M(50%)
[2099.332s][info][gc] GC(2399) Garbage Collection (Proactive) 12M(60%)->10M(50%)
[2099.831s][info][gc] GC(2400) Garbage Collection (Proactive) 12M(60%)->10M(50%)
[2100.232s][info][gc] GC(2401) Garbage Collection (Proactive) 12M(60%)->10M(50%)
[2100.732s][info][gc] GC(2402) Garbage Collection (Proactive) 12M(60%)->10M(50%)
[2101.233s][info][gc] GC(2403) Garbage Collection (Proactive) 12M(60%)->10M(50%)
[2101.832s][info][gc] GC(2404) Garbage Collection (Proactive) 12M(60%)->10M(50%)
[2102.232s][info][gc] GC(2405) Garbage Collection (Proactive) 12M(60%)->10M(50%)
[2102.832s][info][gc] GC(2406) Garbage Collection (Proactive) 12M(60%)->10M(50%)
[2103.232s][info][gc] GC(2407) Garbage Collection (Proactive) 12M(60%)->10M(50%)
[2103.832s][info][gc] GC(2408) Garbage Collection (Proactive) 12M(60%)->10M(50%)
[2104.232s][info][gc] GC(2409) Garbage Collection (Proactive) 12M(60%)->10M(50%)
[2104.832s][info][gc] GC(2410) Garbage Collection (Proactive) 12M(60%)->10M(50%)
[2105.232s][info][gc] GC(2411) Garbage Collection (Proactive) 12M(60%)->10M(50%)
[2105.832s][info][gc] GC(2412) Garbage Collection (Proactive) 12M(60%)->10M(50%)
[2106.332s][info][gc] GC(2413) Garbage Collection (Proactive) 12M(60%)->10M(50%)
[2106.833s][info][gc] GC(2414) Garbage Collection (Proactive) 12M(60%)->10M(50%)
[2107.332s][info][gc] GC(2415) Garbage Collection (Proactive) 12M(60%)->10M(50%)
[2107.834s][info][gc] GC(2416) Garbage Collection (Proactive) 12M(60%)->10M(50%)
[2108.434s][info][gc] GC(2417) Garbage Collection (Proactive) 12M(60%)->10M(50%)
[2109.032s][info][gc] GC(2418) Garbage Collection (Proactive) 12M(60%)->10M(50%)
[2109.632s][info][gc] GC(2419) Garbage Collection (Proactive) 12M(60%)->10M(50%)
[2110.131s][info][gc] GC(2420) Garbage Collection (Proactive) 12M(60%)->10M(50%)
[2110.631s][info][gc] GC(2421) Garbage Collection (Proactive) 12M(60%)->10M(50%)
[2111.033s][info][gc] GC(2422) Garbage Collection (Proactive) 12M(60%)->10M(50%)
[2111.432s][info][gc] GC(2423) Garbage Collection (Proactive) 12M(60%)->10M(50%)
[2111.832s][info][gc] GC(2424) Garbage Collection (Proactive) 12M(60%)->10M(50%)
[2112.233s][info][gc] GC(2425) Garbage Collection (Proactive) 12M(60%)->10M(50%)
[2112.832s][info][gc] GC(2426) Garbage Collection (Proactive) 12M(60%)->10M(50%)
[2113.333s][info][gc] GC(2427) Garbage Collection (Proactive) 12M(60%)->10M(50%)
[2113.831s][info][gc] GC(2428) Garbage Collection (Proactive) 12M(60%)->10M(50%)
[2114.232s][info][gc] GC(2429) Garbage Collection (Proactive) 12M(60%)->10M(50%)
[2114.832s][info][gc] GC(2430) Garbage Collection (Proactive) 12M(60%)->10M(50%)
[2115.233s][info][gc] GC(2431) Garbage Collection (Proactive) 12M(60%)->10M(50%)
[2115.832s][info][gc] GC(2432) Garbage Collection (Proactive) 12M(60%)->10M(50%)
[2116.232s][info][gc] GC(2433) Garbage Collection (Proactive) 12M(60%)->10M(50%)
[2116.832s][info][gc] GC(2434) Garbage Collection (Proactive) 12M(60%)->10M(50%)
[2117.232s][info][gc] GC(2435) Garbage Collection (Proactive) 12M(60%)->10M(50%)
[2117.832s][info][gc] GC(2436) Garbage Collection (Proactive) 12M(60%)->10M(50%)
[2118.233s][info][gc] GC(2437) Garbage Collection (Proactive) 12M(60%)->10M(50%)
[2118.832s][info][gc] GC(2438) Garbage Collection (Proactive) 12M(60%)->10M(50%)
[2119.232s][info][gc] GC(2439) Garbage Collection (Proactive) 12M(60%)->10M(50%)
[2119.832s][info][gc] GC(2440) Garbage Collection (Proactive) 12M(60%)->10M(50%)
[2120.232s][info][gc] GC(2441) Garbage Collection (Proactive) 12M(60%)->10M(50%)
[2120.832s][info][gc] GC(2442) Garbage Collection (Proactive) 12M(60%)->10M(50%)
[2121.333s][info][gc] GC(2443) Garbage Collection (Proactive) 12M(60%)->10M(50%)
[2121.831s][info][gc] GC(2444) Garbage Collection (Proactive) 12M(60%)->10M(50%)
[2122.232s][info][gc] GC(2445) Garbage Collection (Proactive) 12M(60%)->10M(50%)
[2122.833s][info][gc] GC(2446) Garbage Collection (Proactive) 12M(60%)->10M(50%)
[2123.232s][info][gc] GC(2447) Garbage Collection (Proactive) 12M(60%)->10M(50%)
[2123.831s][info][gc] GC(2448) Garbage Collection (Proactive) 12M(60%)->10M(50%)
[2124.332s][info][gc] GC(2449) Garbage Collection (Proactive) 12M(60%)->10M(50%)
[2124.831s][info][gc] GC(2450) Garbage Collection (Proactive) 12M(60%)->10M(50%)
[2125.232s][info][gc] GC(2451) Garbage Collection (Proactive) 12M(60%)->10M(50%)
[2125.831s][info][gc] GC(2452) Garbage Collection (Proactive) 12M(60%)->10M(50%)
[2126.232s][info][gc] GC(2453) Garbage Collection (Proactive) 12M(60%)->10M(50%)
[2126.830s][info][gc] GC(2454) Garbage Collection (Proactive) 12M(60%)->10M(50%)
[2127.231s][info][gc] GC(2455) Garbage Collection (Proactive) 12M(60%)->10M(50%)
[2127.831s][info][gc] GC(2456) Garbage Collection (Proactive) 12M(60%)->10M(50%)
[2128.232s][info][gc] GC(2457) Garbage Collection (Proactive) 12M(60%)->10M(50%)
[2128.832s][info][gc] GC(2458) Garbage Collection (Proactive) 12M(60%)->10M(50%)
[2129.232s][info][gc] GC(2459) Garbage Collection (Proactive) 12M(60%)->10M(50%)
[2129.831s][info][gc] GC(2460) Garbage Collection (Proactive) 12M(60%)->10M(50%)
[2130.232s][info][gc] GC(2461) Garbage Collection (Proactive) 12M(60%)->10M(50%)
[2130.832s][info][gc] GC(2462) Garbage Collection (Proactive) 12M(60%)->10M(50%)
[2131.232s][info][gc] GC(2463) Garbage Collection (Proactive) 12M(60%)->10M(50%)
[2131.831s][info][gc] GC(2464) Garbage Collection (Proactive) 12M(60%)->10M(50%)
[2132.232s][info][gc] GC(2465) Garbage Collection (Proactive) 12M(60%)->10M(50%)
[2132.831s][info][gc] GC(2466) Garbage Collection (Proactive) 12M(60%)->10M(50%)
[2133.232s][info][gc] GC(2467) Garbage Collection (Proactive) 12M(60%)->10M(50%)
[2133.831s][info][gc] GC(2468) Garbage Collection (Proactive) 12M(60%)->10M(50%)
[2134.232s][info][gc] GC(2469) Garbage Collection (Proactive) 12M(60%)->10M(50%)
[2134.831s][info][gc] GC(2470) Garbage Collection (Proactive) 12M(60%)->10M(50%)
[2135.233s][info][gc] GC(2471) Garbage Collection (Proactive) 12M(60%)->10M(50%)
[2135.832s][info][gc] GC(2472) Garbage Collection (Proactive) 12M(60%)->10M(50%)
[2136.333s][info][gc] GC(2473) Garbage Collection (Proactive) 12M(60%)->10M(50%)
[2136.832s][info][gc] GC(2474) Garbage Collection (Proactive) 12M(60%)->10M(50%)
[2137.232s][info][gc] GC(2475) Garbage Collection (Proactive) 12M(60%)->10M(50%)
[2137.834s][info][gc] GC(2476) Garbage Collection (Proactive) 12M(60%)->10M(50%)
[2138.432s][info][gc] GC(2477) Garbage Collection (Proactive) 12M(60%)->10M(50%)
[2139.032s][info][gc] GC(2478) Garbage Collection (Proactive) 12M(60%)->10M(50%)
[2139.532s][info][gc] GC(2479) Garbage Collection (Proactive) 12M(60%)->10M(50%)
[2140.032s][info][gc] GC(2480) Garbage Collection (Proactive) 12M(60%)->10M(50%)
[2140.532s][info][gc] GC(2481) Garbage Collection (Proactive) 12M(60%)->10M(50%)
[2140.932s][info][gc] GC(2482) Garbage Collection (Proactive) 12M(60%)->10M(50%)
[2141.433s][info][gc] GC(2483) Garbage Collection (Proactive) 12M(60%)->10M(50%)
[2141.931s][info][gc] GC(2484) Garbage Collection (Proactive) 12M(60%)->10M(50%)
[2142.332s][info][gc] GC(2485) Garbage Collection (Proactive) 12M(60%)->10M(50%)
[2142.837s][info][gc] GC(2486) Garbage Collection (Proactive) 12M(60%)->10M(50%)
[2143.839s][info][gc] GC(2487) Garbage Collection (Proactive) 12M(60%)->12M(60%)
[2160.933s][info][gc] GC(2488) Garbage Collection (Proactive) 14M(70%)->10M(50%)
[2161.933s][info][gc] GC(2489) Garbage Collection (Proactive) 12M(60%)->10M(50%)
[2162.633s][info][gc] GC(2490) Garbage Collection (Proactive) 12M(60%)->10M(50%)
[2163.232s][info][gc] GC(2491) Garbage Collection (Proactive) 12M(60%)->10M(50%)
[2163.932s][info][gc] GC(2492) Garbage Collection (Proactive) 12M(60%)->10M(50%)
[2164.431s][info][gc] GC(2493) Garbage Collection (Proactive) 12M(60%)->10M(50%)
[2164.932s][info][gc] GC(2494) Garbage Collection (Proactive) 12M(60%)->10M(50%)
[2165.333s][info][gc] GC(2495) Garbage Collection (Proactive) 12M(60%)->10M(50%)
[2165.933s][info][gc] GC(2496) Garbage Collection (Proactive) 12M(60%)->10M(50%)
[2166.434s][info][gc] GC(2497) Garbage Collection (Proactive) 12M(60%)->10M(50%)
[2167.032s][info][gc] GC(2498) Garbage Collection (Proactive) 12M(60%)->10M(50%)
[2167.531s][info][gc] GC(2499) Garbage Collection (Proactive) 12M(60%)->10M(50%)
[2168.032s][info][gc] GC(2500) Garbage Collection (Proactive) 12M(60%)->10M(50%)
[2168.532s][info][gc] GC(2501) Garbage Collection (Proactive) 12M(60%)->10M(50%)
[2168.933s][info][gc] GC(2502) Garbage Collection (Proactive) 12M(60%)->10M(50%)
[2169.332s][info][gc] GC(2503) Garbage Collection (Proactive) 12M(60%)->10M(50%)
[2169.932s][info][gc] GC(2504) Garbage Collection (Proactive) 12M(60%)->10M(50%)
[2170.331s][info][gc] GC(2505) Garbage Collection (Proactive) 12M(60%)->10M(50%)
[2170.931s][info][gc] GC(2506) Garbage Collection (Proactive) 12M(60%)->10M(50%)
[2171.331s][info][gc] GC(2507) Garbage Collection (Proactive) 12M(60%)->10M(50%)
[2171.932s][info][gc] GC(2508) Garbage Collection (Proactive) 12M(60%)->10M(50%)
[2172.332s][info][gc] GC(2509) Garbage Collection (Proactive) 12M(60%)->10M(50%)
[2172.932s][info][gc] GC(2510) Garbage Collection (Proactive) 12M(60%)->10M(50%)
[2173.331s][info][gc] GC(2511) Garbage Collection (Proactive) 12M(60%)->10M(50%)
[2173.932s][info][gc] GC(2512) Garbage Collection (Proactive) 12M(60%)->10M(50%)
[2174.333s][info][gc] GC(2513) Garbage Collection (Proactive) 12M(60%)->10M(50%)
[2174.934s][info][gc] GC(2514) Garbage Collection (Proactive) 12M(60%)->10M(50%)
[2175.431s][info][gc] GC(2515) Garbage Collection (Proactive) 12M(60%)->10M(50%)
[2175.932s][info][gc] GC(2516) Garbage Collection (Proactive) 12M(60%)->10M(50%)
[2176.433s][info][gc] GC(2517) Garbage Collection (Proactive) 12M(60%)->10M(50%)
[2176.932s][info][gc] GC(2518) Garbage Collection (Proactive) 12M(60%)->10M(50%)
[2177.432s][info][gc] GC(2519) Garbage Collection (Proactive) 12M(60%)->10M(50%)
[2177.932s][info][gc] GC(2520) Garbage Collection (Proactive) 12M(60%)->10M(50%)
[2178.433s][info][gc] GC(2521) Garbage Collection (Proactive) 12M(60%)->10M(50%)
[2178.931s][info][gc] GC(2522) Garbage Collection (Proactive) 12M(60%)->10M(50%)
[2179.431s][info][gc] GC(2523) Garbage Collection (Proactive) 12M(60%)->10M(50%)
[2179.932s][info][gc] GC(2524) Garbage Collection (Proactive) 12M(60%)->10M(50%)
[2180.334s][info][gc] GC(2525) Garbage Collection (Proactive) 12M(60%)->10M(50%)
[2180.931s][info][gc] GC(2526) Garbage Collection (Proactive) 12M(60%)->10M(50%)
[2181.433s][info][gc] GC(2527) Garbage Collection (Proactive) 12M(60%)->10M(50%)
[2181.932s][info][gc] GC(2528) Garbage Collection (Proactive) 12M(60%)->10M(50%)
[2182.432s][info][gc] GC(2529) Garbage Collection (Proactive) 12M(60%)->10M(50%)
[2182.932s][info][gc] GC(2530) Garbage Collection (Proactive) 12M(60%)->10M(50%)
[2183.331s][info][gc] GC(2531) Garbage Collection (Proactive) 12M(60%)->10M(50%)
[2183.932s][info][gc] GC(2532) Garbage Collection (Proactive) 12M(60%)->10M(50%)
[2184.332s][info][gc] GC(2533) Garbage Collection (Proactive) 12M(60%)->10M(50%)
[2184.931s][info][gc] GC(2534) Garbage Collection (Proactive) 12M(60%)->10M(50%)
[2185.332s][info][gc] GC(2535) Garbage Collection (Proactive) 12M(60%)->10M(50%)
[2185.931s][info][gc] GC(2536) Garbage Collection (Proactive) 12M(60%)->10M(50%)
[2186.332s][info][gc] GC(2537) Garbage Collection (Proactive) 12M(60%)->10M(50%)
[2186.931s][info][gc] GC(2538) Garbage Collection (Proactive) 12M(60%)->10M(50%)
[2187.331s][info][gc] GC(2539) Garbage Collection (Proactive) 12M(60%)->10M(50%)
[2187.932s][info][gc] GC(2540) Garbage Collection (Proactive) 12M(60%)->10M(50%)
[2188.332s][info][gc] GC(2541) Garbage Collection (Proactive) 12M(60%)->10M(50%)
[2188.933s][info][gc] GC(2542) Garbage Collection (Proactive) 12M(60%)->10M(50%)
[2189.431s][info][gc] GC(2543) Garbage Collection (Proactive) 12M(60%)->10M(50%)
[2189.932s][info][gc] GC(2544) Garbage Collection (Proactive) 12M(60%)->10M(50%)
[2190.333s][info][gc] GC(2545) Garbage Collection (Proactive) 12M(60%)->10M(50%)
[2190.930s][info][gc] GC(2546) Garbage Collection (Proactive) 12M(60%)->10M(50%)
[2191.433s][info][gc] GC(2547) Garbage Collection (Proactive) 12M(60%)->10M(50%)
[2191.931s][info][gc] GC(2548) Garbage Collection (Proactive) 12M(60%)->10M(50%)
[2192.432s][info][gc] GC(2549) Garbage Collection (Proactive) 12M(60%)->10M(50%)
[2192.932s][info][gc] GC(2550) Garbage Collection (Proactive) 12M(60%)->10M(50%)
[2193.333s][info][gc] GC(2551) Garbage Collection (Proactive) 12M(60%)->10M(50%)
[2193.933s][info][gc] GC(2552) Garbage Collection (Proactive) 12M(60%)->10M(50%)
[2194.433s][info][gc] GC(2553) Garbage Collection (Proactive) 12M(60%)->10M(50%)
[2194.933s][info][gc] GC(2554) Garbage Collection (Proactive) 12M(60%)->10M(50%)
[2195.433s][info][gc] GC(2555) Garbage Collection (Proactive) 12M(60%)->10M(50%)
[2195.931s][info][gc] GC(2556) Garbage Collection (Proactive) 12M(60%)->10M(50%)
[2196.432s][info][gc] GC(2557) Garbage Collection (Proactive) 12M(60%)->10M(50%)
[2196.932s][info][gc] GC(2558) Garbage Collection (Proactive) 12M(60%)->10M(50%)
[2197.332s][info][gc] GC(2559) Garbage Collection (Proactive) 12M(60%)->10M(50%)
[2197.932s][info][gc] GC(2560) Garbage Collection (Proactive) 12M(60%)->10M(50%)
[2198.333s][info][gc] GC(2561) Garbage Collection (Proactive) 12M(60%)->10M(50%)
[2198.931s][info][gc] GC(2562) Garbage Collection (Proactive) 12M(60%)->10M(50%)
[2199.332s][info][gc] GC(2563) Garbage Collection (Proactive) 12M(60%)->10M(50%)
[2199.733s][info][gc] GC(2564) Garbage Collection (Proactive) 12M(60%)->10M(50%)
[2200.133s][info][gc] GC(2565) Garbage Collection (Proactive) 12M(60%)->10M(50%)
[2200.532s][info][gc] GC(2566) Garbage Collection (Proactive) 12M(60%)->10M(50%)
[2200.932s][info][gc] GC(2567) Garbage Collection (Proactive) 12M(60%)->10M(50%)
[2201.332s][info][gc] GC(2568) Garbage Collection (Proactive) 12M(60%)->10M(50%)
[2201.931s][info][gc] GC(2569) Garbage Collection (Proactive) 12M(60%)->10M(50%)
[2202.332s][info][gc] GC(2570) Garbage Collection (Proactive) 12M(60%)->10M(50%)
[2202.931s][info][gc] GC(2571) Garbage Collection (Proactive) 12M(60%)->10M(50%)
[2203.332s][info][gc] GC(2572) Garbage Collection (Proactive) 12M(60%)->10M(50%)
[2203.932s][info][gc] GC(2573) Garbage Collection (Proactive) 12M(60%)->10M(50%)
[2204.332s][info][gc] GC(2574) Garbage Collection (Proactive) 12M(60%)->10M(50%)
[2204.930s][info][gc] GC(2575) Garbage Collection (Proactive) 12M(60%)->10M(50%)
[2205.432s][info][gc] GC(2576) Garbage Collection (Proactive) 12M(60%)->10M(50%)
[2205.930s][info][gc] GC(2577) Garbage Collection (Proactive) 12M(60%)->10M(50%)
[2206.331s][info][gc] GC(2578) Garbage Collection (Proactive) 12M(60%)->10M(50%)
[2206.932s][info][gc] GC(2579) Garbage Collection (Proactive) 12M(60%)->10M(50%)
[2207.433s][info][gc] GC(2580) Garbage Collection (Proactive) 12M(60%)->10M(50%)
[2207.931s][info][gc] GC(2581) Garbage Collection (Proactive) 12M(60%)->10M(50%)
[2208.331s][info][gc] GC(2582) Garbage Collection (Proactive) 12M(60%)->10M(50%)
[2208.931s][info][gc] GC(2583) Garbage Collection (Proactive) 12M(60%)->10M(50%)
[2209.332s][info][gc] GC(2584) Garbage Collection (Proactive) 12M(60%)->10M(50%)
[2209.932s][info][gc] GC(2585) Garbage Collection (Proactive) 12M(60%)->10M(50%)
[2210.332s][info][gc] GC(2586) Garbage Collection (Proactive) 12M(60%)->10M(50%)
[2210.932s][info][gc] GC(2587) Garbage Collection (Proactive) 12M(60%)->10M(50%)
[2211.332s][info][gc] GC(2588) Garbage Collection (Proactive) 12M(60%)->10M(50%)
[2211.931s][info][gc] GC(2589) Garbage Collection (Proactive) 12M(60%)->10M(50%)
[2212.333s][info][gc] GC(2590) Garbage Collection (Proactive) 12M(60%)->10M(50%)
[2212.930s][info][gc] GC(2591) Garbage Collection (Proactive) 12M(60%)->10M(50%)
[2213.432s][info][gc] GC(2592) Garbage Collection (Proactive) 12M(60%)->10M(50%)
[2213.931s][info][gc] GC(2593) Garbage Collection (Proactive) 12M(60%)->10M(50%)
[2214.331s][info][gc] GC(2594) Garbage Collection (Proactive) 12M(60%)->10M(50%)
[2214.931s][info][gc] GC(2595) Garbage Collection (Proactive) 12M(60%)->10M(50%)
[2215.332s][info][gc] GC(2596) Garbage Collection (Proactive) 12M(60%)->10M(50%)
[2215.931s][info][gc] GC(2597) Garbage Collection (Proactive) 12M(60%)->10M(50%)
[2216.333s][info][gc] GC(2598) Garbage Collection (Proactive) 12M(60%)->10M(50%)
[2216.932s][info][gc] GC(2599) Garbage Collection (Proactive) 12M(60%)->10M(50%)
[2217.432s][info][gc] GC(2600) Garbage Collection (Proactive) 12M(60%)->10M(50%)
[2217.932s][info][gc] GC(2601) Garbage Collection (Proactive) 12M(60%)->10M(50%)
[2218.432s][info][gc] GC(2602) Garbage Collection (Proactive) 12M(60%)->10M(50%)
[2218.931s][info][gc] GC(2603) Garbage Collection (Proactive) 12M(60%)->10M(50%)
[2219.332s][info][gc] GC(2604) Garbage Collection (Proactive) 12M(60%)->10M(50%)
[2219.932s][info][gc] GC(2605) Garbage Collection (Proactive) 12M(60%)->10M(50%)
[2220.332s][info][gc] GC(2606) Garbage Collection (Proactive) 12M(60%)->10M(50%)
[2220.732s][info][gc] GC(2607) Garbage Collection (Proactive) 12M(60%)->10M(50%)
[2221.132s][info][gc] GC(2608) Garbage Collection (Proactive) 12M(60%)->10M(50%)
[2221.531s][info][gc] GC(2609) Garbage Collection (Proactive) 12M(60%)->10M(50%)
[2221.932s][info][gc] GC(2610) Garbage Collection (Proactive) 12M(60%)->10M(50%)
[2222.332s][info][gc] GC(2611) Garbage Collection (Proactive) 12M(60%)->10M(50%)
[2222.930s][info][gc] GC(2612) Garbage Collection (Proactive) 12M(60%)->10M(50%)
[2223.332s][info][gc] GC(2613) Garbage Collection (Proactive) 12M(60%)->10M(50%)
[2223.934s][info][gc] GC(2614) Garbage Collection (Proactive) 12M(60%)->10M(50%)
[2224.532s][info][gc] GC(2615) Garbage Collection (Proactive) 12M(60%)->10M(50%)
[2225.031s][info][gc] GC(2616) Garbage Collection (Proactive) 12M(60%)->10M(50%)
[2225.532s][info][gc] GC(2617) Garbage Collection (Proactive) 12M(60%)->10M(50%)
[2226.031s][info][gc] GC(2618) Garbage Collection (Proactive) 12M(60%)->10M(50%)
[2226.532s][info][gc] GC(2619) Garbage Collection (Proactive) 12M(60%)->10M(50%)
[2227.032s][info][gc] GC(2620) Garbage Collection (Proactive) 12M(60%)->10M(50%)
[2227.532s][info][gc] GC(2621) Garbage Collection (Proactive) 12M(60%)->10M(50%)
[2227.932s][info][gc] GC(2622) Garbage Collection (Proactive) 12M(60%)->10M(50%)
[2228.332s][info][gc] GC(2623) Garbage Collection (Proactive) 12M(60%)->10M(50%)
[2228.931s][info][gc] GC(2624) Garbage Collection (Proactive) 12M(60%)->10M(50%)
[2229.331s][info][gc] GC(2625) Garbage Collection (Proactive) 12M(60%)->10M(50%)
[2229.932s][info][gc] GC(2626) Garbage Collection (Proactive) 12M(60%)->10M(50%)
[2230.332s][info][gc] GC(2627) Garbage Collection (Proactive) 12M(60%)->10M(50%)
[2230.930s][info][gc] GC(2628) Garbage Collection (Proactive) 12M(60%)->10M(50%)
[2231.432s][info][gc] GC(2629) Garbage Collection (Proactive) 12M(60%)->10M(50%)
[2231.931s][info][gc] GC(2630) Garbage Collection (Proactive) 12M(60%)->10M(50%)
[2232.333s][info][gc] GC(2631) Garbage Collection (Proactive) 12M(60%)->10M(50%)
[2232.931s][info][gc] GC(2632) Garbage Collection (Proactive) 12M(60%)->10M(50%)
[2233.332s][info][gc] GC(2633) Garbage Collection (Proactive) 12M(60%)->10M(50%)
[2233.931s][info][gc] GC(2634) Garbage Collection (Proactive) 12M(60%)->10M(50%)
[2234.333s][info][gc] GC(2635) Garbage Collection (Proactive) 12M(60%)->10M(50%)
[2234.932s][info][gc] GC(2636) Garbage Collection (Proactive) 12M(60%)->10M(50%)
[2235.433s][info][gc] GC(2637) Garbage Collection (Proactive) 12M(60%)->10M(50%)
[2235.932s][info][gc] GC(2638) Garbage Collection (Proactive) 12M(60%)->10M(50%)
[2236.433s][info][gc] GC(2639) Garbage Collection (Proactive) 12M(60%)->10M(50%)
[2236.931s][info][gc] GC(2640) Garbage Collection (Proactive) 12M(60%)->10M(50%)
[2237.331s][info][gc] GC(2641) Garbage Collection (Proactive) 12M(60%)->10M(50%)
[2237.932s][info][gc] GC(2642) Garbage Collection (Proactive) 12M(60%)->10M(50%)
[2238.332s][info][gc] GC(2643) Garbage Collection (Proactive) 12M(60%)->10M(50%)
[2238.930s][info][gc] GC(2644) Garbage Collection (Proactive) 12M(60%)->10M(50%)
[2239.432s][info][gc] GC(2645) Garbage Collection (Proactive) 12M(60%)->10M(50%)
[2239.932s][info][gc] GC(2646) Garbage Collection (Proactive) 12M(60%)->10M(50%)
[2240.332s][info][gc] GC(2647) Garbage Collection (Proactive) 12M(60%)->10M(50%)
[2240.931s][info][gc] GC(2648) Garbage Collection (Proactive) 12M(60%)->10M(50%)
[2241.332s][info][gc] GC(2649) Garbage Collection (Proactive) 12M(60%)->10M(50%)
[2241.931s][info][gc] GC(2650) Garbage Collection (Proactive) 12M(60%)->10M(50%)
[2242.431s][info][gc] GC(2651) Garbage Collection (Proactive) 12M(60%)->10M(50%)
[2242.931s][info][gc] GC(2652) Garbage Collection (Proactive) 12M(60%)->10M(50%)
[2243.331s][info][gc] GC(2653) Garbage Collection (Proactive) 12M(60%)->10M(50%)
[2243.931s][info][gc] GC(2654) Garbage Collection (Proactive) 12M(60%)->10M(50%)
[2244.333s][info][gc] GC(2655) Garbage Collection (Proactive) 12M(60%)->10M(50%)
[2244.932s][info][gc] GC(2656) Garbage Collection (Proactive) 12M(60%)->10M(50%)
[2245.332s][info][gc] GC(2657) Garbage Collection (Proactive) 12M(60%)->10M(50%)
[2245.931s][info][gc] GC(2658) Garbage Collection (Proactive) 12M(60%)->10M(50%)
[2246.432s][info][gc] GC(2659) Garbage Collection (Proactive) 12M(60%)->10M(50%)
[2246.932s][info][gc] GC(2660) Garbage Collection (Proactive) 12M(60%)->10M(50%)
[2247.332s][info][gc] GC(2661) Garbage Collection (Proactive) 12M(60%)->10M(50%)
[2247.931s][info][gc] GC(2662) Garbage Collection (Proactive) 12M(60%)->10M(50%)
[2248.332s][info][gc] GC(2663) Garbage Collection (Proactive) 12M(60%)->10M(50%)
[2248.931s][info][gc] GC(2664) Garbage Collection (Proactive) 12M(60%)->10M(50%)
[2249.332s][info][gc] GC(2665) Garbage Collection (Proactive) 12M(60%)->10M(50%)
[2249.931s][info][gc] GC(2666) Garbage Collection (Proactive) 12M(60%)->10M(50%)
[2250.332s][info][gc] GC(2667) Garbage Collection (Proactive) 12M(60%)->10M(50%)
[2250.930s][info][gc] GC(2668) Garbage Collection (Proactive) 12M(60%)->10M(50%)
[2251.432s][info][gc] GC(2669) Garbage Collection (Proactive) 12M(60%)->10M(50%)
[2251.931s][info][gc] GC(2670) Garbage Collection (Proactive) 12M(60%)->10M(50%)
[2252.332s][info][gc] GC(2671) Garbage Collection (Proactive) 12M(60%)->10M(50%)
[2252.931s][info][gc] GC(2672) Garbage Collection (Proactive) 12M(60%)->10M(50%)
[2253.432s][info][gc] GC(2673) Garbage Collection (Proactive) 12M(60%)->10M(50%)
[2253.932s][info][gc] GC(2674) Garbage Collection (Proactive) 12M(60%)->10M(50%)
[2254.432s][info][gc] GC(2675) Garbage Collection (Proactive) 12M(60%)->10M(50%)
[2254.932s][info][gc] GC(2676) Garbage Collection (Proactive) 12M(60%)->10M(50%)
[2255.532s][info][gc] GC(2677) Garbage Collection (Proactive) 12M(60%)->10M(50%)
[2256.132s][info][gc] GC(2678) Garbage Collection (Proactive) 12M(60%)->10M(50%)
[2256.633s][info][gc] GC(2679) Garbage Collection (Proactive) 12M(60%)->10M(50%)
[2257.132s][info][gc] GC(2680) Garbage Collection (Proactive) 12M(60%)->10M(50%)
[2257.532s][info][gc] GC(2681) Garbage Collection (Proactive) 12M(60%)->10M(50%)
[2257.935s][info][gc] GC(2682) Garbage Collection (Proactive) 12M(60%)->10M(50%)
[2258.731s][info][gc] GC(2683) Garbage Collection (Proactive) 12M(60%)->10M(50%)
[2259.431s][info][gc] GC(2684) Garbage Collection (Proactive) 12M(60%)->10M(50%)
[2260.031s][info][gc] GC(2685) Garbage Collection (Proactive) 12M(60%)->10M(50%)
[2260.532s][info][gc] GC(2686) Garbage Collection (Proactive) 12M(60%)->10M(50%)
[2261.031s][info][gc] GC(2687) Garbage Collection (Proactive) 12M(60%)->10M(50%)
[2261.432s][info][gc] GC(2688) Garbage Collection (Proactive) 12M(60%)->10M(50%)
[2261.938s][info][gc] GC(2689) Garbage Collection (Proactive) 12M(60%)->10M(50%)
[2263.133s][info][gc] GC(2690) Garbage Collection (Proactive) 12M(60%)->10M(50%)
[2264.132s][info][gc] GC(2691) Garbage Collection (Proactive) 12M(60%)->10M(50%)
[2264.944s][info][gc] GC(2692) Garbage Collection (Proactive) 12M(60%)->10M(50%)
[2266.632s][info][gc] GC(2693) Garbage Collection (Proactive) 12M(60%)->10M(50%)
[2267.944s][info][gc] GC(2694) Garbage Collection (Proactive) 12M(60%)->10M(50%)
[2269.732s][info][gc] GC(2695) Garbage Collection (Proactive) 12M(60%)->10M(50%)
[2271.232s][info][gc] GC(2696) Garbage Collection (Proactive) 12M(60%)->10M(50%)
[2272.231s][info][gc] GC(2697) Garbage Collection (Proactive) 12M(60%)->10M(50%)
[2272.941s][info][gc] GC(2698) Garbage Collection (Proactive) 12M(60%)->10M(50%)
[2274.531s][info][gc] GC(2699) Garbage Collection (Proactive) 12M(60%)->10M(50%)
[2275.731s][info][gc] GC(2700) Garbage Collection (Proactive) 12M(60%)->10M(50%)
[2276.532s][info][gc] GC(2701) Garbage Collection (Proactive) 12M(60%)->10M(50%)
[2277.132s][info][gc] GC(2702) Garbage Collection (Proactive) 12M(60%)->10M(50%)
[2277.632s][info][gc] GC(2703) Garbage Collection (Proactive) 12M(60%)->10M(50%)
[2278.132s][info][gc] GC(2704) Garbage Collection (Proactive) 12M(60%)->10M(50%)
[2278.631s][info][gc] GC(2705) Garbage Collection (Proactive) 12M(60%)->10M(50%)
[2279.032s][info][gc] GC(2706) Garbage Collection (Proactive) 12M(60%)->10M(50%)
[2279.432s][info][gc] GC(2707) Garbage Collection (Proactive) 12M(60%)->10M(50%)
[2279.933s][info][gc] GC(2708) Garbage Collection (Proactive) 12M(60%)->12M(60%)
[2295.031s][info][gc] GC(2709) Garbage Collection (Proactive) 14M(70%)->10M(50%)
[2295.433s][info][gc] GC(2710) Garbage Collection (Proactive) 12M(60%)->10M(50%)
[2296.032s][info][gc] GC(2711) Garbage Collection (Proactive) 12M(60%)->10M(50%)
[2296.633s][info][gc] GC(2712) Garbage Collection (Proactive) 12M(60%)->10M(50%)
[2297.132s][info][gc] GC(2713) Garbage Collection (Proactive) 12M(60%)->10M(50%)
[2297.632s][info][gc] GC(2714) Garbage Collection (Proactive) 12M(60%)->10M(50%)
[2298.131s][info][gc] GC(2715) Garbage Collection (Proactive) 12M(60%)->10M(50%)
[2298.632s][info][gc] GC(2716) Garbage Collection (Proactive) 12M(60%)->10M(50%)
[2299.032s][info][gc] GC(2717) Garbage Collection (Proactive) 12M(60%)->10M(50%)
[2299.532s][info][gc] GC(2718) Garbage Collection (Proactive) 12M(60%)->10M(50%)
[2300.031s][info][gc] GC(2719) Garbage Collection (Proactive) 12M(60%)->10M(50%)
[2300.532s][info][gc] GC(2720) Garbage Collection (Proactive) 12M(60%)->10M(50%)
[2301.032s][info][gc] GC(2721) Garbage Collection (Proactive) 12M(60%)->10M(50%)
[2301.432s][info][gc] GC(2722) Garbage Collection (Proactive) 12M(60%)->10M(50%)
[2302.031s][info][gc] GC(2723) Garbage Collection (Proactive) 12M(60%)->10M(50%)
[2302.432s][info][gc] GC(2724) Garbage Collection (Proactive) 12M(60%)->10M(50%)
[2303.033s][info][gc] GC(2725) Garbage Collection (Proactive) 12M(60%)->10M(50%)
[2303.431s][info][gc] GC(2726) Garbage Collection (Proactive) 12M(60%)->10M(50%)
[2304.032s][info][gc] GC(2727) Garbage Collection (Proactive) 12M(60%)->10M(50%)
[2304.432s][info][gc] GC(2728) Garbage Collection (Proactive) 12M(60%)->10M(50%)
[2305.031s][info][gc] GC(2729) Garbage Collection (Proactive) 12M(60%)->10M(50%)
[2305.432s][info][gc] GC(2730) Garbage Collection (Proactive) 12M(60%)->10M(50%)
[2306.033s][info][gc] GC(2731) Garbage Collection (Proactive) 12M(60%)->10M(50%)
[2306.632s][info][gc] GC(2732) Garbage Collection (Proactive) 12M(60%)->10M(50%)
[2307.232s][info][gc] GC(2733) Garbage Collection (Proactive) 12M(60%)->10M(50%)
[2307.734s][info][gc] GC(2734) Garbage Collection (Proactive) 12M(60%)->10M(50%)
[2308.232s][info][gc] GC(2735) Garbage Collection (Proactive) 12M(60%)->10M(50%)
[2308.733s][info][gc] GC(2736) Garbage Collection (Proactive) 12M(60%)->10M(50%)
[2309.232s][info][gc] GC(2737) Garbage Collection (Proactive) 12M(60%)->10M(50%)
[2309.632s][info][gc] GC(2738) Garbage Collection (Proactive) 12M(60%)->10M(50%)
[2310.032s][info][gc] GC(2739) Garbage Collection (Proactive) 12M(60%)->10M(50%)
[2310.432s][info][gc] GC(2740) Garbage Collection (Proactive) 12M(60%)->10M(50%)
[2311.031s][info][gc] GC(2741) Garbage Collection (Proactive) 12M(60%)->10M(50%)
[2311.433s][info][gc] GC(2742) Garbage Collection (Proactive) 12M(60%)->10M(50%)
[2312.032s][info][gc] GC(2743) Garbage Collection (Proactive) 12M(60%)->10M(50%)
[2312.532s][info][gc] GC(2744) Garbage Collection (Proactive) 12M(60%)->10M(50%)
[2313.031s][info][gc] GC(2745) Garbage Collection (Proactive) 12M(60%)->10M(50%)
[2313.533s][info][gc] GC(2746) Garbage Collection (Proactive) 12M(60%)->10M(50%)
[2314.032s][info][gc] GC(2747) Garbage Collection (Proactive) 12M(60%)->10M(50%)
[2314.532s][info][gc] GC(2748) Garbage Collection (Proactive) 12M(60%)->10M(50%)
[2315.033s][info][gc] GC(2749) Garbage Collection (Proactive) 12M(60%)->10M(50%)
[2315.433s][info][gc] GC(2750) Garbage Collection (Proactive) 12M(60%)->10M(50%)
[2316.033s][info][gc] GC(2751) Garbage Collection (Proactive) 12M(60%)->10M(50%)
[2316.433s][info][gc] GC(2752) Garbage Collection (Proactive) 12M(60%)->10M(50%)
[2317.032s][info][gc] GC(2753) Garbage Collection (Proactive) 12M(60%)->10M(50%)
[2317.432s][info][gc] GC(2754) Garbage Collection (Proactive) 12M(60%)->10M(50%)
[2318.031s][info][gc] GC(2755) Garbage Collection (Proactive) 12M(60%)->10M(50%)
[2318.533s][info][gc] GC(2756) Garbage Collection (Proactive) 12M(60%)->10M(50%)
[2319.031s][info][gc] GC(2757) Garbage Collection (Proactive) 12M(60%)->10M(50%)
[2319.433s][info][gc] GC(2758) Garbage Collection (Proactive) 12M(60%)->10M(50%)
[2319.832s][info][gc] GC(2759) Garbage Collection (Proactive) 12M(60%)->10M(50%)
[2320.233s][info][gc] GC(2760) Garbage Collection (Proactive) 12M(60%)->10M(50%)
[2320.632s][info][gc] GC(2761) Garbage Collection (Proactive) 12M(60%)->10M(50%)
[2321.033s][info][gc] GC(2762) Garbage Collection (Proactive) 12M(60%)->10M(50%)
[2321.432s][info][gc] GC(2763) Garbage Collection (Proactive) 12M(60%)->10M(50%)
[2322.033s][info][gc] GC(2764) Garbage Collection (Proactive) 12M(60%)->10M(50%)
[2322.432s][info][gc] GC(2765) Garbage Collection (Proactive) 12M(60%)->10M(50%)
[2323.033s][info][gc] GC(2766) Garbage Collection (Proactive) 12M(60%)->10M(50%)
[2323.432s][info][gc] GC(2767) Garbage Collection (Proactive) 12M(60%)->10M(50%)
[2324.033s][info][gc] GC(2768) Garbage Collection (Proactive) 12M(60%)->10M(50%)
[2324.433s][info][gc] GC(2769) Garbage Collection (Proactive) 12M(60%)->10M(50%)
[2325.033s][info][gc] GC(2770) Garbage Collection (Proactive) 12M(60%)->10M(50%)
[2325.432s][info][gc] GC(2771) Garbage Collection (Proactive) 12M(60%)->10M(50%)
[2326.032s][info][gc] GC(2772) Garbage Collection (Proactive) 12M(60%)->10M(50%)
[2326.432s][info][gc] GC(2773) Garbage Collection (Proactive) 12M(60%)->10M(50%)
[2327.032s][info][gc] GC(2774) Garbage Collection (Proactive) 12M(60%)->10M(50%)
[2327.433s][info][gc] GC(2775) Garbage Collection (Proactive) 12M(60%)->10M(50%)
[2328.032s][info][gc] GC(2776) Garbage Collection (Proactive) 12M(60%)->10M(50%)
[2328.432s][info][gc] GC(2777) Garbage Collection (Proactive) 12M(60%)->10M(50%)
[2329.032s][info][gc] GC(2778) Garbage Collection (Proactive) 12M(60%)->10M(50%)
[2329.433s][info][gc] GC(2779) Garbage Collection (Proactive) 12M(60%)->10M(50%)
[2330.033s][info][gc] GC(2780) Garbage Collection (Proactive) 12M(60%)->10M(50%)
[2330.434s][info][gc] GC(2781) Garbage Collection (Proactive) 12M(60%)->10M(50%)
[2331.033s][info][gc] GC(2782) Garbage Collection (Proactive) 12M(60%)->10M(50%)
[2331.533s][info][gc] GC(2783) Garbage Collection (Proactive) 12M(60%)->10M(50%)
[2332.031s][info][gc] GC(2784) Garbage Collection (Proactive) 12M(60%)->10M(50%)
[2332.533s][info][gc] GC(2785) Garbage Collection (Proactive) 12M(60%)->10M(50%)
[2333.032s][info][gc] GC(2786) Garbage Collection (Proactive) 12M(60%)->10M(50%)
[2333.433s][info][gc] GC(2787) Garbage Collection (Proactive) 12M(60%)->10M(50%)
[2334.032s][info][gc] GC(2788) Garbage Collection (Proactive) 12M(60%)->10M(50%)
[2334.532s][info][gc] GC(2789) Garbage Collection (Proactive) 12M(60%)->10M(50%)
[2335.031s][info][gc] GC(2790) Garbage Collection (Proactive) 12M(60%)->10M(50%)
[2335.532s][info][gc] GC(2791) Garbage Collection (Proactive) 12M(60%)->10M(50%)
[2336.032s][info][gc] GC(2792) Garbage Collection (Proactive) 12M(60%)->10M(50%)
[2336.432s][info][gc] GC(2793) Garbage Collection (Proactive) 12M(60%)->10M(50%)
[2337.032s][info][gc] GC(2794) Garbage Collection (Proactive) 12M(60%)->10M(50%)
[2337.432s][info][gc] GC(2795) Garbage Collection (Proactive) 12M(60%)->10M(50%)
[2338.031s][info][gc] GC(2796) Garbage Collection (Proactive) 12M(60%)->10M(50%)
[2338.534s][info][gc] GC(2797) Garbage Collection (Proactive) 12M(60%)->10M(50%)
[2339.131s][info][gc] GC(2798) Garbage Collection (Proactive) 12M(60%)->10M(50%)
[2339.632s][info][gc] GC(2799) Garbage Collection (Proactive) 12M(60%)->10M(50%)
[2340.133s][info][gc] GC(2800) Garbage Collection (Proactive) 12M(60%)->10M(50%)
[2340.632s][info][gc] GC(2801) Garbage Collection (Proactive) 12M(60%)->10M(50%)
[2341.133s][info][gc] GC(2802) Garbage Collection (Proactive) 12M(60%)->10M(50%)
[2341.633s][info][gc] GC(2803) Garbage Collection (Proactive) 12M(60%)->10M(50%)
[2342.031s][info][gc] GC(2804) Garbage Collection (Proactive) 12M(60%)->10M(50%)
[2342.532s][info][gc] GC(2805) Garbage Collection (Proactive) 12M(60%)->10M(50%)
[2343.031s][info][gc] GC(2806) Garbage Collection (Proactive) 12M(60%)->10M(50%)
[2343.432s][info][gc] GC(2807) Garbage Collection (Proactive) 12M(60%)->10M(50%)
[2344.031s][info][gc] GC(2808) Garbage Collection (Proactive) 12M(60%)->10M(50%)
[2344.432s][info][gc] GC(2809) Garbage Collection (Proactive) 12M(60%)->10M(50%)
[2345.031s][info][gc] GC(2810) Garbage Collection (Proactive) 12M(60%)->10M(50%)
[2345.432s][info][gc] GC(2811) Garbage Collection (Proactive) 12M(60%)->10M(50%)
[2346.032s][info][gc] GC(2812) Garbage Collection (Proactive) 12M(60%)->10M(50%)
[2346.432s][info][gc] GC(2813) Garbage Collection (Proactive) 12M(60%)->10M(50%)
[2347.032s][info][gc] GC(2814) Garbage Collection (Proactive) 12M(60%)->10M(50%)
[2347.532s][info][gc] GC(2815) Garbage Collection (Proactive) 12M(60%)->10M(50%)
[2348.032s][info][gc] GC(2816) Garbage Collection (Proactive) 12M(60%)->10M(50%)
[2348.432s][info][gc] GC(2817) Garbage Collection (Proactive) 12M(60%)->10M(50%)
[2349.033s][info][gc] GC(2818) Garbage Collection (Proactive) 12M(60%)->10M(50%)
[2349.432s][info][gc] GC(2819) Garbage Collection (Proactive) 12M(60%)->10M(50%)
[2350.031s][info][gc] GC(2820) Garbage Collection (Proactive) 12M(60%)->10M(50%)
[2350.432s][info][gc] GC(2821) Garbage Collection (Proactive) 12M(60%)->10M(50%)
[2351.031s][info][gc] GC(2822) Garbage Collection (Proactive) 12M(60%)->10M(50%)
[2351.433s][info][gc] GC(2823) Garbage Collection (Proactive) 12M(60%)->10M(50%)
[2352.032s][info][gc] GC(2824) Garbage Collection (Proactive) 12M(60%)->10M(50%)
[2352.533s][info][gc] GC(2825) Garbage Collection (Proactive) 12M(60%)->10M(50%)
[2353.032s][info][gc] GC(2826) Garbage Collection (Proactive) 12M(60%)->10M(50%)
[2353.432s][info][gc] GC(2827) Garbage Collection (Proactive) 12M(60%)->10M(50%)
[2354.032s][info][gc] GC(2828) Garbage Collection (Proactive) 12M(60%)->10M(50%)
[2354.432s][info][gc] GC(2829) Garbage Collection (Proactive) 12M(60%)->10M(50%)
[2355.031s][info][gc] GC(2830) Garbage Collection (Proactive) 12M(60%)->10M(50%)
[2355.532s][info][gc] GC(2831) Garbage Collection (Proactive) 12M(60%)->10M(50%)
[2356.031s][info][gc] GC(2832) Garbage Collection (Proactive) 12M(60%)->10M(50%)
[2356.433s][info][gc] GC(2833) Garbage Collection (Proactive) 12M(60%)->10M(50%)
[2357.033s][info][gc] GC(2834) Garbage Collection (Proactive) 12M(60%)->10M(50%)
[2357.532s][info][gc] GC(2835) Garbage Collection (Proactive) 12M(60%)->10M(50%)
[2358.032s][info][gc] GC(2836) Garbage Collection (Proactive) 12M(60%)->10M(50%)
[2358.432s][info][gc] GC(2837) Garbage Collection (Proactive) 12M(60%)->10M(50%)
[2359.030s][info][gc] GC(2838) Garbage Collection (Proactive) 12M(60%)->10M(50%)
[2359.432s][info][gc] GC(2839) Garbage Collection (Proactive) 12M(60%)->10M(50%)
[2360.032s][info][gc] GC(2840) Garbage Collection (Proactive) 12M(60%)->10M(50%)
[2360.533s][info][gc] GC(2841) Garbage Collection (Proactive) 12M(60%)->10M(50%)
[2361.031s][info][gc] GC(2842) Garbage Collection (Proactive) 12M(60%)->10M(50%)
[2361.432s][info][gc] GC(2843) Garbage Collection (Proactive) 12M(60%)->10M(50%)
[2362.032s][info][gc] GC(2844) Garbage Collection (Proactive) 12M(60%)->10M(50%)
[2362.433s][info][gc] GC(2845) Garbage Collection (Proactive) 12M(60%)->10M(50%)
[2363.032s][info][gc] GC(2846) Garbage Collection (Proactive) 12M(60%)->10M(50%)
[2363.432s][info][gc] GC(2847) Garbage Collection (Proactive) 12M(60%)->10M(50%)
[2364.031s][info][gc] GC(2848) Garbage Collection (Proactive) 12M(60%)->10M(50%)
[2364.432s][info][gc] GC(2849) Garbage Collection (Proactive) 12M(60%)->10M(50%)
[2365.031s][info][gc] GC(2850) Garbage Collection (Proactive) 12M(60%)->10M(50%)
[2365.532s][info][gc] GC(2851) Garbage Collection (Proactive) 12M(60%)->10M(50%)
[2366.031s][info][gc] GC(2852) Garbage Collection (Proactive) 12M(60%)->10M(50%)
[2366.532s][info][gc] GC(2853) Garbage Collection (Proactive) 12M(60%)->10M(50%)
[2367.032s][info][gc] GC(2854) Garbage Collection (Proactive) 12M(60%)->10M(50%)
[2367.432s][info][gc] GC(2855) Garbage Collection (Proactive) 12M(60%)->10M(50%)
[2368.032s][info][gc] GC(2856) Garbage Collection (Proactive) 12M(60%)->10M(50%)
[2368.533s][info][gc] GC(2857) Garbage Collection (Proactive) 12M(60%)->10M(50%)
[2369.032s][info][gc] GC(2858) Garbage Collection (Proactive) 12M(60%)->10M(50%)
[2369.432s][info][gc] GC(2859) Garbage Collection (Proactive) 12M(60%)->10M(50%)
[2370.032s][info][gc] GC(2860) Garbage Collection (Proactive) 12M(60%)->10M(50%)
[2370.431s][info][gc] GC(2861) Garbage Collection (Proactive) 12M(60%)->10M(50%)
[2371.032s][info][gc] GC(2862) Garbage Collection (Proactive) 12M(60%)->10M(50%)
[2371.432s][info][gc] GC(2863) Garbage Collection (Proactive) 12M(60%)->10M(50%)
[2372.032s][info][gc] GC(2864) Garbage Collection (Proactive) 12M(60%)->10M(50%)
[2372.433s][info][gc] GC(2865) Garbage Collection (Proactive) 12M(60%)->10M(50%)
[2373.032s][info][gc] GC(2866) Garbage Collection (Proactive) 12M(60%)->10M(50%)
[2373.431s][info][gc] GC(2867) Garbage Collection (Proactive) 12M(60%)->10M(50%)
[2374.032s][info][gc] GC(2868) Garbage Collection (Proactive) 12M(60%)->12M(60%)
[2392.132s][info][gc] GC(2869) Garbage Collection (Proactive) 14M(70%)->10M(50%)
[2392.534s][info][gc] GC(2870) Garbage Collection (Proactive) 12M(60%)->10M(50%)
[2393.133s][info][gc] GC(2871) Garbage Collection (Proactive) 12M(60%)->10M(50%)
[2393.733s][info][gc] GC(2872) Garbage Collection (Proactive) 12M(60%)->10M(50%)
[2394.332s][info][gc] GC(2873) Garbage Collection (Proactive) 12M(60%)->10M(50%)
[2395.132s][info][gc] GC(2874) Garbage Collection (Proactive) 12M(60%)->10M(50%)
[2395.633s][info][gc] GC(2875) Garbage Collection (Proactive) 12M(60%)->10M(50%)
[2396.132s][info][gc] GC(2876) Garbage Collection (Proactive) 12M(60%)->10M(50%)
[2396.633s][info][gc] GC(2877) Garbage Collection (Proactive) 12M(60%)->10M(50%)
[2397.132s][info][gc] GC(2878) Garbage Collection (Proactive) 12M(60%)->10M(50%)
[2397.633s][info][gc] GC(2879) Garbage Collection (Proactive) 12M(60%)->10M(50%)
[2398.132s][info][gc] GC(2880) Garbage Collection (Proactive) 12M(60%)->10M(50%)
[2398.532s][info][gc] GC(2881) Garbage Collection (Proactive) 12M(60%)->10M(50%)
[2399.132s][info][gc] GC(2882) Garbage Collection (Proactive) 12M(60%)->10M(50%)
[2399.533s][info][gc] GC(2883) Garbage Collection (Proactive) 12M(60%)->10M(50%)
[2400.133s][info][gc] GC(2884) Garbage Collection (Proactive) 12M(60%)->10M(50%)
[2400.532s][info][gc] GC(2885) Garbage Collection (Proactive) 12M(60%)->10M(50%)
[2400.933s][info][gc] GC(2886) Garbage Collection (Proactive) 12M(60%)->10M(50%)
[2401.433s][info][gc] GC(2887) Garbage Collection (Proactive) 12M(60%)->10M(50%)
[2402.132s][info][gc] GC(2888) Garbage Collection (Proactive) 12M(60%)->10M(50%)
[2402.632s][info][gc] GC(2889) Garbage Collection (Proactive) 12M(60%)->10M(50%)
[2403.133s][info][gc] GC(2890) Garbage Collection (Proactive) 12M(60%)->10M(50%)
[2403.733s][info][gc] GC(2891) Garbage Collection (Proactive) 12M(60%)->10M(50%)
[2404.333s][info][gc] GC(2892) Garbage Collection (Proactive) 12M(60%)->10M(50%)
[2405.131s][info][gc] GC(2893) Garbage Collection (Proactive) 12M(60%)->10M(50%)
[2405.632s][info][gc] GC(2894) Garbage Collection (Proactive) 12M(60%)->10M(50%)
[2406.132s][info][gc] GC(2895) Garbage Collection (Proactive) 12M(60%)->10M(50%)
[2406.533s][info][gc] GC(2896) Garbage Collection (Proactive) 12M(60%)->10M(50%)
[2407.133s][info][gc] GC(2897) Garbage Collection (Proactive) 12M(60%)->10M(50%)
[2407.633s][info][gc] GC(2898) Garbage Collection (Proactive) 12M(60%)->10M(50%)
[2408.132s][info][gc] GC(2899) Garbage Collection (Proactive) 12M(60%)->10M(50%)
[2408.533s][info][gc] GC(2900) Garbage Collection (Proactive) 12M(60%)->10M(50%)
[2409.132s][info][gc] GC(2901) Garbage Collection (Proactive) 12M(60%)->10M(50%)
[2409.533s][info][gc] GC(2902) Garbage Collection (Proactive) 12M(60%)->10M(50%)
[2410.135s][info][gc] GC(2903) Garbage Collection (Proactive) 12M(60%)->10M(50%)
[2410.833s][info][gc] GC(2904) Garbage Collection (Proactive) 12M(60%)->10M(50%)
[2411.433s][info][gc] GC(2905) Garbage Collection (Proactive) 12M(60%)->10M(50%)
[2412.133s][info][gc] GC(2906) Garbage Collection (Proactive) 12M(60%)->10M(50%)
[2412.632s][info][gc] GC(2907) Garbage Collection (Proactive) 12M(60%)->10M(50%)
[2413.133s][info][gc] GC(2908) Garbage Collection (Proactive) 12M(60%)->10M(50%)
[2413.532s][info][gc] GC(2909) Garbage Collection (Proactive) 12M(60%)->10M(50%)
[2414.131s][info][gc] GC(2910) Garbage Collection (Proactive) 12M(60%)->10M(50%)
[2414.532s][info][gc] GC(2911) Garbage Collection (Proactive) 12M(60%)->10M(50%)
[2415.133s][info][gc] GC(2912) Garbage Collection (Proactive) 12M(60%)->10M(50%)
[2415.533s][info][gc] GC(2913) Garbage Collection (Proactive) 12M(60%)->10M(50%)
[2416.132s][info][gc] GC(2914) Garbage Collection (Proactive) 12M(60%)->10M(50%)
[2416.632s][info][gc] GC(2915) Garbage Collection (Proactive) 12M(60%)->10M(50%)
[2417.134s][info][gc] GC(2916) Garbage Collection (Proactive) 12M(60%)->10M(50%)
[2417.632s][info][gc] GC(2917) Garbage Collection (Proactive) 12M(60%)->10M(50%)
[2418.132s][info][gc] GC(2918) Garbage Collection (Proactive) 12M(60%)->10M(50%)
[2418.632s][info][gc] GC(2919) Garbage Collection (Proactive) 12M(60%)->10M(50%)
[2419.132s][info][gc] GC(2920) Garbage Collection (Proactive) 12M(60%)->10M(50%)
[2419.533s][info][gc] GC(2921) Garbage Collection (Proactive) 12M(60%)->10M(50%)
[2420.133s][info][gc] GC(2922) Garbage Collection (Proactive) 12M(60%)->10M(50%)
[2420.532s][info][gc] GC(2923) Garbage Collection (Proactive) 12M(60%)->10M(50%)
[2421.132s][info][gc] GC(2924) Garbage Collection (Proactive) 12M(60%)->10M(50%)
[2421.632s][info][gc] GC(2925) Garbage Collection (Proactive) 12M(60%)->10M(50%)
[2422.130s][info][gc] GC(2926) Garbage Collection (Proactive) 12M(60%)->10M(50%)
[2422.632s][info][gc] GC(2927) Garbage Collection (Proactive) 12M(60%)->10M(50%)
[2423.131s][info][gc] GC(2928) Garbage Collection (Proactive) 12M(60%)->10M(50%)
[2423.532s][info][gc] GC(2929) Garbage Collection (Proactive) 12M(60%)->10M(50%)
[2424.133s][info][gc] GC(2930) Garbage Collection (Proactive) 12M(60%)->10M(50%)
[2424.633s][info][gc] GC(2931) Garbage Collection (Proactive) 12M(60%)->10M(50%)
[2425.132s][info][gc] GC(2932) Garbage Collection (Proactive) 12M(60%)->10M(50%)
[2425.632s][info][gc] GC(2933) Garbage Collection (Proactive) 12M(60%)->10M(50%)
[2426.133s][info][gc] GC(2934) Garbage Collection (Proactive) 12M(60%)->10M(50%)
[2426.533s][info][gc] GC(2935) Garbage Collection (Proactive) 12M(60%)->10M(50%)
[2427.131s][info][gc] GC(2936) Garbage Collection (Proactive) 12M(60%)->10M(50%)
[2427.633s][info][gc] GC(2937) Garbage Collection (Proactive) 12M(60%)->10M(50%)
[2428.133s][info][gc] GC(2938) Garbage Collection (Proactive) 12M(60%)->10M(50%)
[2428.633s][info][gc] GC(2939) Garbage Collection (Proactive) 12M(60%)->10M(50%)
[2429.131s][info][gc] GC(2940) Garbage Collection (Proactive) 12M(60%)->10M(50%)
[2429.632s][info][gc] GC(2941) Garbage Collection (Proactive) 12M(60%)->10M(50%)
[2430.134s][info][gc] GC(2942) Garbage Collection (Proactive) 12M(60%)->10M(50%)
[2430.731s][info][gc] GC(2943) Garbage Collection (Proactive) 12M(60%)->10M(50%)
[2431.233s][info][gc] GC(2944) Garbage Collection (Proactive) 12M(60%)->10M(50%)
[2431.733s][info][gc] GC(2945) Garbage Collection (Proactive) 12M(60%)->10M(50%)
[2432.232s][info][gc] GC(2946) Garbage Collection (Proactive) 12M(60%)->10M(50%)
[2432.633s][info][gc] GC(2947) Garbage Collection (Proactive) 12M(60%)->10M(50%)
[2433.131s][info][gc] GC(2948) Garbage Collection (Proactive) 12M(60%)->10M(50%)
[2433.532s][info][gc] GC(2949) Garbage Collection (Proactive) 12M(60%)->10M(50%)
[2434.131s][info][gc] GC(2950) Garbage Collection (Proactive) 12M(60%)->10M(50%)
[2434.532s][info][gc] GC(2951) Garbage Collection (Proactive) 12M(60%)->10M(50%)
[2435.133s][info][gc] GC(2952) Garbage Collection (Proactive) 12M(60%)->10M(50%)
[2435.634s][info][gc] GC(2953) Garbage Collection (Proactive) 12M(60%)->10M(50%)
[2436.132s][info][gc] GC(2954) Garbage Collection (Proactive) 12M(60%)->10M(50%)
[2436.632s][info][gc] GC(2955) Garbage Collection (Proactive) 12M(60%)->10M(50%)
[2437.132s][info][gc] GC(2956) Garbage Collection (Proactive) 12M(60%)->10M(50%)
[2437.533s][info][gc] GC(2957) Garbage Collection (Proactive) 12M(60%)->10M(50%)
[2438.131s][info][gc] GC(2958) Garbage Collection (Proactive) 12M(60%)->10M(50%)
[2438.532s][info][gc] GC(2959) Garbage Collection (Proactive) 12M(60%)->10M(50%)
[2439.132s][info][gc] GC(2960) Garbage Collection (Proactive) 12M(60%)->10M(50%)
[2439.532s][info][gc] GC(2961) Garbage Collection (Proactive) 12M(60%)->10M(50%)
[2440.132s][info][gc] GC(2962) Garbage Collection (Proactive) 12M(60%)->10M(50%)
[2440.532s][info][gc] GC(2963) Garbage Collection (Proactive) 12M(60%)->10M(50%)
[2441.131s][info][gc] GC(2964) Garbage Collection (Proactive) 12M(60%)->10M(50%)
[2441.532s][info][gc] GC(2965) Garbage Collection (Proactive) 12M(60%)->10M(50%)
[2442.131s][info][gc] GC(2966) Garbage Collection (Proactive) 12M(60%)->10M(50%)
[2442.532s][info][gc] GC(2967) Garbage Collection (Proactive) 12M(60%)->10M(50%)
[2443.133s][info][gc] GC(2968) Garbage Collection (Proactive) 12M(60%)->10M(50%)
[2443.531s][info][gc] GC(2969) Garbage Collection (Proactive) 12M(60%)->10M(50%)
[2444.332s][info][gc] GC(2970) Garbage Collection (Proactive) 12M(60%)->10M(50%)
[2444.732s][info][gc] GC(2971) Garbage Collection (Proactive) 12M(60%)->10M(50%)
[2445.132s][info][gc] GC(2972) Garbage Collection (Proactive) 12M(60%)->10M(50%)
[2460.633s][info][gc] GC(2973) Garbage Collection (Proactive) 12M(60%)->10M(50%)
[2504.935s][info][gc] GC(2974) Garbage Collection (Proactive) 12M(60%)->10M(50%)
[2520.633s][info][gc] GC(2975) Garbage Collection (Proactive) 12M(60%)->10M(50%)
[2564.434s][info][gc] GC(2976) Garbage Collection (Proactive) 12M(60%)->12M(60%)
