[2025-11-20T00:48:08.510+0500][info][gc] Using Parallel
[2025-11-20T00:48:08.577+0500][info][gc] GC(0) Pause Young (Allocation Failure) 3M->1M(11M) 1.221ms
[2025-11-20T00:48:49.257+0500][info][gc] GC(1) Pause Young (Allocation Failure) 4M->3M(11M) 2.002ms
[2025-11-20T00:48:49.296+0500][info][gc] GC(2) Pause Young (Allocation Failure) 6M->4M(11M) 0.878ms
[2025-11-20T00:48:49.341+0500][info][gc] GC(3) Pause Young (Allocation Failure) 7M->4M(11M) 1.300ms
[2025-11-20T00:48:49.361+0500][info][gc] GC(4) Pause Young (Allocation Failure) 7M->6M(11M) 1.378ms
[2025-11-20T00:48:49.376+0500][info][gc] GC(5) Pause Young (Allocation Failure) 9M->7M(10M) 1.641ms
[2025-11-20T00:48:49.385+0500][info][gc] GC(6) Pause Full (Ergonomics) 7M->5M(11M) 8.901ms
[2025-11-20T00:48:50.147+0500][info][gc] GC(7) Pause Young (Allocation Failure) 7M->6M(11M) 0.943ms
[2025-11-20T00:48:50.182+0500][info][gc] GC(8) Pause Young (Allocation Failure) 8M->6M(11M) 0.772ms
[2025-11-20T00:48:50.201+0500][info][gc] GC(9) Pause Young (Allocation Failure) 8M->6M(11M) 0.706ms
[2025-11-20T00:48:50.271+0500][info][gc] GC(10) Pause Young (Allocation Failure) 8M->7M(11M) 1.244ms
[2025-11-20T00:48:50.281+0500][info][gc] GC(11) Pause Full (Ergonomics) 7M->5M(11M) 9.730ms
[2025-11-20T00:48:50.312+0500][info][gc] GC(12) Pause Young (Allocation Failure) 7M->5M(11M) 0.663ms
