[0.004s][info][gc] Using Serial
[0.072s][info][gc] GC(0) Pause Young (Allocation Failure) 3M->1M(11M) 1.774ms
[64.424s][info][gc] GC(1) Pause Young (Allocation Failure) 4M->4M(11M) 2.149ms
[64.428s][info][gc] GC(2) Pause Young (Allocation Failure) 7M->4M(11M) 0.449ms
[64.430s][info][gc] GC(3) Pause Young (Allocation Failure) 7M->4M(11M) 0.059ms
[64.432s][info][gc] GC(4) Pause Young (Allocation Failure) 7M->4M(11M) 0.115ms
[64.435s][info][gc] GC(5) Pause Young (Allocation Failure) 7M->5M(11M) 0.166ms
[64.437s][info][gc] GC(6) Pause Young (Allocation Failure) 8M->5M(11M) 0.051ms
[64.440s][info][gc] GC(7) Pause Young (Allocation Failure) 8M->5M(11M) 0.054ms
[64.442s][info][gc] GC(8) Pause Young (Allocation Failure) 8M->5M(11M) 0.124ms
[64.446s][info][gc] GC(9) Pause Young (Allocation Failure) 8M->5M(11M) 0.049ms
